#
# There is insufficient memory for the Java Runtime Environment to continue.
# Native memory allocation (mmap) failed to map 1321205760 bytes. Error detail: G1 virtual space
# Possible reasons:
#   The system is out of physical RAM or swap space
#   This process is running with CompressedOops enabled, and the Java Heap may be blocking the growth of the native heap
# Possible solutions:
#   Reduce memory load on the system
#   Increase physical memory or swap space
#   Check if swap backing store is full
#   Decrease Java heap size (-Xmx/-Xms)
#   Decrease number of Java threads
#   Decrease Java thread stack sizes (-Xss)
#   Set larger code cache with -XX:ReservedCodeCacheSize=
#   JVM is running with Zero Based Compressed Oops mode in which the Java heap is
#     placed in the first 32GB address space. The Java Heap base address is the
#     maximum limit for the native heap growth. Please use -XX:HeapBaseMinAddress
#     to set the Java Heap base and to place the Java Heap above 32GB virtual address.
# This output file may be truncated or incomplete.
#
#  Out of Memory Error (os_windows.cpp:3714), pid=13504, tid=19180
#
# JRE version: OpenJDK Runtime Environment Temurin-21.0.11+10 (21.0.11+10) (build 21.0.11+10-LTS)
# Java VM: OpenJDK 64-Bit Server VM Temurin-21.0.11+10 (21.0.11+10-LTS, mixed mode, sharing, tiered, compressed oops, compressed class ptrs, g1 gc, windows-amd64)
# No core dump will be written. Minidumps are not enabled by default on client versions of Windows
#

---------------  S U M M A R Y ------------

Command Line: --add-opens=java.base/java.lang=ALL-UNNAMED --add-opens=java.base/java.lang.invoke=ALL-UNNAMED --add-opens=java.base/java.util=ALL-UNNAMED --add-opens=java.prefs/java.util.prefs=ALL-UNNAMED --add-exports=jdk.compiler/com.sun.tools.javac.api=ALL-UNNAMED --add-exports=jdk.compiler/com.sun.tools.javac.util=ALL-UNNAMED --add-opens=java.base/java.util=ALL-UNNAMED --add-opens=java.prefs/java.util.prefs=ALL-UNNAMED --add-opens=java.base/java.nio.charset=ALL-UNNAMED --add-opens=java.base/java.net=ALL-UNNAMED --add-opens=java.base/java.util.concurrent=ALL-UNNAMED --add-opens=java.base/java.util.concurrent.atomic=ALL-UNNAMED --add-opens=java.xml/javax.xml.namespace=ALL-UNNAMED --add-opens=java.base/java.time=ALL-UNNAMED -XX:MaxMetaspaceSize=4G -XX:ReservedCodeCacheSize=512m -XX:+HeapDumpOnOutOfMemoryError -Xmx8G -Dfile.encoding=UTF-8 -Duser.country=US -Duser.language=en -Duser.variant -javaagent:D:\Gradle\wrapper\dists\gradle-9.1.0-all\7wzd0jkjit61aq2p43wpjgij9\gradle-9.1.0\lib\agents\gradle-instrumentation-agent-9.1.0.jar org.gradle.launcher.daemon.bootstrap.GradleDaemon 9.1.0

Host: Intel(R) Core(TM) i5-6300U CPU @ 2.40GHz, 4 cores, 7G,  Windows 10 , 64 bit Build 19041 (10.0.19041.5915)
Time: Thu Aug 20 14:48:46 2026 elapsed time: 430.809091 seconds (0d 0h 7m 10s)

---------------  T H R E A D  ---------------

Current thread (0x000001daf54b08c0):  VMThread "VM Thread"          [id=19180, stack(0x0000008b62900000,0x0000008b62a00000) (1024K)]

Stack: [0x0000008b62900000,0x0000008b62a00000]
Native frames: (J=compiled Java code, j=interpreted, Vv=VM code, C=native code)
V  [jvm.dll+0x6d7e19]
V  [jvm.dll+0x8b5096]
V  [jvm.dll+0x8b764e]
V  [jvm.dll+0x8b7d33]
V  [jvm.dll+0x284596]
V  [jvm.dll+0x6d4735]
V  [jvm.dll+0x6c845a]
V  [jvm.dll+0x35ef08]
V  [jvm.dll+0x366b46]
V  [jvm.dll+0x3b7c2e]
V  [jvm.dll+0x3b7ed8]
V  [jvm.dll+0x33310c]
V  [jvm.dll+0x333197]
V  [jvm.dll+0x376f6c]
V  [jvm.dll+0x37570e]
V  [jvm.dll+0x332851]
V  [jvm.dll+0x374d7a]
V  [jvm.dll+0x8bda20]
V  [jvm.dll+0x8bed94]
V  [jvm.dll+0x8bf2c0]
V  [jvm.dll+0x8bf563]
V  [jvm.dll+0x85fb0d]
V  [jvm.dll+0x6d664d]
C  [ucrtbase.dll+0x21bb2]
C  [KERNEL32.DLL+0x17374]
C  [ntdll.dll+0x4cc91]

VM_Operation (0x0000008b653fae50): G1CollectForAllocation, mode: safepoint, requested by thread 0x000001db12961a50


---------------  P R O C E S S  ---------------

Threads class SMR info:
_java_thread_list=0x000001db07ad1c80, length=89, elements={
0x000001dae3967450, 0x000001daf54c7870, 0x000001daf54c8680, 0x000001daf54cb1f0,
0x000001daf54cbc50, 0x000001daf54ce6c0, 0x000001daf54cf120, 0x000001daf54cfeb0,
0x000001daf54d1b10, 0x000001daf56a8f90, 0x000001daf56e53a0, 0x000001daf5588dd0,
0x000001dafb804070, 0x000001dafa859660, 0x000001dafa93eb20, 0x000001dafa7d1e70,
0x000001dafaca06d0, 0x000001dafa87e8f0, 0x000001dafa87ef80, 0x000001dafa8809c0,
0x000001dafa8816e0, 0x000001dafa87e260, 0x000001dafa880330, 0x000001dafa881050,
0x000001dafbc4cf40, 0x000001dafbc48710, 0x000001dafbc4bb90, 0x000001dafbc49430,
0x000001dafbc49ac0, 0x000001dafbc4c220, 0x000001dafbc4a150, 0x000001dafbc4e980,
0x000001dafbc4d5d0, 0x000001dafbc4a7e0, 0x000001dafbc4ae70, 0x000001dafbc479f0,
0x000001db129606a0, 0x000001db1295f2f0, 0x000001db1295f980, 0x000001db12960010,
0x000001db129613c0, 0x000001db12961a50, 0x000001db12962770, 0x000001db12963490,
0x000001db12963b20, 0x000001db128810e0, 0x000001db14bacd70, 0x000001db14bad400,
0x000001db14ba8bd0, 0x000001db14aee9c0, 0x000001db14aec8f0, 0x000001db14aecf80,
0x000001db14ae9b00, 0x000001db14aea190, 0x000001db14aea820, 0x000001db14aeaeb0,
0x000001db14aeb540, 0x000001db14aef6e0, 0x000001db14aebbd0, 0x000001dafc45dbe0,
0x000001db135c0000, 0x000001db135be5c0, 0x000001db135bdf30, 0x000001db135bd8a0,
0x000001db135ba420, 0x000001db135bec50, 0x000001db135bf2e0, 0x000001db135baab0,
0x000001db135b9070, 0x000001db135bf970, 0x000001db135c0690, 0x000001db135b9700,
0x000001db135bbe60, 0x000001db14aedca0, 0x000001db0757a2d0, 0x000001db075767c0,
0x000001db07581f80, 0x000001db07580bd0, 0x000001db08b90d40, 0x000001db08b934a0,
0x000001db08b941c0, 0x000001db08b95c00, 0x000001db08b920f0, 0x000001db08b92e10,
0x000001db08b90020, 0x000001db08b906b0, 0x000001db08b96920, 0x000001db08b98360,
0x000001db08b9aac0
}

Java Threads: ( => current thread )
  0x000001dae3967450 JavaThread "main"                              [_thread_blocked, id=4112, stack(0x0000008b62200000,0x0000008b62300000) (1024K)]
  0x000001daf54c7870 JavaThread "Reference Handler"          daemon [_thread_blocked, id=6416, stack(0x0000008b62a00000,0x0000008b62b00000) (1024K)]
  0x000001daf54c8680 JavaThread "Finalizer"                  daemon [_thread_blocked, id=10672, stack(0x0000008b62b00000,0x0000008b62c00000) (1024K)]
  0x000001daf54cb1f0 JavaThread "Signal Dispatcher"          daemon [_thread_blocked, id=21648, stack(0x0000008b62c00000,0x0000008b62d00000) (1024K)]
  0x000001daf54cbc50 JavaThread "Attach Listener"            daemon [_thread_blocked, id=3624, stack(0x0000008b62d00000,0x0000008b62e00000) (1024K)]
  0x000001daf54ce6c0 JavaThread "Service Thread"             daemon [_thread_blocked, id=14492, stack(0x0000008b62e00000,0x0000008b62f00000) (1024K)]
  0x000001daf54cf120 JavaThread "Monitor Deflation Thread"   daemon [_thread_blocked, id=19396, stack(0x0000008b62f00000,0x0000008b63000000) (1024K)]
  0x000001daf54cfeb0 JavaThread "C2 CompilerThread0"         daemon [_thread_in_native, id=3964, stack(0x0000008b63000000,0x0000008b63100000) (1024K)]
  0x000001daf54d1b10 JavaThread "C1 CompilerThread0"         daemon [_thread_blocked, id=21016, stack(0x0000008b63100000,0x0000008b63200000) (1024K)]
  0x000001daf56a8f90 JavaThread "Common-Cleaner"             daemon [_thread_blocked, id=9272, stack(0x0000008b63200000,0x0000008b63300000) (1024K)]
  0x000001daf56e53a0 JavaThread "Notification Thread"        daemon [_thread_blocked, id=17476, stack(0x0000008b63300000,0x0000008b63400000) (1024K)]
  0x000001daf5588dd0 JavaThread "Daemon health stats"               [_thread_blocked, id=17540, stack(0x0000008b63700000,0x0000008b63800000) (1024K)]
  0x000001dafb804070 JavaThread "Incoming local TCP Connector on port 55043"        [_thread_in_native, id=8048, stack(0x0000008b63800000,0x0000008b63900000) (1024K)]
  0x000001dafa859660 JavaThread "Daemon periodic checks"            [_thread_blocked, id=14348, stack(0x0000008b63900000,0x0000008b63a00000) (1024K)]
  0x000001dafa93eb20 JavaThread "Daemon"                            [_thread_blocked, id=9732, stack(0x0000008b63a00000,0x0000008b63b00000) (1024K)]
  0x000001dafa7d1e70 JavaThread "Handler for socket connection from /127.0.0.1:55043 to /127.0.0.1:55044"        [_thread_in_native, id=5740, stack(0x0000008b63b00000,0x0000008b63c00000) (1024K)]
  0x000001dafaca06d0 JavaThread "Cancel handler"                    [_thread_blocked, id=2984, stack(0x0000008b63c00000,0x0000008b63d00000) (1024K)]
  0x000001dafa87e8f0 JavaThread "Daemon worker"                     [_thread_blocked, id=12008, stack(0x0000008b63d00000,0x0000008b63e00000) (1024K)]
  0x000001dafa87ef80 JavaThread "Asynchronous log dispatcher for DefaultDaemonConnection: socket connection from /127.0.0.1:55043 to /127.0.0.1:55044"        [_thread_blocked, id=124, stack(0x0000008b63e00000,0x0000008b63f00000) (1024K)]
  0x000001dafa8809c0 JavaThread "Stdin handler"                     [_thread_blocked, id=11844, stack(0x0000008b63f00000,0x0000008b64000000) (1024K)]
  0x000001dafa8816e0 JavaThread "Daemon client event forwarder"        [_thread_blocked, id=5044, stack(0x0000008b64000000,0x0000008b64100000) (1024K)]
  0x000001dafa87e260 JavaThread "Cache worker for journal cache (D:\Gradle\caches\journal-1)"        [_thread_blocked, id=22504, stack(0x0000008b64100000,0x0000008b64200000) (1024K)]
  0x000001dafa880330 JavaThread "File lock request listener"        [_thread_in_native, id=20692, stack(0x0000008b64200000,0x0000008b64300000) (1024K)]
  0x000001dafa881050 JavaThread "Cache worker for file hash cache (D:\Gradle\caches\9.1.0\fileHashes)"        [_thread_blocked, id=19076, stack(0x0000008b64300000,0x0000008b64400000) (1024K)]
  0x000001dafbc4cf40 JavaThread "Cache worker for file hash cache (D:\MassarBus\massarbus_parent\android\.gradle\9.1.0\fileHashes)"        [_thread_blocked, id=19036, stack(0x0000008b64500000,0x0000008b64600000) (1024K)]
  0x000001dafbc48710 JavaThread "Cache worker for Build Output Cleanup Cache (D:\MassarBus\massarbus_parent\android\.gradle\buildOutputCleanup)"        [_thread_blocked, id=16544, stack(0x0000008b64600000,0x0000008b64700000) (1024K)]
  0x000001dafbc4bb90 JavaThread "File watcher server"        daemon [_thread_in_native, id=16400, stack(0x0000008b64700000,0x0000008b64800000) (1024K)]
  0x000001dafbc49430 JavaThread "File watcher consumer"      daemon [_thread_blocked, id=18116, stack(0x0000008b64800000,0x0000008b64900000) (1024K)]
  0x000001dafbc49ac0 JavaThread "jar transforms"                    [_thread_blocked, id=21148, stack(0x0000008b64900000,0x0000008b64a00000) (1024K)]
  0x000001dafbc4c220 JavaThread "jar transforms Thread 2"           [_thread_blocked, id=17392, stack(0x0000008b64a00000,0x0000008b64b00000) (1024K)]
  0x000001dafbc4a150 JavaThread "jar transforms Thread 3"           [_thread_blocked, id=21836, stack(0x0000008b64b00000,0x0000008b64c00000) (1024K)]
  0x000001dafbc4e980 JavaThread "Cache worker for checksums cache (D:\MassarBus\massarbus_parent\android\.gradle\9.1.0\checksums)"        [_thread_blocked, id=21820, stack(0x0000008b64c00000,0x0000008b64d00000) (1024K)]
  0x000001dafbc4d5d0 JavaThread "Cache worker for file content cache (D:\Gradle\caches\9.1.0\fileContent)"        [_thread_blocked, id=8712, stack(0x0000008b64d00000,0x0000008b64e00000) (1024K)]
  0x000001dafbc4a7e0 JavaThread "Cache worker for cache directory md-supplier (D:\Gradle\caches\9.1.0\md-supplier)"        [_thread_blocked, id=11852, stack(0x0000008b64e00000,0x0000008b64f00000) (1024K)]
  0x000001dafbc4ae70 JavaThread "Cache worker for cache directory md-rule (D:\Gradle\caches\9.1.0\md-rule)"        [_thread_blocked, id=21092, stack(0x0000008b64f00000,0x0000008b65000000) (1024K)]
  0x000001dafbc479f0 JavaThread "jar transforms Thread 4"           [_thread_blocked, id=17384, stack(0x0000008b65000000,0x0000008b65100000) (1024K)]
  0x000001db129606a0 JavaThread "Cache worker for Build Output Cleanup Cache (D:\flutter\packages\flutter_tools\gradle\.gradle\buildOutputCleanup)"        [_thread_blocked, id=18648, stack(0x0000008b61f00000,0x0000008b62000000) (1024K)]
  0x000001db1295f2f0 JavaThread "Unconstrained build operations"        [_thread_blocked, id=17280, stack(0x0000008b62000000,0x0000008b62100000) (1024K)]
  0x000001db1295f980 JavaThread "Unconstrained build operations Thread 2"        [_thread_blocked, id=15492, stack(0x0000008b62100000,0x0000008b62200000) (1024K)]
  0x000001db12960010 JavaThread "Unconstrained build operations Thread 3"        [_thread_blocked, id=6916, stack(0x0000008b65100000,0x0000008b65200000) (1024K)]
  0x000001db129613c0 JavaThread "Unconstrained build operations Thread 4"        [_thread_blocked, id=19128, stack(0x0000008b65200000,0x0000008b65300000) (1024K)]
  0x000001db12961a50 JavaThread "Unconstrained build operations Thread 5"        [_thread_blocked, id=22380, stack(0x0000008b65300000,0x0000008b65400000) (1024K)]
  0x000001db12962770 JavaThread "Unconstrained build operations Thread 6"        [_thread_blocked, id=20896, stack(0x0000008b65400000,0x0000008b65500000) (1024K)]
  0x000001db12963490 JavaThread "Unconstrained build operations Thread 7"        [_thread_blocked, id=22100, stack(0x0000008b65500000,0x0000008b65600000) (1024K)]
  0x000001db12963b20 JavaThread "Unconstrained build operations Thread 8"        [_thread_blocked, id=13324, stack(0x0000008b65600000,0x0000008b65700000) (1024K)]
  0x000001db128810e0 JavaThread "Unconstrained build operations Thread 9"        [_thread_blocked, id=21392, stack(0x0000008b65700000,0x0000008b65800000) (1024K)]
  0x000001db14bacd70 JavaThread "Memory manager"                    [_thread_blocked, id=19108, stack(0x0000008b65800000,0x0000008b65900000) (1024K)]
  0x000001db14bad400 JavaThread "build event listener"              [_thread_blocked, id=14496, stack(0x0000008b65900000,0x0000008b65a00000) (1024K)]
  0x000001db14ba8bd0 JavaThread "Kotlin DSL Writer"                 [_thread_blocked, id=17876, stack(0x0000008b65a00000,0x0000008b65b00000) (1024K)]
  0x000001db14aee9c0 JavaThread "Execution worker"                  [_thread_blocked, id=19480, stack(0x0000008b65e00000,0x0000008b65f00000) (1024K)]
  0x000001db14aec8f0 JavaThread "Execution worker Thread 2"         [_thread_blocked, id=9404, stack(0x0000008b65f00000,0x0000008b66000000) (1024K)]
  0x000001db14aecf80 JavaThread "Execution worker Thread 3"         [_thread_blocked, id=6988, stack(0x0000008b66000000,0x0000008b66100000) (1024K)]
  0x000001db14ae9b00 JavaThread "Cache worker for execution history cache (D:\flutter\packages\flutter_tools\gradle\.gradle\9.1.0\executionHistory)"        [_thread_blocked, id=15768, stack(0x0000008b66100000,0x0000008b66200000) (1024K)]
  0x000001db14aea190 JavaThread "Unconstrained build operations Thread 10"        [_thread_blocked, id=8480, stack(0x0000008b66200000,0x0000008b66300000) (1024K)]
  0x000001db14aea820 JavaThread "Unconstrained build operations Thread 11"        [_thread_blocked, id=21116, stack(0x0000008b66300000,0x0000008b66400000) (1024K)]
  0x000001db14aeaeb0 JavaThread "Unconstrained build operations Thread 12"        [_thread_blocked, id=20192, stack(0x0000008b66400000,0x0000008b66500000) (1024K)]
  0x000001db14aeb540 JavaThread "Unconstrained build operations Thread 13"        [_thread_blocked, id=2456, stack(0x0000008b66500000,0x0000008b66600000) (1024K)]
  0x000001db14aef6e0 JavaThread "Unconstrained build operations Thread 14"        [_thread_blocked, id=6140, stack(0x0000008b66600000,0x0000008b66700000) (1024K)]
  0x000001db14aebbd0 JavaThread "Unconstrained build operations Thread 15"        [_thread_blocked, id=504, stack(0x0000008b66700000,0x0000008b66800000) (1024K)]
  0x000001dafc45dbe0 JavaThread "Unconstrained build operations Thread 16"        [_thread_blocked, id=5568, stack(0x0000008b66800000,0x0000008b66900000) (1024K)]
  0x000001db135c0000 JavaThread "Unconstrained build operations Thread 17"        [_thread_blocked, id=20720, stack(0x0000008b66900000,0x0000008b66a00000) (1024K)]
  0x000001db135be5c0 JavaThread "Unconstrained build operations Thread 18"        [_thread_blocked, id=900, stack(0x0000008b66a00000,0x0000008b66b00000) (1024K)]
  0x000001db135bdf30 JavaThread "Unconstrained build operations Thread 19"        [_thread_blocked, id=20908, stack(0x0000008b66b00000,0x0000008b66c00000) (1024K)]
  0x000001db135bd8a0 JavaThread "Unconstrained build operations Thread 20"        [_thread_blocked, id=6776, stack(0x0000008b66c00000,0x0000008b66d00000) (1024K)]
  0x000001db135ba420 JavaThread "Unconstrained build operations Thread 21"        [_thread_blocked, id=16788, stack(0x0000008b66d00000,0x0000008b66e00000) (1024K)]
  0x000001db135bec50 JavaThread "Unconstrained build operations Thread 22"        [_thread_blocked, id=10860, stack(0x0000008b66e00000,0x0000008b66f00000) (1024K)]
  0x000001db135bf2e0 JavaThread "Unconstrained build operations Thread 23"        [_thread_blocked, id=8580, stack(0x0000008b66f00000,0x0000008b67000000) (1024K)]
  0x000001db135baab0 JavaThread "Unconstrained build operations Thread 24"        [_thread_blocked, id=7708, stack(0x0000008b67000000,0x0000008b67100000) (1024K)]
  0x000001db135b9070 JavaThread "Unconstrained build operations Thread 25"        [_thread_blocked, id=3204, stack(0x0000008b67100000,0x0000008b67200000) (1024K)]
  0x000001db135bf970 JavaThread "Unconstrained build operations Thread 26"        [_thread_blocked, id=14344, stack(0x0000008b67200000,0x0000008b67300000) (1024K)]
  0x000001db135c0690 JavaThread "Unconstrained build operations Thread 27"        [_thread_blocked, id=14080, stack(0x0000008b67300000,0x0000008b67400000) (1024K)]
  0x000001db135b9700 JavaThread "Unconstrained build operations Thread 28"        [_thread_blocked, id=15872, stack(0x0000008b67400000,0x0000008b67500000) (1024K)]
  0x000001db135bbe60 JavaThread "Unconstrained build operations Thread 29"        [_thread_blocked, id=21184, stack(0x0000008b67500000,0x0000008b67600000) (1024K)]
  0x000001db14aedca0 JavaThread "Kotlin DSL Writer"                 [_thread_blocked, id=13008, stack(0x0000008b67800000,0x0000008b67900000) (1024K)]
  0x000001db0757a2d0 JavaThread "build event listener"              [_thread_blocked, id=17584, stack(0x0000008b65b00000,0x0000008b65c00000) (1024K)]
  0x000001db075767c0 JavaThread "build event listener"              [_thread_blocked, id=21552, stack(0x0000008b65d00000,0x0000008b65e00000) (1024K)]
  0x000001db07581f80 JavaThread "File lock release action executor Thread 3"        [_thread_blocked, id=22420, stack(0x0000008b67900000,0x0000008b67a00000) (1024K)]
  0x000001db07580bd0 JavaThread "Problems report writer"            [_thread_blocked, id=11532, stack(0x0000008b67b00000,0x0000008b67c00000) (1024K)]
  0x000001db08b90d40 JavaThread "Unconstrained build operations Thread 30"        [_thread_blocked, id=19160, stack(0x0000008b67c00000,0x0000008b67d00000) (1024K)]
  0x000001db08b934a0 JavaThread "Unconstrained build operations Thread 31"        [_thread_blocked, id=20368, stack(0x0000008b67d00000,0x0000008b67e00000) (1024K)]
  0x000001db08b941c0 JavaThread "Unconstrained build operations Thread 32"        [_thread_blocked, id=10208, stack(0x0000008b67e00000,0x0000008b67f00000) (1024K)]
  0x000001db08b95c00 JavaThread "Unconstrained build operations Thread 33"        [_thread_blocked, id=6876, stack(0x0000008b67f00000,0x0000008b68000000) (1024K)]
  0x000001db08b920f0 JavaThread "Unconstrained build operations Thread 34"        [_thread_blocked, id=3620, stack(0x0000008b68000000,0x0000008b68100000) (1024K)]
  0x000001db08b92e10 JavaThread "Unconstrained build operations Thread 35"        [_thread_blocked, id=9048, stack(0x0000008b68100000,0x0000008b68200000) (1024K)]
  0x000001db08b90020 JavaThread "Unconstrained build operations Thread 36"        [_thread_blocked, id=8128, stack(0x0000008b68200000,0x0000008b68300000) (1024K)]
  0x000001db08b906b0 JavaThread "Unconstrained build operations Thread 37"        [_thread_blocked, id=21808, stack(0x0000008b68300000,0x0000008b68400000) (1024K)]
  0x000001db08b96920 JavaThread "Unconstrained build operations Thread 38"        [_thread_blocked, id=20380, stack(0x0000008b68400000,0x0000008b68500000) (1024K)]
  0x000001db08b98360 JavaThread "Unconstrained build operations Thread 39"        [_thread_blocked, id=13676, stack(0x0000008b64400000,0x0000008b64500000) (1024K)]
  0x000001db08b9aac0 JavaThread "Unconstrained build operations Thread 40"        [_thread_blocked, id=9336, stack(0x0000008b67700000,0x0000008b67800000) (1024K)]
Total: 89

Other Threads:
=>0x000001daf54b08c0 VMThread "VM Thread"                           [id=19180, stack(0x0000008b62900000,0x0000008b62a00000) (1024K)]
  0x000001daf549c350 WatcherThread "VM Periodic Task Thread"        [id=10864, stack(0x0000008b62800000,0x0000008b62900000) (1024K)]
  0x000001dae5c89b50 WorkerThread "GC Thread#0"                     [id=18164, stack(0x0000008b62300000,0x0000008b62400000) (1024K)]
  0x000001daf5777a10 WorkerThread "GC Thread#1"                     [id=15816, stack(0x0000008b63400000,0x0000008b63500000) (1024K)]
  0x000001daf5777dc0 WorkerThread "GC Thread#2"                     [id=580, stack(0x0000008b63500000,0x0000008b63600000) (1024K)]
  0x000001daf5834300 WorkerThread "GC Thread#3"                     [id=12636, stack(0x0000008b63600000,0x0000008b63700000) (1024K)]
  0x000001dae5c9a8f0 ConcurrentGCThread "G1 Main Marker"            [id=18296, stack(0x0000008b62400000,0x0000008b62500000) (1024K)]
  0x000001dae5c9b1b0 WorkerThread "G1 Conc#0"                       [id=16912, stack(0x0000008b62500000,0x0000008b62600000) (1024K)]
  0x000001daf536cc40 ConcurrentGCThread "G1 Refine#0"               [id=15028, stack(0x0000008b62600000,0x0000008b62700000) (1024K)]
  0x000001daf536d570 ConcurrentGCThread "G1 Service"                [id=14160, stack(0x0000008b62700000,0x0000008b62800000) (1024K)]
Total: 10

Threads with active compile tasks:
C2 CompilerThread0  430942 32122       4       org.objectweb.asm.ClassReader::readCode (5117 bytes)
Total: 1

VM state: at safepoint (normal execution)

VM Mutex/Monitor currently owned by a thread:  ([mutex/lock_event])
[0x00007fff4bf9f570] Threads_lock - owner thread: 0x000001daf54b08c0
[0x00007fff4bf9f670] Heap_lock - owner thread: 0x000001db12961a50

Heap address: 0x0000000600000000, size: 8192 MB, Compressed Oops mode: Zero based, Oop shift amount: 3

CDS archive(s) mapped at: [0x000001daa0000000-0x000001daa0ba0000-0x000001daa0ba0000), size 12189696, SharedBaseAddress: 0x000001daa0000000, ArchiveRelocationMode: 1.
Compressed class space mapped at: 0x000001daa1000000-0x000001dae1000000, reserved size: 1073741824
Narrow klass base: 0x000001daa0000000, Narrow klass shift: 0, Narrow klass range: 0x100000000

GC Precious Log:
 CardTable entry size: 512
 Card Set container configuration: InlinePtr #cards 4 size 8 Array Of Cards #cards 32 size 80 Howl #buckets 8 coarsen threshold 7372 Howl Bitmap #cards 1024 size 144 coarsen threshold 921 Card regions per heap region 1 cards per card region 8192
 CPUs: 4 total, 4 available
 Memory: 8071M
 Large Page Support: Disabled
 NUMA Support: Disabled
 Compressed Oops: Enabled (Zero based)
 Heap Region Size: 4M
 Heap Min Capacity: 8M
 Heap Initial Capacity: 128M
 Heap Max Capacity: 8G
 Pre-touch: Disabled
 Parallel Workers: 4
 Concurrent Workers: 1
 Concurrent Refinement Workers: 4
 Periodic GC: Disabled

Heap:
 garbage-first heap   total 954368K, used 309471K [0x0000000600000000, 0x0000000800000000)
  region size 4096K, 2 young (8192K), 2 survivors (8192K)
 Metaspace       used 200463K, committed 203648K, reserved 1245184K
  class space    used 25902K, committed 27456K, reserved 1048576K

Heap Regions: E=young(eden), S=young(survivor), O=old, HS=humongous(starts), HC=humongous(continues), CS=collection set, F=free, TAMS=top-at-mark-start, PB=parsable bottom
|   0|0x0000000600000000, 0x0000000600400000, 0x0000000600400000|100%|HS|  |TAMS 0x0000000600000000| PB 0x0000000600000000| Complete 
|   1|0x0000000600400000, 0x0000000600800000, 0x0000000600800000|100%| O|  |TAMS 0x0000000600400000| PB 0x0000000600400000| Untracked 
|   2|0x0000000600800000, 0x0000000600c00000, 0x0000000600c00000|100%| O|  |TAMS 0x0000000600800000| PB 0x0000000600800000| Untracked 
|   3|0x0000000600c00000, 0x0000000601000000, 0x0000000601000000|100%| O|  |TAMS 0x0000000600c00000| PB 0x0000000600c00000| Untracked 
|   4|0x0000000601000000, 0x0000000601400000, 0x0000000601400000|100%| O|  |TAMS 0x0000000601000000| PB 0x0000000601000000| Untracked 
|   5|0x0000000601400000, 0x0000000601800000, 0x0000000601800000|100%| O|  |TAMS 0x0000000601400000| PB 0x0000000601400000| Untracked 
|   6|0x0000000601800000, 0x0000000601c00000, 0x0000000601c00000|100%| O|  |TAMS 0x0000000601800000| PB 0x0000000601800000| Untracked 
|   7|0x0000000601c00000, 0x0000000602000000, 0x0000000602000000|100%| O|  |TAMS 0x0000000601c00000| PB 0x0000000601c00000| Untracked 
|   8|0x0000000602000000, 0x0000000602400000, 0x0000000602400000|100%| O|  |TAMS 0x0000000602000000| PB 0x0000000602000000| Untracked 
|   9|0x0000000602400000, 0x0000000602800000, 0x0000000602800000|100%| O|  |TAMS 0x0000000602400000| PB 0x0000000602400000| Untracked 
|  10|0x0000000602800000, 0x0000000602c00000, 0x0000000602c00000|100%| O|  |TAMS 0x0000000602800000| PB 0x0000000602800000| Untracked 
|  11|0x0000000602c00000, 0x0000000603000000, 0x0000000603000000|100%| O|  |TAMS 0x0000000602c00000| PB 0x0000000602c00000| Untracked 
|  12|0x0000000603000000, 0x0000000603400000, 0x0000000603400000|100%| O|  |TAMS 0x0000000603000000| PB 0x0000000603000000| Untracked 
|  13|0x0000000603400000, 0x0000000603800000, 0x0000000603800000|100%| O|  |TAMS 0x0000000603400000| PB 0x0000000603400000| Untracked 
|  14|0x0000000603800000, 0x0000000603c00000, 0x0000000603c00000|100%| O|  |TAMS 0x0000000603800000| PB 0x0000000603800000| Untracked 
|  15|0x0000000603c00000, 0x0000000604000000, 0x0000000604000000|100%| O|  |TAMS 0x0000000603c00000| PB 0x0000000603c00000| Untracked 
|  16|0x0000000604000000, 0x0000000604400000, 0x0000000604400000|100%| O|  |TAMS 0x0000000604000000| PB 0x0000000604000000| Untracked 
|  17|0x0000000604400000, 0x0000000604800000, 0x0000000604800000|100%| O|  |TAMS 0x0000000604400000| PB 0x0000000604400000| Untracked 
|  18|0x0000000604800000, 0x0000000604c00000, 0x0000000604c00000|100%| O|  |TAMS 0x0000000604800000| PB 0x0000000604800000| Untracked 
|  19|0x0000000604c00000, 0x0000000605000000, 0x0000000605000000|100%| O|  |TAMS 0x0000000604c00000| PB 0x0000000604c00000| Untracked 
|  20|0x0000000605000000, 0x0000000605400000, 0x0000000605400000|100%| O|  |TAMS 0x0000000605000000| PB 0x0000000605000000| Untracked 
|  21|0x0000000605400000, 0x0000000605800000, 0x0000000605800000|100%| O|  |TAMS 0x0000000605400000| PB 0x0000000605400000| Untracked 
|  22|0x0000000605800000, 0x0000000605c00000, 0x0000000605c00000|100%| O|  |TAMS 0x0000000605800000| PB 0x0000000605800000| Untracked 
|  23|0x0000000605c00000, 0x0000000606000000, 0x0000000606000000|100%| O|  |TAMS 0x0000000605c00000| PB 0x0000000605c00000| Untracked 
|  24|0x0000000606000000, 0x0000000606400000, 0x0000000606400000|100%| O|  |TAMS 0x0000000606000000| PB 0x0000000606000000| Untracked 
|  25|0x0000000606400000, 0x0000000606800000, 0x0000000606800000|100%| O|  |TAMS 0x0000000606400000| PB 0x0000000606400000| Untracked 
|  26|0x0000000606800000, 0x0000000606c00000, 0x0000000606c00000|100%| O|  |TAMS 0x0000000606800000| PB 0x0000000606800000| Untracked 
|  27|0x0000000606c00000, 0x0000000607000000, 0x0000000607000000|100%| O|  |TAMS 0x0000000606c00000| PB 0x0000000606c00000| Untracked 
|  28|0x0000000607000000, 0x0000000607400000, 0x0000000607400000|100%| O|  |TAMS 0x0000000607000000| PB 0x0000000607000000| Untracked 
|  29|0x0000000607400000, 0x0000000607800000, 0x0000000607800000|100%| O|  |TAMS 0x0000000607400000| PB 0x0000000607400000| Untracked 
|  30|0x0000000607800000, 0x0000000607c00000, 0x0000000607c00000|100%| O|  |TAMS 0x0000000607800000| PB 0x0000000607800000| Untracked 
|  31|0x0000000607c00000, 0x0000000608000000, 0x0000000608000000|100%| O|  |TAMS 0x0000000607c00000| PB 0x0000000607c00000| Untracked 
|  32|0x0000000608000000, 0x0000000608400000, 0x0000000608400000|100%| O|  |TAMS 0x0000000608000000| PB 0x0000000608000000| Untracked 
|  33|0x0000000608400000, 0x0000000608800000, 0x0000000608800000|100%| O|  |TAMS 0x0000000608400000| PB 0x0000000608400000| Untracked 
|  34|0x0000000608800000, 0x0000000608c00000, 0x0000000608c00000|100%| O|  |TAMS 0x0000000608800000| PB 0x0000000608800000| Untracked 
|  35|0x0000000608c00000, 0x0000000609000000, 0x0000000609000000|100%| O|  |TAMS 0x0000000608c00000| PB 0x0000000608c00000| Untracked 
|  36|0x0000000609000000, 0x0000000609400000, 0x0000000609400000|100%| O|  |TAMS 0x0000000609000000| PB 0x0000000609000000| Untracked 
|  37|0x0000000609400000, 0x0000000609800000, 0x0000000609800000|100%| O|  |TAMS 0x0000000609400000| PB 0x0000000609400000| Untracked 
|  38|0x0000000609800000, 0x0000000609c00000, 0x0000000609c00000|100%| O|  |TAMS 0x0000000609800000| PB 0x0000000609800000| Untracked 
|  39|0x0000000609c00000, 0x000000060a000000, 0x000000060a000000|100%| O|  |TAMS 0x0000000609c00000| PB 0x0000000609c00000| Untracked 
|  40|0x000000060a000000, 0x000000060a400000, 0x000000060a400000|100%| O|  |TAMS 0x000000060a000000| PB 0x000000060a000000| Untracked 
|  41|0x000000060a400000, 0x000000060a800000, 0x000000060a800000|100%| O|  |TAMS 0x000000060a400000| PB 0x000000060a400000| Untracked 
|  42|0x000000060a800000, 0x000000060ac00000, 0x000000060ac00000|100%| O|  |TAMS 0x000000060a800000| PB 0x000000060a800000| Untracked 
|  43|0x000000060ac00000, 0x000000060b000000, 0x000000060b000000|100%| O|  |TAMS 0x000000060ac00000| PB 0x000000060ac00000| Untracked 
|  44|0x000000060b000000, 0x000000060b400000, 0x000000060b400000|100%| O|  |TAMS 0x000000060b000000| PB 0x000000060b000000| Untracked 
|  45|0x000000060b400000, 0x000000060b800000, 0x000000060b800000|100%| O|  |TAMS 0x000000060b400000| PB 0x000000060b400000| Untracked 
|  46|0x000000060b800000, 0x000000060bc00000, 0x000000060bc00000|100%| O|  |TAMS 0x000000060b800000| PB 0x000000060b800000| Untracked 
|  47|0x000000060bc00000, 0x000000060c000000, 0x000000060c000000|100%| O|  |TAMS 0x000000060bc00000| PB 0x000000060bc00000| Untracked 
|  48|0x000000060c000000, 0x000000060c400000, 0x000000060c400000|100%| O|  |TAMS 0x000000060c000000| PB 0x000000060c000000| Untracked 
|  49|0x000000060c400000, 0x000000060c800000, 0x000000060c800000|100%| O|  |TAMS 0x000000060c400000| PB 0x000000060c400000| Untracked 
|  50|0x000000060c800000, 0x000000060cc00000, 0x000000060cc00000|100%| O|  |TAMS 0x000000060c800000| PB 0x000000060c800000| Untracked 
|  51|0x000000060cc00000, 0x000000060d000000, 0x000000060d000000|100%| O|  |TAMS 0x000000060cc00000| PB 0x000000060cc00000| Untracked 
|  52|0x000000060d000000, 0x000000060d400000, 0x000000060d400000|100%| O|  |TAMS 0x000000060d000000| PB 0x000000060d000000| Untracked 
|  53|0x000000060d400000, 0x000000060d800000, 0x000000060d800000|100%| O|  |TAMS 0x000000060d400000| PB 0x000000060d400000| Untracked 
|  54|0x000000060d800000, 0x000000060dc00000, 0x000000060dc00000|100%| O|  |TAMS 0x000000060d800000| PB 0x000000060d800000| Untracked 
|  55|0x000000060dc00000, 0x000000060e000000, 0x000000060e000000|100%| O|  |TAMS 0x000000060dc00000| PB 0x000000060dc00000| Untracked 
|  56|0x000000060e000000, 0x000000060e400000, 0x000000060e400000|100%| O|  |TAMS 0x000000060e000000| PB 0x000000060e000000| Untracked 
|  57|0x000000060e400000, 0x000000060e800000, 0x000000060e800000|100%| O|  |TAMS 0x000000060e400000| PB 0x000000060e400000| Untracked 
|  58|0x000000060e800000, 0x000000060ec00000, 0x000000060ec00000|100%| O|  |TAMS 0x000000060e800000| PB 0x000000060e800000| Untracked 
|  59|0x000000060ec00000, 0x000000060efdbfa0, 0x000000060f000000| 96%| O|  |TAMS 0x000000060ec00000| PB 0x000000060ec00000| Untracked 
|  60|0x000000060f000000, 0x000000060f000000, 0x000000060f400000|  0%| F|  |TAMS 0x000000060f000000| PB 0x000000060f000000| Untracked 
|  61|0x000000060f400000, 0x000000060f800000, 0x000000060f800000|100%| O|  |TAMS 0x000000060f400000| PB 0x000000060f400000| Untracked 
|  62|0x000000060f800000, 0x000000060fc00000, 0x000000060fc00000|100%| O|  |TAMS 0x000000060f800000| PB 0x000000060f800000| Untracked 
|  63|0x000000060fc00000, 0x0000000610000000, 0x0000000610000000|100%| O|  |TAMS 0x000000060fc00000| PB 0x000000060fc00000| Untracked 
|  64|0x0000000610000000, 0x0000000610000000, 0x0000000610400000|  0%| F|  |TAMS 0x0000000610000000| PB 0x0000000610000000| Untracked 
|  65|0x0000000610400000, 0x0000000610800000, 0x0000000610800000|100%| O|  |TAMS 0x0000000610400000| PB 0x0000000610400000| Untracked 
|  66|0x0000000610800000, 0x0000000610c00000, 0x0000000610c00000|100%| O|  |TAMS 0x0000000610800000| PB 0x0000000610800000| Untracked 
|  67|0x0000000610c00000, 0x0000000611000000, 0x0000000611000000|100%| O|  |TAMS 0x0000000610c00000| PB 0x0000000610c00000| Untracked 
|  68|0x0000000611000000, 0x0000000611400000, 0x0000000611400000|100%| O|  |TAMS 0x0000000611000000| PB 0x0000000611000000| Untracked 
|  69|0x0000000611400000, 0x0000000611400000, 0x0000000611800000|  0%| F|  |TAMS 0x0000000611400000| PB 0x0000000611400000| Untracked 
|  70|0x0000000611800000, 0x0000000611c00000, 0x0000000611c00000|100%| O|  |TAMS 0x0000000611800000| PB 0x0000000611800000| Untracked 
|  71|0x0000000611c00000, 0x0000000611c00000, 0x0000000612000000|  0%| F|  |TAMS 0x0000000611c00000| PB 0x0000000611c00000| Untracked 
|  72|0x0000000612000000, 0x0000000612000000, 0x0000000612400000|  0%| F|  |TAMS 0x0000000612000000| PB 0x0000000612000000| Untracked 
|  73|0x0000000612400000, 0x0000000612400000, 0x0000000612800000|  0%| F|  |TAMS 0x0000000612400000| PB 0x0000000612400000| Untracked 
|  74|0x0000000612800000, 0x0000000612800000, 0x0000000612c00000|  0%| F|  |TAMS 0x0000000612800000| PB 0x0000000612800000| Untracked 
|  75|0x0000000612c00000, 0x0000000612c00000, 0x0000000613000000|  0%| F|  |TAMS 0x0000000612c00000| PB 0x0000000612c00000| Untracked 
|  76|0x0000000613000000, 0x0000000613000000, 0x0000000613400000|  0%| F|  |TAMS 0x0000000613000000| PB 0x0000000613000000| Untracked 
|  77|0x0000000613400000, 0x0000000613400000, 0x0000000613800000|  0%| F|  |TAMS 0x0000000613400000| PB 0x0000000613400000| Untracked 
|  78|0x0000000613800000, 0x0000000613800000, 0x0000000613c00000|  0%| F|  |TAMS 0x0000000613800000| PB 0x0000000613800000| Untracked 
|  79|0x0000000613c00000, 0x0000000614000000, 0x0000000614000000|100%| O|  |TAMS 0x0000000613c00000| PB 0x0000000613c00000| Untracked 
|  80|0x0000000614000000, 0x0000000614000000, 0x0000000614400000|  0%| F|  |TAMS 0x0000000614000000| PB 0x0000000614000000| Untracked 
|  81|0x0000000614400000, 0x0000000614400000, 0x0000000614800000|  0%| F|  |TAMS 0x0000000614400000| PB 0x0000000614400000| Untracked 
|  82|0x0000000614800000, 0x0000000614800000, 0x0000000614c00000|  0%| F|  |TAMS 0x0000000614800000| PB 0x0000000614800000| Untracked 
|  83|0x0000000614c00000, 0x0000000614c00000, 0x0000000615000000|  0%| F|  |TAMS 0x0000000614c00000| PB 0x0000000614c00000| Untracked 
|  84|0x0000000615000000, 0x0000000615000000, 0x0000000615400000|  0%| F|  |TAMS 0x0000000615000000| PB 0x0000000615000000| Untracked 
|  85|0x0000000615400000, 0x0000000615400000, 0x0000000615800000|  0%| F|  |TAMS 0x0000000615400000| PB 0x0000000615400000| Untracked 
|  86|0x0000000615800000, 0x0000000615c00000, 0x0000000615c00000|100%| O|  |TAMS 0x0000000615800000| PB 0x0000000615800000| Untracked 
|  87|0x0000000615c00000, 0x0000000615c00000, 0x0000000616000000|  0%| F|  |TAMS 0x0000000615c00000| PB 0x0000000615c00000| Untracked 
|  88|0x0000000616000000, 0x0000000616000000, 0x0000000616400000|  0%| F|  |TAMS 0x0000000616000000| PB 0x0000000616000000| Untracked 
|  89|0x0000000616400000, 0x0000000616400000, 0x0000000616800000|  0%| F|  |TAMS 0x0000000616400000| PB 0x0000000616400000| Untracked 
|  90|0x0000000616800000, 0x0000000616800000, 0x0000000616c00000|  0%| F|  |TAMS 0x0000000616800000| PB 0x0000000616800000| Untracked 
|  91|0x0000000616c00000, 0x0000000616c00000, 0x0000000617000000|  0%| F|  |TAMS 0x0000000616c00000| PB 0x0000000616c00000| Untracked 
|  92|0x0000000617000000, 0x0000000617000000, 0x0000000617400000|  0%| F|  |TAMS 0x0000000617000000| PB 0x0000000617000000| Untracked 
|  93|0x0000000617400000, 0x0000000617400000, 0x0000000617800000|  0%| F|  |TAMS 0x0000000617400000| PB 0x0000000617400000| Untracked 
|  94|0x0000000617800000, 0x0000000617800000, 0x0000000617c00000|  0%| F|  |TAMS 0x0000000617800000| PB 0x0000000617800000| Untracked 
|  95|0x0000000617c00000, 0x0000000617c00000, 0x0000000618000000|  0%| F|  |TAMS 0x0000000617c00000| PB 0x0000000617c00000| Untracked 
|  96|0x0000000618000000, 0x0000000618000000, 0x0000000618400000|  0%| F|  |TAMS 0x0000000618000000| PB 0x0000000618000000| Untracked 
|  97|0x0000000618400000, 0x0000000618400000, 0x0000000618800000|  0%| F|  |TAMS 0x0000000618400000| PB 0x0000000618400000| Untracked 
|  98|0x0000000618800000, 0x0000000618800000, 0x0000000618c00000|  0%| F|  |TAMS 0x0000000618800000| PB 0x0000000618800000| Untracked 
|  99|0x0000000618c00000, 0x0000000619000000, 0x0000000619000000|100%| O|  |TAMS 0x0000000618c00000| PB 0x0000000618c00000| Untracked 
| 100|0x0000000619000000, 0x0000000619000000, 0x0000000619400000|  0%| F|  |TAMS 0x0000000619000000| PB 0x0000000619000000| Untracked 
| 101|0x0000000619400000, 0x0000000619400000, 0x0000000619800000|  0%| F|  |TAMS 0x0000000619400000| PB 0x0000000619400000| Untracked 
| 102|0x0000000619800000, 0x0000000619800000, 0x0000000619c00000|  0%| F|  |TAMS 0x0000000619800000| PB 0x0000000619800000| Untracked 
| 103|0x0000000619c00000, 0x0000000619c00000, 0x000000061a000000|  0%| F|  |TAMS 0x0000000619c00000| PB 0x0000000619c00000| Untracked 
| 104|0x000000061a000000, 0x000000061a000000, 0x000000061a400000|  0%| F|  |TAMS 0x000000061a000000| PB 0x000000061a000000| Untracked 
| 105|0x000000061a400000, 0x000000061a400000, 0x000000061a800000|  0%| F|  |TAMS 0x000000061a400000| PB 0x000000061a400000| Untracked 
| 106|0x000000061a800000, 0x000000061ac00000, 0x000000061ac00000|100%| O|  |TAMS 0x000000061a800000| PB 0x000000061a800000| Untracked 
| 107|0x000000061ac00000, 0x000000061b000000, 0x000000061b000000|100%| O|  |TAMS 0x000000061ac00000| PB 0x000000061ac00000| Untracked 
| 108|0x000000061b000000, 0x000000061b000000, 0x000000061b400000|  0%| F|  |TAMS 0x000000061b000000| PB 0x000000061b000000| Untracked 
| 109|0x000000061b400000, 0x000000061b400000, 0x000000061b800000|  0%| F|  |TAMS 0x000000061b400000| PB 0x000000061b400000| Untracked 
| 110|0x000000061b800000, 0x000000061b800000, 0x000000061bc00000|  0%| F|  |TAMS 0x000000061b800000| PB 0x000000061b800000| Untracked 
| 111|0x000000061bc00000, 0x000000061bc00000, 0x000000061c000000|  0%| F|  |TAMS 0x000000061bc00000| PB 0x000000061bc00000| Untracked 
| 112|0x000000061c000000, 0x000000061c000000, 0x000000061c400000|  0%| F|  |TAMS 0x000000061c000000| PB 0x000000061c000000| Untracked 
| 113|0x000000061c400000, 0x000000061c400000, 0x000000061c800000|  0%| F|  |TAMS 0x000000061c400000| PB 0x000000061c400000| Untracked 
| 114|0x000000061c800000, 0x000000061c800000, 0x000000061cc00000|  0%| F|  |TAMS 0x000000061c800000| PB 0x000000061c800000| Untracked 
| 115|0x000000061cc00000, 0x000000061cc00000, 0x000000061d000000|  0%| F|  |TAMS 0x000000061cc00000| PB 0x000000061cc00000| Untracked 
| 116|0x000000061d000000, 0x000000061d000000, 0x000000061d400000|  0%| F|  |TAMS 0x000000061d000000| PB 0x000000061d000000| Untracked 
| 117|0x000000061d400000, 0x000000061d400000, 0x000000061d800000|  0%| F|  |TAMS 0x000000061d400000| PB 0x000000061d400000| Untracked 
| 118|0x000000061d800000, 0x000000061d800000, 0x000000061dc00000|  0%| F|  |TAMS 0x000000061d800000| PB 0x000000061d800000| Untracked 
| 119|0x000000061dc00000, 0x000000061dc00000, 0x000000061e000000|  0%| F|  |TAMS 0x000000061dc00000| PB 0x000000061dc00000| Untracked 
| 120|0x000000061e000000, 0x000000061e000000, 0x000000061e400000|  0%| F|  |TAMS 0x000000061e000000| PB 0x000000061e000000| Untracked 
| 121|0x000000061e400000, 0x000000061e400000, 0x000000061e800000|  0%| F|  |TAMS 0x000000061e400000| PB 0x000000061e400000| Untracked 
| 122|0x000000061e800000, 0x000000061e800000, 0x000000061ec00000|  0%| F|  |TAMS 0x000000061e800000| PB 0x000000061e800000| Untracked 
| 123|0x000000061ec00000, 0x000000061ec00000, 0x000000061f000000|  0%| F|  |TAMS 0x000000061ec00000| PB 0x000000061ec00000| Untracked 
| 124|0x000000061f000000, 0x000000061f000000, 0x000000061f400000|  0%| F|  |TAMS 0x000000061f000000| PB 0x000000061f000000| Untracked 
| 125|0x000000061f400000, 0x000000061f400000, 0x000000061f800000|  0%| F|  |TAMS 0x000000061f400000| PB 0x000000061f400000| Untracked 
| 126|0x000000061f800000, 0x000000061f800000, 0x000000061fc00000|  0%| F|  |TAMS 0x000000061f800000| PB 0x000000061f800000| Untracked 
| 127|0x000000061fc00000, 0x000000061fc00000, 0x0000000620000000|  0%| F|  |TAMS 0x000000061fc00000| PB 0x000000061fc00000| Untracked 
| 128|0x0000000620000000, 0x0000000620000000, 0x0000000620400000|  0%| F|  |TAMS 0x0000000620000000| PB 0x0000000620000000| Untracked 
| 129|0x0000000620400000, 0x0000000620400000, 0x0000000620800000|  0%| F|  |TAMS 0x0000000620400000| PB 0x0000000620400000| Untracked 
| 130|0x0000000620800000, 0x0000000620800000, 0x0000000620c00000|  0%| F|  |TAMS 0x0000000620800000| PB 0x0000000620800000| Untracked 
| 131|0x0000000620c00000, 0x0000000620c00000, 0x0000000621000000|  0%| F|  |TAMS 0x0000000620c00000| PB 0x0000000620c00000| Untracked 
| 132|0x0000000621000000, 0x0000000621000000, 0x0000000621400000|  0%| F|  |TAMS 0x0000000621000000| PB 0x0000000621000000| Untracked 
| 133|0x0000000621400000, 0x0000000621400000, 0x0000000621800000|  0%| F|  |TAMS 0x0000000621400000| PB 0x0000000621400000| Untracked 
| 134|0x0000000621800000, 0x0000000621800000, 0x0000000621c00000|  0%| F|  |TAMS 0x0000000621800000| PB 0x0000000621800000| Untracked 
| 135|0x0000000621c00000, 0x0000000621c00000, 0x0000000622000000|  0%| F|  |TAMS 0x0000000621c00000| PB 0x0000000621c00000| Untracked 
| 136|0x0000000622000000, 0x0000000622000000, 0x0000000622400000|  0%| F|  |TAMS 0x0000000622000000| PB 0x0000000622000000| Untracked 
| 137|0x0000000622400000, 0x0000000622400000, 0x0000000622800000|  0%| F|  |TAMS 0x0000000622400000| PB 0x0000000622400000| Untracked 
| 138|0x0000000622800000, 0x0000000622800000, 0x0000000622c00000|  0%| F|  |TAMS 0x0000000622800000| PB 0x0000000622800000| Untracked 
| 139|0x0000000622c00000, 0x0000000622c00000, 0x0000000623000000|  0%| F|  |TAMS 0x0000000622c00000| PB 0x0000000622c00000| Untracked 
| 140|0x0000000623000000, 0x0000000623000000, 0x0000000623400000|  0%| F|  |TAMS 0x0000000623000000| PB 0x0000000623000000| Untracked 
| 141|0x0000000623400000, 0x0000000623400000, 0x0000000623800000|  0%| F|  |TAMS 0x0000000623400000| PB 0x0000000623400000| Untracked 
| 142|0x0000000623800000, 0x0000000623800000, 0x0000000623c00000|  0%| F|  |TAMS 0x0000000623800000| PB 0x0000000623800000| Untracked 
| 143|0x0000000623c00000, 0x0000000623c00000, 0x0000000624000000|  0%| F|  |TAMS 0x0000000623c00000| PB 0x0000000623c00000| Untracked 
| 144|0x0000000624000000, 0x0000000624000000, 0x0000000624400000|  0%| F|  |TAMS 0x0000000624000000| PB 0x0000000624000000| Untracked 
| 145|0x0000000624400000, 0x0000000624400000, 0x0000000624800000|  0%| F|  |TAMS 0x0000000624400000| PB 0x0000000624400000| Untracked 
| 146|0x0000000624800000, 0x0000000624800000, 0x0000000624c00000|  0%| F|  |TAMS 0x0000000624800000| PB 0x0000000624800000| Untracked 
| 147|0x0000000624c00000, 0x0000000624c00000, 0x0000000625000000|  0%| F|  |TAMS 0x0000000624c00000| PB 0x0000000624c00000| Untracked 
| 148|0x0000000625000000, 0x0000000625000000, 0x0000000625400000|  0%| F|  |TAMS 0x0000000625000000| PB 0x0000000625000000| Untracked 
| 149|0x0000000625400000, 0x0000000625400000, 0x0000000625800000|  0%| F|  |TAMS 0x0000000625400000| PB 0x0000000625400000| Untracked 
| 150|0x0000000625800000, 0x0000000625800000, 0x0000000625c00000|  0%| F|  |TAMS 0x0000000625800000| PB 0x0000000625800000| Untracked 
| 151|0x0000000625c00000, 0x0000000625c00000, 0x0000000626000000|  0%| F|  |TAMS 0x0000000625c00000| PB 0x0000000625c00000| Untracked 
| 152|0x0000000626000000, 0x0000000626000000, 0x0000000626400000|  0%| F|  |TAMS 0x0000000626000000| PB 0x0000000626000000| Untracked 
| 153|0x0000000626400000, 0x0000000626400000, 0x0000000626800000|  0%| F|  |TAMS 0x0000000626400000| PB 0x0000000626400000| Untracked 
| 154|0x0000000626800000, 0x0000000626800000, 0x0000000626c00000|  0%| F|  |TAMS 0x0000000626800000| PB 0x0000000626800000| Untracked 
| 155|0x0000000626c00000, 0x0000000626c00000, 0x0000000627000000|  0%| F|  |TAMS 0x0000000626c00000| PB 0x0000000626c00000| Untracked 
| 156|0x0000000627000000, 0x0000000627000000, 0x0000000627400000|  0%| F|  |TAMS 0x0000000627000000| PB 0x0000000627000000| Untracked 
| 157|0x0000000627400000, 0x0000000627400000, 0x0000000627800000|  0%| F|  |TAMS 0x0000000627400000| PB 0x0000000627400000| Untracked 
| 158|0x0000000627800000, 0x0000000627800000, 0x0000000627c00000|  0%| F|  |TAMS 0x0000000627800000| PB 0x0000000627800000| Untracked 
| 159|0x0000000627c00000, 0x0000000627c00000, 0x0000000628000000|  0%| F|  |TAMS 0x0000000627c00000| PB 0x0000000627c00000| Untracked 
| 160|0x0000000628000000, 0x0000000628000000, 0x0000000628400000|  0%| F|  |TAMS 0x0000000628000000| PB 0x0000000628000000| Untracked 
| 161|0x0000000628400000, 0x0000000628400000, 0x0000000628800000|  0%| F|  |TAMS 0x0000000628400000| PB 0x0000000628400000| Untracked 
| 162|0x0000000628800000, 0x0000000628800000, 0x0000000628c00000|  0%| F|  |TAMS 0x0000000628800000| PB 0x0000000628800000| Untracked 
| 163|0x0000000628c00000, 0x0000000628c00000, 0x0000000629000000|  0%| F|  |TAMS 0x0000000628c00000| PB 0x0000000628c00000| Untracked 
| 164|0x0000000629000000, 0x0000000629000000, 0x0000000629400000|  0%| F|  |TAMS 0x0000000629000000| PB 0x0000000629000000| Untracked 
| 165|0x0000000629400000, 0x0000000629400000, 0x0000000629800000|  0%| F|  |TAMS 0x0000000629400000| PB 0x0000000629400000| Untracked 
| 166|0x0000000629800000, 0x0000000629800000, 0x0000000629c00000|  0%| F|  |TAMS 0x0000000629800000| PB 0x0000000629800000| Untracked 
| 167|0x0000000629c00000, 0x0000000629c00000, 0x000000062a000000|  0%| F|  |TAMS 0x0000000629c00000| PB 0x0000000629c00000| Untracked 
| 168|0x000000062a000000, 0x000000062a000000, 0x000000062a400000|  0%| F|  |TAMS 0x000000062a000000| PB 0x000000062a000000| Untracked 
| 169|0x000000062a400000, 0x000000062a400000, 0x000000062a800000|  0%| F|  |TAMS 0x000000062a400000| PB 0x000000062a400000| Untracked 
| 170|0x000000062a800000, 0x000000062a800000, 0x000000062ac00000|  0%| F|  |TAMS 0x000000062a800000| PB 0x000000062a800000| Untracked 
| 171|0x000000062ac00000, 0x000000062ac00000, 0x000000062b000000|  0%| F|  |TAMS 0x000000062ac00000| PB 0x000000062ac00000| Untracked 
| 172|0x000000062b000000, 0x000000062b000000, 0x000000062b400000|  0%| F|  |TAMS 0x000000062b000000| PB 0x000000062b000000| Untracked 
| 173|0x000000062b400000, 0x000000062b400000, 0x000000062b800000|  0%| F|  |TAMS 0x000000062b400000| PB 0x000000062b400000| Untracked 
| 174|0x000000062b800000, 0x000000062b800000, 0x000000062bc00000|  0%| F|  |TAMS 0x000000062b800000| PB 0x000000062b800000| Untracked 
| 175|0x000000062bc00000, 0x000000062bc00000, 0x000000062c000000|  0%| F|  |TAMS 0x000000062bc00000| PB 0x000000062bc00000| Untracked 
| 176|0x000000062c000000, 0x000000062c000000, 0x000000062c400000|  0%| F|  |TAMS 0x000000062c000000| PB 0x000000062c000000| Untracked 
| 177|0x000000062c400000, 0x000000062c65bde0, 0x000000062c800000| 58%| S|CS|TAMS 0x000000062c400000| PB 0x000000062c400000| Complete 
| 178|0x000000062c800000, 0x000000062cc00000, 0x000000062cc00000|100%| S|CS|TAMS 0x000000062c800000| PB 0x000000062c800000| Complete 
| 179|0x000000062cc00000, 0x000000062cc00000, 0x000000062d000000|  0%| F|  |TAMS 0x000000062cc00000| PB 0x000000062cc00000| Untracked 
| 180|0x000000062d000000, 0x000000062d000000, 0x000000062d400000|  0%| F|  |TAMS 0x000000062d000000| PB 0x000000062d000000| Untracked 
| 181|0x000000062d400000, 0x000000062d400000, 0x000000062d800000|  0%| F|  |TAMS 0x000000062d400000| PB 0x000000062d400000| Untracked 
| 182|0x000000062d800000, 0x000000062d800000, 0x000000062dc00000|  0%| F|  |TAMS 0x000000062d800000| PB 0x000000062d800000| Untracked 
| 183|0x000000062dc00000, 0x000000062dc00000, 0x000000062e000000|  0%| F|  |TAMS 0x000000062dc00000| PB 0x000000062dc00000| Untracked 
| 184|0x000000062e000000, 0x000000062e000000, 0x000000062e400000|  0%| F|  |TAMS 0x000000062e000000| PB 0x000000062e000000| Untracked 
| 185|0x000000062e400000, 0x000000062e400000, 0x000000062e800000|  0%| F|  |TAMS 0x000000062e400000| PB 0x000000062e400000| Untracked 
| 186|0x000000062e800000, 0x000000062e800000, 0x000000062ec00000|  0%| F|  |TAMS 0x000000062e800000| PB 0x000000062e800000| Untracked 
| 187|0x000000062ec00000, 0x000000062ec00000, 0x000000062f000000|  0%| F|  |TAMS 0x000000062ec00000| PB 0x000000062ec00000| Untracked 
| 188|0x000000062f000000, 0x000000062f000000, 0x000000062f400000|  0%| F|  |TAMS 0x000000062f000000| PB 0x000000062f000000| Untracked 
| 189|0x000000062f400000, 0x000000062f400000, 0x000000062f800000|  0%| F|  |TAMS 0x000000062f400000| PB 0x000000062f400000| Untracked 
| 190|0x000000062f800000, 0x000000062f800000, 0x000000062fc00000|  0%| F|  |TAMS 0x000000062f800000| PB 0x000000062f800000| Untracked 
| 191|0x000000062fc00000, 0x000000062fc00000, 0x0000000630000000|  0%| F|  |TAMS 0x000000062fc00000| PB 0x000000062fc00000| Untracked 
| 192|0x0000000630000000, 0x0000000630000000, 0x0000000630400000|  0%| F|  |TAMS 0x0000000630000000| PB 0x0000000630000000| Untracked 
| 193|0x0000000630400000, 0x0000000630400000, 0x0000000630800000|  0%| F|  |TAMS 0x0000000630400000| PB 0x0000000630400000| Untracked 
| 194|0x0000000630800000, 0x0000000630800000, 0x0000000630c00000|  0%| F|  |TAMS 0x0000000630800000| PB 0x0000000630800000| Untracked 
| 195|0x0000000630c00000, 0x0000000630c00000, 0x0000000631000000|  0%| F|  |TAMS 0x0000000630c00000| PB 0x0000000630c00000| Untracked 
| 196|0x0000000631000000, 0x0000000631000000, 0x0000000631400000|  0%| F|  |TAMS 0x0000000631000000| PB 0x0000000631000000| Untracked 
| 197|0x0000000631400000, 0x0000000631400000, 0x0000000631800000|  0%| F|  |TAMS 0x0000000631400000| PB 0x0000000631400000| Untracked 
| 198|0x0000000631800000, 0x0000000631800000, 0x0000000631c00000|  0%| F|  |TAMS 0x0000000631800000| PB 0x0000000631800000| Untracked 
| 199|0x0000000631c00000, 0x0000000631c00000, 0x0000000632000000|  0%| F|  |TAMS 0x0000000631c00000| PB 0x0000000631c00000| Untracked 
| 200|0x0000000632000000, 0x0000000632000000, 0x0000000632400000|  0%| F|  |TAMS 0x0000000632000000| PB 0x0000000632000000| Untracked 
| 201|0x0000000632400000, 0x0000000632400000, 0x0000000632800000|  0%| F|  |TAMS 0x0000000632400000| PB 0x0000000632400000| Untracked 
| 202|0x0000000632800000, 0x0000000632800000, 0x0000000632c00000|  0%| F|  |TAMS 0x0000000632800000| PB 0x0000000632800000| Untracked 
| 203|0x0000000632c00000, 0x0000000632c00000, 0x0000000633000000|  0%| F|  |TAMS 0x0000000632c00000| PB 0x0000000632c00000| Untracked 
| 204|0x0000000633000000, 0x0000000633000000, 0x0000000633400000|  0%| F|  |TAMS 0x0000000633000000| PB 0x0000000633000000| Untracked 
| 205|0x0000000633400000, 0x0000000633400000, 0x0000000633800000|  0%| F|  |TAMS 0x0000000633400000| PB 0x0000000633400000| Untracked 
| 206|0x0000000633800000, 0x0000000633800000, 0x0000000633c00000|  0%| F|  |TAMS 0x0000000633800000| PB 0x0000000633800000| Untracked 
| 207|0x0000000633c00000, 0x0000000633c00000, 0x0000000634000000|  0%| F|  |TAMS 0x0000000633c00000| PB 0x0000000633c00000| Untracked 
| 208|0x0000000634000000, 0x0000000634000000, 0x0000000634400000|  0%| F|  |TAMS 0x0000000634000000| PB 0x0000000634000000| Untracked 
| 209|0x0000000634400000, 0x0000000634400000, 0x0000000634800000|  0%| F|  |TAMS 0x0000000634400000| PB 0x0000000634400000| Untracked 
| 210|0x0000000634800000, 0x0000000634800000, 0x0000000634c00000|  0%| F|  |TAMS 0x0000000634800000| PB 0x0000000634800000| Untracked 
| 211|0x0000000634c00000, 0x0000000634c00000, 0x0000000635000000|  0%| F|  |TAMS 0x0000000634c00000| PB 0x0000000634c00000| Untracked 
| 212|0x0000000635000000, 0x0000000635000000, 0x0000000635400000|  0%| F|  |TAMS 0x0000000635000000| PB 0x0000000635000000| Untracked 
| 213|0x0000000635400000, 0x0000000635400000, 0x0000000635800000|  0%| F|  |TAMS 0x0000000635400000| PB 0x0000000635400000| Untracked 
| 214|0x0000000635800000, 0x0000000635800000, 0x0000000635c00000|  0%| F|  |TAMS 0x0000000635800000| PB 0x0000000635800000| Untracked 
| 215|0x0000000635c00000, 0x0000000635c00000, 0x0000000636000000|  0%| F|  |TAMS 0x0000000635c00000| PB 0x0000000635c00000| Untracked 
| 216|0x0000000636000000, 0x0000000636000000, 0x0000000636400000|  0%| F|  |TAMS 0x0000000636000000| PB 0x0000000636000000| Untracked 
| 217|0x0000000636400000, 0x0000000636400000, 0x0000000636800000|  0%| F|  |TAMS 0x0000000636400000| PB 0x0000000636400000| Untracked 
| 218|0x0000000636800000, 0x0000000636800000, 0x0000000636c00000|  0%| F|  |TAMS 0x0000000636800000| PB 0x0000000636800000| Untracked 
| 219|0x0000000636c00000, 0x0000000636c00000, 0x0000000637000000|  0%| F|  |TAMS 0x0000000636c00000| PB 0x0000000636c00000| Untracked 
| 220|0x0000000637000000, 0x0000000637000000, 0x0000000637400000|  0%| F|  |TAMS 0x0000000637000000| PB 0x0000000637000000| Untracked 
| 221|0x0000000637400000, 0x0000000637400000, 0x0000000637800000|  0%| F|  |TAMS 0x0000000637400000| PB 0x0000000637400000| Untracked 
| 222|0x0000000637800000, 0x0000000637800000, 0x0000000637c00000|  0%| F|  |TAMS 0x0000000637800000| PB 0x0000000637800000| Untracked 
|2038|0x00000007fd800000, 0x00000007fd800000, 0x00000007fdc00000|  0%| F|  |TAMS 0x00000007fd800000| PB 0x00000007fd800000| Untracked 
|2039|0x00000007fdc00000, 0x00000007fdc00000, 0x00000007fe000000|  0%| F|  |TAMS 0x00000007fdc00000| PB 0x00000007fdc00000| Untracked 
|2040|0x00000007fe000000, 0x00000007fe000000, 0x00000007fe400000|  0%| F|  |TAMS 0x00000007fe000000| PB 0x00000007fe000000| Untracked 
|2041|0x00000007fe400000, 0x00000007fe400000, 0x00000007fe800000|  0%| F|  |TAMS 0x00000007fe400000| PB 0x00000007fe400000| Untracked 
|2042|0x00000007fe800000, 0x00000007fe800000, 0x00000007fec00000|  0%| F|  |TAMS 0x00000007fe800000| PB 0x00000007fe800000| Untracked 
|2043|0x00000007fec00000, 0x00000007fec00000, 0x00000007ff000000|  0%| F|  |TAMS 0x00000007fec00000| PB 0x00000007fec00000| Untracked 
|2044|0x00000007ff000000, 0x00000007ff000000, 0x00000007ff400000|  0%| F|  |TAMS 0x00000007ff000000| PB 0x00000007ff000000| Untracked 
|2045|0x00000007ff400000, 0x00000007ff800000, 0x00000007ff800000|100%| O|  |TAMS 0x00000007ff400000| PB 0x00000007ff400000| Untracked 
|2046|0x00000007ff800000, 0x00000007ff800000, 0x00000007ffc00000|  0%| F|  |TAMS 0x00000007ff800000| PB 0x00000007ff800000| Untracked 
|2047|0x00000007ffc00000, 0x00000007ffc00000, 0x0000000800000000|  0%| F|  |TAMS 0x00000007ffc00000| PB 0x00000007ffc00000| Untracked 

Card table byte_map: [0x000001dae9f00000,0x000001daeaf00000] _byte_map_base: 0x000001dae6f00000

Marking Bits: (CMBitMap*) 0x000001dae5c8a010
 Bits: [0x000001daeaf00000, 0x000001daf2f00000)

Polling page: 0x000001dae53b0000

Metaspace:

Usage:
  Non-class:    170.47 MB used.
      Class:     25.30 MB used.
       Both:    195.77 MB used.

Virtual space:
  Non-class space:      192.00 MB reserved,     172.06 MB ( 90%) committed,  3 nodes.
      Class space:        1.00 GB reserved,      26.81 MB (  3%) committed,  1 nodes.
             Both:        1.19 GB reserved,     198.88 MB ( 16%) committed. 

Chunk freelists:
   Non-Class:  4.03 MB
       Class:  5.29 MB
        Both:  9.32 MB

MaxMetaspaceSize: 4.00 GB
CompressedClassSpaceSize: 1.00 GB
Initial GC threshold: 21.00 MB
Current GC threshold: 331.38 MB
CDS: on
 - commit_granule_bytes: 65536.
 - commit_granule_words: 8192.
 - virtual_space_node_default_size: 8388608.
 - enlarge_chunks_in_place: 1.
 - use_allocation_guard: 0.


Internal statistics:

num_allocs_failed_limit: 6.
num_arena_births: 5420.
num_arena_deaths: 28.
num_vsnodes_births: 4.
num_vsnodes_deaths: 0.
num_space_committed: 3180.
num_space_uncommitted: 0.
num_chunks_returned_to_freelist: 65.
num_chunks_taken_from_freelist: 14051.
num_chunk_merges: 9.
num_chunk_splits: 9730.
num_chunks_enlarged: 6798.
num_inconsistent_stats: 0.

CodeHeap 'non-profiled nmethods': size=259264Kb used=21770Kb max_used=21770Kb free=237493Kb
 bounds [0x000001da902d0000, 0x000001da91820000, 0x000001daa0000000]
CodeHeap 'profiled nmethods': size=259264Kb used=71637Kb max_used=72022Kb free=187626Kb
 bounds [0x000001da80000000, 0x000001da847b0000, 0x000001da8fd30000]
CodeHeap 'non-nmethods': size=5760Kb used=3144Kb max_used=3265Kb free=2615Kb
 bounds [0x000001da8fd30000, 0x000001da90080000, 0x000001da902d0000]
CodeCache: size=524288Kb, used=96551Kb, max_used=97057Kb, free=427734Kb
 total_blobs=29065, nmethods=27711, adapters=1255, full_count=0
Compilation: enabled, stopped_count=0, restarted_count=0

Compilation events (20 events):
Event: 428.993 Thread 0x000001daf54cfeb0 nmethod 32118 0x000001da91811f90 code [0x000001da91812140, 0x000001da918127a8]
Event: 429.030 Thread 0x000001daf54d1b10 32119 %     3       org.objectweb.asm.ClassReader::readCode @ 2187 (5117 bytes)
Event: 429.068 Thread 0x000001daf54d1b10 nmethod 32119% 0x000001da84752110 code [0x000001da84753720, 0x000001da847654a0]
Event: 429.070 Thread 0x000001daf54d1b10 32120       3       org.objectweb.asm.ClassReader::readCode (5117 bytes)
Event: 429.102 Thread 0x000001daf54d1b10 nmethod 32120 0x000001da8476da10 code [0x000001da8476efa0, 0x000001da8477ff78]
Event: 429.104 Thread 0x000001daf54d1b10 32121       3       org.objectweb.asm.MethodWriter::visitIincInsn (135 bytes)
Event: 429.104 Thread 0x000001daf54cfeb0 32122       4       org.objectweb.asm.ClassReader::readCode (5117 bytes)
Event: 429.105 Thread 0x000001daf54d1b10 nmethod 32121 0x000001da809d5090 code [0x000001da809d52a0, 0x000001da809d57d8]
Event: 429.225 Thread 0x000001daf54d1b10 32123       3       org.gradle.internal.classpath.transforms.BaseClasspathElementTransform::isManifest (10 bytes)
Event: 429.226 Thread 0x000001daf54d1b10 nmethod 32123 0x000001da80ed9110 code [0x000001da80ed92e0, 0x000001da80ed9560]
Event: 429.226 Thread 0x000001daf54d1b10 32124       3       org.gradle.util.internal.JarUtil::isManifestName (7 bytes)
Event: 429.226 Thread 0x000001daf54d1b10 nmethod 32124 0x000001da8027a410 code [0x000001da8027a5c0, 0x000001da8027a6f0]
Event: 429.359 Thread 0x000001daf54d1b10 32127       3       org.gradle.internal.classpath.generated.InterceptorDeclaration_ConfigCacheJvmBytecode::visitMethodInsn (4679 bytes)
Event: 429.401 Thread 0x000001daf54d1b10 nmethod 32127 0x000001da84788090 code [0x000001da8478b8c0, 0x000001da847a6f48]
Event: 430.092 Thread 0x000001daf54d1b10 32129       3       org.gradle.internal.classpath.transforms.LambdaSerializationTransformer::visitMethod (57 bytes)
Event: 430.093 Thread 0x000001daf54d1b10 nmethod 32129 0x000001da80d51f90 code [0x000001da80d521a0, 0x000001da80d526c0]
Event: 430.428 Thread 0x000001daf54d1b10 32131       3       org.gradle.internal.classpath.transforms.InstrumentingClassTransform$InstrumentingVisitor::maybeBuildBridgeMethod (117 bytes)
Event: 430.429 Thread 0x000001daf54d1b10 nmethod 32131 0x000001da80ebf710 code [0x000001da80ebfa40, 0x000001da80ec0c58]
Event: 430.510 Thread 0x000001daf54d1b10 32132       3       org.objectweb.asm.MethodWriter::visitParameter (57 bytes)
Event: 430.511 Thread 0x000001daf54d1b10 nmethod 32132 0x000001da80b22290 code [0x000001da80b22480, 0x000001da80b22988]

GC Heap History (20 events):
Event: 326.649 GC heap after
{Heap after GC invocations=86 (full 0):
 garbage-first heap   total 794624K, used 421888K [0x0000000600000000, 0x0000000800000000)
  region size 4096K, 5 young (20480K), 5 survivors (20480K)
 Metaspace       used 198315K, committed 201472K, reserved 1245184K
  class space    used 25883K, committed 27392K, reserved 1048576K
}
Event: 332.216 GC heap before
{Heap before GC invocations=86 (full 0):
 garbage-first heap   total 794624K, used 544768K [0x0000000600000000, 0x0000000800000000)
  region size 4096K, 35 young (143360K), 5 survivors (20480K)
 Metaspace       used 198793K, committed 201920K, reserved 1245184K
  class space    used 25891K, committed 27392K, reserved 1048576K
}
Event: 332.310 GC heap after
{Heap after GC invocations=87 (full 0):
 garbage-first heap   total 954368K, used 435959K [0x0000000600000000, 0x0000000800000000)
  region size 4096K, 4 young (16384K), 4 survivors (16384K)
 Metaspace       used 198793K, committed 201920K, reserved 1245184K
  class space    used 25891K, committed 27392K, reserved 1048576K
}
Event: 337.849 GC heap before
{Heap before GC invocations=87 (full 0):
 garbage-first heap   total 954368K, used 583415K [0x0000000600000000, 0x0000000800000000)
  region size 4096K, 41 young (167936K), 4 survivors (16384K)
 Metaspace       used 199015K, committed 202112K, reserved 1245184K
  class space    used 25892K, committed 27392K, reserved 1048576K
}
Event: 337.970 GC heap after
{Heap after GC invocations=88 (full 0):
 garbage-first heap   total 954368K, used 446463K [0x0000000600000000, 0x0000000800000000)
  region size 4096K, 4 young (16384K), 4 survivors (16384K)
 Metaspace       used 199015K, committed 202112K, reserved 1245184K
  class space    used 25892K, committed 27392K, reserved 1048576K
}
Event: 344.674 GC heap before
{Heap before GC invocations=88 (full 0):
 garbage-first heap   total 954368K, used 606207K [0x0000000600000000, 0x0000000800000000)
  region size 4096K, 43 young (176128K), 4 survivors (16384K)
 Metaspace       used 199054K, committed 202112K, reserved 1245184K
  class space    used 25892K, committed 27392K, reserved 1048576K
}
Event: 344.773 GC heap after
{Heap after GC invocations=89 (full 0):
 garbage-first heap   total 954368K, used 449133K [0x0000000600000000, 0x0000000800000000)
  region size 4096K, 2 young (8192K), 2 survivors (8192K)
 Metaspace       used 199054K, committed 202112K, reserved 1245184K
  class space    used 25892K, committed 27392K, reserved 1048576K
}
Event: 362.787 GC heap before
{Heap before GC invocations=89 (full 0):
 garbage-first heap   total 954368K, used 879213K [0x0000000600000000, 0x0000000800000000)
  region size 4096K, 106 young (434176K), 2 survivors (8192K)
 Metaspace       used 199215K, committed 202304K, reserved 1245184K
  class space    used 25894K, committed 27392K, reserved 1048576K
}
Event: 362.822 GC heap after
{Heap after GC invocations=90 (full 0):
 garbage-first heap   total 954368K, used 456114K [0x0000000600000000, 0x0000000800000000)
  region size 4096K, 4 young (16384K), 4 survivors (16384K)
 Metaspace       used 199215K, committed 202304K, reserved 1245184K
  class space    used 25894K, committed 27392K, reserved 1048576K
}
Event: 390.354 GC heap before
{Heap before GC invocations=90 (full 0):
 garbage-first heap   total 954368K, used 873906K [0x0000000600000000, 0x0000000800000000)
  region size 4096K, 107 young (438272K), 4 survivors (16384K)
 Metaspace       used 200448K, committed 203584K, reserved 1245184K
  class space    used 25932K, committed 27456K, reserved 1048576K
}
Event: 390.394 GC heap after
{Heap after GC invocations=91 (full 0):
 garbage-first heap   total 954368K, used 468546K [0x0000000600000000, 0x0000000800000000)
  region size 4096K, 7 young (28672K), 7 survivors (28672K)
 Metaspace       used 200448K, committed 203584K, reserved 1245184K
  class space    used 25932K, committed 27456K, reserved 1048576K
}
Event: 407.650 GC heap before
{Heap before GC invocations=91 (full 0):
 garbage-first heap   total 954368K, used 886338K [0x0000000600000000, 0x0000000800000000)
  region size 4096K, 109 young (446464K), 7 survivors (28672K)
 Metaspace       used 200476K, committed 203584K, reserved 1245184K
  class space    used 25932K, committed 27456K, reserved 1048576K
}
Event: 407.798 GC heap after
{Heap after GC invocations=92 (full 0):
 garbage-first heap   total 954368K, used 487424K [0x0000000600000000, 0x0000000800000000)
  region size 4096K, 11 young (45056K), 11 survivors (45056K)
 Metaspace       used 200476K, committed 203584K, reserved 1245184K
  class space    used 25932K, committed 27456K, reserved 1048576K
}
Event: 421.879 GC heap before
{Heap before GC invocations=93 (full 0):
 garbage-first heap   total 954368K, used 806912K [0x0000000600000000, 0x0000000800000000)
  region size 4096K, 109 young (446464K), 11 survivors (45056K)
 Metaspace       used 200435K, committed 203648K, reserved 1245184K
  class space    used 25900K, committed 27456K, reserved 1048576K
}
Event: 422.038 GC heap after
{Heap after GC invocations=94 (full 0):
 garbage-first heap   total 954368K, used 408756K [0x0000000600000000, 0x0000000800000000)
  region size 4096K, 7 young (28672K), 7 survivors (28672K)
 Metaspace       used 200435K, committed 203648K, reserved 1245184K
  class space    used 25900K, committed 27456K, reserved 1048576K
}
Event: 426.909 GC heap before
{Heap before GC invocations=94 (full 0):
 garbage-first heap   total 954368K, used 892084K [0x0000000600000000, 0x0000000800000000)
  region size 4096K, 125 young (512000K), 7 survivors (28672K)
 Metaspace       used 200442K, committed 203648K, reserved 1245184K
  class space    used 25900K, committed 27456K, reserved 1048576K
}
Event: 427.221 GC heap after
{Heap after GC invocations=95 (full 0):
 garbage-first heap   total 954368K, used 317692K [0x0000000600000000, 0x0000000800000000)
  region size 4096K, 7 young (28672K), 7 survivors (28672K)
 Metaspace       used 200442K, committed 203648K, reserved 1245184K
  class space    used 25900K, committed 27456K, reserved 1048576K
}
Event: 427.389 GC heap before
{Heap before GC invocations=95 (full 0):
 garbage-first heap   total 954368K, used 334076K [0x0000000600000000, 0x0000000800000000)
  region size 4096K, 11 young (45056K), 7 survivors (28672K)
 Metaspace       used 200442K, committed 203648K, reserved 1245184K
  class space    used 25900K, committed 27456K, reserved 1048576K
}
Event: 427.692 GC heap after
{Heap after GC invocations=96 (full 0):
 garbage-first heap   total 954368K, used 310878K [0x0000000600000000, 0x0000000800000000)
  region size 4096K, 2 young (8192K), 2 survivors (8192K)
 Metaspace       used 200442K, committed 203648K, reserved 1245184K
  class space    used 25900K, committed 27456K, reserved 1048576K
}
Event: 430.758 GC heap before
{Heap before GC invocations=96 (full 0):
 garbage-first heap   total 954368K, used 519774K [0x0000000600000000, 0x0000000800000000)
  region size 4096K, 53 young (217088K), 2 survivors (8192K)
 Metaspace       used 200463K, committed 203648K, reserved 1245184K
  class space    used 25902K, committed 27456K, reserved 1048576K
}

Dll operation events (14 events):
Event: 0.033 Loaded shared library C:\Users\HP\.vscode\extensions\redhat.java-1.55.0-win32-x64\jre\21.0.11-win32-x86_64\bin\java.dll
Event: 0.377 Loaded shared library C:\Users\HP\.vscode\extensions\redhat.java-1.55.0-win32-x64\jre\21.0.11-win32-x86_64\bin\zip.dll
Event: 0.456 Loaded shared library C:\Users\HP\.vscode\extensions\redhat.java-1.55.0-win32-x64\jre\21.0.11-win32-x86_64\bin\instrument.dll
Event: 0.478 Loaded shared library C:\Users\HP\.vscode\extensions\redhat.java-1.55.0-win32-x64\jre\21.0.11-win32-x86_64\bin\net.dll
Event: 0.488 Loaded shared library C:\Users\HP\.vscode\extensions\redhat.java-1.55.0-win32-x64\jre\21.0.11-win32-x86_64\bin\nio.dll
Event: 0.494 Loaded shared library C:\Users\HP\.vscode\extensions\redhat.java-1.55.0-win32-x64\jre\21.0.11-win32-x86_64\bin\zip.dll
Event: 1.512 Loaded shared library C:\Users\HP\.vscode\extensions\redhat.java-1.55.0-win32-x64\jre\21.0.11-win32-x86_64\bin\jimage.dll
Event: 2.915 Loaded shared library C:\Users\HP\.vscode\extensions\redhat.java-1.55.0-win32-x64\jre\21.0.11-win32-x86_64\bin\verify.dll
Event: 3.073 Loaded shared library D:\Gradle\native\1def1411415f61bf3af743bc5b6707747c0891f09f0c88961ee8f79bc544acac\windows-amd64\native-platform.dll
Event: 3.138 Loaded shared library D:\Gradle\native\0.2.8\x86_64-windows-gnu\gradle-fileevents.dll
Event: 8.955 Loaded shared library C:\Users\HP\.vscode\extensions\redhat.java-1.55.0-win32-x64\jre\21.0.11-win32-x86_64\bin\management.dll
Event: 9.020 Loaded shared library C:\Users\HP\.vscode\extensions\redhat.java-1.55.0-win32-x64\jre\21.0.11-win32-x86_64\bin\management_ext.dll
Event: 9.970 Loaded shared library C:\Users\HP\.vscode\extensions\redhat.java-1.55.0-win32-x64\jre\21.0.11-win32-x86_64\bin\extnet.dll
Event: 11.120 Loaded shared library C:\Users\HP\.vscode\extensions\redhat.java-1.55.0-win32-x64\jre\21.0.11-win32-x86_64\bin\sunmscapi.dll

Deoptimization events (20 events):
Event: 430.542 Thread 0x000001db12961a50 DEOPT PACKING pc=0x000001da8477e172 sp=0x0000008b653faaf0
Event: 430.543 Thread 0x000001db12961a50 DEOPT UNPACKING pc=0x000001da8fd84bc2 sp=0x0000008b653fa200 mode 0
Event: 430.557 Thread 0x000001db12961a50 DEOPT PACKING pc=0x000001da8477e172 sp=0x0000008b653faaf0
Event: 430.557 Thread 0x000001db12961a50 DEOPT UNPACKING pc=0x000001da8fd84bc2 sp=0x0000008b653fa200 mode 0
Event: 430.593 Thread 0x000001db12961a50 DEOPT PACKING pc=0x000001da8477e172 sp=0x0000008b653faaf0
Event: 430.593 Thread 0x000001db12961a50 DEOPT UNPACKING pc=0x000001da8fd84bc2 sp=0x0000008b653fa200 mode 0
Event: 430.621 Thread 0x000001db12961a50 DEOPT PACKING pc=0x000001da8477e172 sp=0x0000008b653faaf0
Event: 430.621 Thread 0x000001db12961a50 DEOPT UNPACKING pc=0x000001da8fd84bc2 sp=0x0000008b653fa200 mode 0
Event: 430.629 Thread 0x000001db12961a50 DEOPT PACKING pc=0x000001da8477e172 sp=0x0000008b653faaf0
Event: 430.629 Thread 0x000001db12961a50 DEOPT UNPACKING pc=0x000001da8fd84bc2 sp=0x0000008b653fa200 mode 0
Event: 430.673 Thread 0x000001db12961a50 DEOPT PACKING pc=0x000001da8477e172 sp=0x0000008b653faaf0
Event: 430.673 Thread 0x000001db12961a50 DEOPT UNPACKING pc=0x000001da8fd84bc2 sp=0x0000008b653fa200 mode 0
Event: 430.678 Thread 0x000001db12961a50 DEOPT PACKING pc=0x000001da8477e7aa sp=0x0000008b653faaf0
Event: 430.678 Thread 0x000001db12961a50 DEOPT UNPACKING pc=0x000001da8fd84bc2 sp=0x0000008b653fa200 mode 0
Event: 430.697 Thread 0x000001db12961a50 DEOPT PACKING pc=0x000001da8477e172 sp=0x0000008b653faaf0
Event: 430.697 Thread 0x000001db12961a50 DEOPT UNPACKING pc=0x000001da8fd84bc2 sp=0x0000008b653fa200 mode 0
Event: 430.714 Thread 0x000001db12961a50 DEOPT PACKING pc=0x000001da8477e7aa sp=0x0000008b653faaf0
Event: 430.714 Thread 0x000001db12961a50 DEOPT UNPACKING pc=0x000001da8fd84bc2 sp=0x0000008b653fa200 mode 0
Event: 430.748 Thread 0x000001db12961a50 DEOPT PACKING pc=0x000001da8477e172 sp=0x0000008b653faaf0
Event: 430.748 Thread 0x000001db12961a50 DEOPT UNPACKING pc=0x000001da8fd84bc2 sp=0x0000008b653fa200 mode 0

Classes loaded (20 events):
Event: 319.727 Loading class java/util/regex/PatternBeanInfo
Event: 319.727 Loading class java/util/regex/PatternBeanInfo done
Event: 319.727 Loading class java/util/regex/PatternBeanInfo
Event: 319.727 Loading class java/util/regex/PatternBeanInfo done
Event: 319.727 Loading class java/util/regex/PatternCustomizer
Event: 319.727 Loading class java/util/regex/PatternCustomizer done
Event: 319.728 Loading class java/util/regex/PatternCustomizer
Event: 319.728 Loading class java/util/regex/PatternCustomizer done
Event: 319.734 Loading class java/util/regex/MatcherBeanInfo
Event: 319.734 Loading class java/util/regex/MatcherBeanInfo done
Event: 319.734 Loading class java/util/regex/MatcherBeanInfo
Event: 319.734 Loading class java/util/regex/MatcherBeanInfo done
Event: 319.735 Loading class java/util/regex/MatcherCustomizer
Event: 319.735 Loading class java/util/regex/MatcherCustomizer done
Event: 319.735 Loading class java/util/regex/MatcherCustomizer
Event: 319.735 Loading class java/util/regex/MatcherCustomizer done
Event: 319.736 Loading class java/beans/ParameterDescriptor
Event: 319.740 Loading class java/beans/ParameterDescriptor done
Event: 381.403 Loading class sun/security/ssl/ServerNameExtension$SHServerNamesSpec
Event: 381.415 Loading class sun/security/ssl/ServerNameExtension$SHServerNamesSpec done

Classes unloaded (20 events):
Event: 411.864 Thread 0x000001daf54b08c0 Unloading class 0x000001daa2aa6508 '_BuildScript_$_run_closure1'
Event: 411.864 Thread 0x000001daf54b08c0 Unloading class 0x000001daa2aa6000 '_BuildScript_'
Event: 411.864 Thread 0x000001daf54b08c0 Unloading class 0x000001daa2aa48f0 '_BuildScript_$_run_closure1$_closure2'
Event: 411.864 Thread 0x000001daf54b08c0 Unloading class 0x000001daa2aa4500 '_BuildScript_$_run_closure1'
Event: 411.864 Thread 0x000001daf54b08c0 Unloading class 0x000001daa2aa4000 '_BuildScript_'
Event: 411.865 Thread 0x000001daf54b08c0 Unloading class 0x000001daa2a65000 '_BuildScript_$_run_closure1$_closure2'
Event: 411.865 Thread 0x000001daf54b08c0 Unloading class 0x000001daa2a64400 '_BuildScript_$_run_closure1'
Event: 411.865 Thread 0x000001daf54b08c0 Unloading class 0x000001daa2a64800 '_BuildScript_'
Event: 411.866 Thread 0x000001daf54b08c0 Unloading class 0x000001daa2a3b000 '_BuildScript_$_run_closure1'
Event: 411.866 Thread 0x000001daf54b08c0 Unloading class 0x000001daa2a3a800 '_BuildScript_'
Event: 411.866 Thread 0x000001daf54b08c0 Unloading class 0x000001daa2a293b0 '_BuildScript_$_run_closure1$_closure6'
Event: 411.866 Thread 0x000001daf54b08c0 Unloading class 0x000001daa2a28fc0 '_BuildScript_$_run_closure1$_closure5'
Event: 411.866 Thread 0x000001daf54b08c0 Unloading class 0x000001daa2a28bd0 '_BuildScript_$_run_closure1$_closure4'
Event: 411.866 Thread 0x000001daf54b08c0 Unloading class 0x000001daa2a287e0 '_BuildScript_$_run_closure1$_closure3'
Event: 411.866 Thread 0x000001daf54b08c0 Unloading class 0x000001daa2a283f0 '_BuildScript_$_run_closure1$_closure2'
Event: 411.866 Thread 0x000001daf54b08c0 Unloading class 0x000001daa2a28000 '_BuildScript_$_run_closure1'
Event: 411.866 Thread 0x000001daf54b08c0 Unloading class 0x000001daa2a23800 '_BuildScript_'
Event: 411.867 Thread 0x000001daf54b08c0 Unloading class 0x000001daa2a213f0 '_BuildScript_$_run_closure1$_closure2'
Event: 411.867 Thread 0x000001daf54b08c0 Unloading class 0x000001daa2a21000 '_BuildScript_$_run_closure1'
Event: 411.867 Thread 0x000001daf54b08c0 Unloading class 0x000001daa2a20800 '_BuildScript_'

Classes redefined (0 events):
No events

Internal exceptions (20 events):
Event: 405.448 Thread 0x000001dafa87e8f0 Exception <a 'sun/nio/fs/WindowsException'{0x0000000627d9ae18}> (0x0000000627d9ae18) 
thrown [s\src\hotspot\share\prims\jni.cpp, line 520]
Event: 405.477 Thread 0x000001db12962770 Exception <a 'sun/nio/fs/WindowsException'{0x0000000626828268}> (0x0000000626828268) 
thrown [s\src\hotspot\share\prims\jni.cpp, line 520]
Event: 406.614 Thread 0x000001db12961a50 Exception <a 'sun/nio/fs/WindowsException'{0x00000006238eece8}> (0x00000006238eece8) 
thrown [s\src\hotspot\share\prims\jni.cpp, line 520]
Event: 406.868 Thread 0x000001dafa87e8f0 Exception <a 'sun/nio/fs/WindowsException'{0x0000000623e5f4b8}> (0x0000000623e5f4b8) 
thrown [s\src\hotspot\share\prims\jni.cpp, line 520]
Event: 407.218 Thread 0x000001db12962770 Exception <a 'sun/nio/fs/WindowsException'{0x000000062249a6a8}> (0x000000062249a6a8) 
thrown [s\src\hotspot\share\prims\jni.cpp, line 520]
Event: 414.926 Thread 0x000001db12961a50 Implicit null exception at 0x000001da91411aa1 to 0x000001da91411f34
Event: 416.741 Thread 0x000001dafa87e8f0 Exception <a 'sun/nio/fs/WindowsException'{0x000000062d0321c8}> (0x000000062d0321c8) 
thrown [s\src\hotspot\share\prims\jni.cpp, line 520]
Event: 417.550 Thread 0x000001db12963490 Exception <a 'sun/nio/fs/WindowsException'{0x000000062a985618}> (0x000000062a985618) 
thrown [s\src\hotspot\share\prims\jni.cpp, line 520]
Event: 420.008 Thread 0x000001dafa87e8f0 Exception <a 'sun/nio/fs/WindowsException'{0x00000006275b8fc0}> (0x00000006275b8fc0) 
thrown [s\src\hotspot\share\prims\jni.cpp, line 520]
Event: 420.192 Thread 0x000001db12962770 Exception <a 'sun/nio/fs/WindowsException'{0x0000000626c67008}> (0x0000000626c67008) 
thrown [s\src\hotspot\share\prims\jni.cpp, line 520]
Event: 420.248 Thread 0x000001db12963490 Exception <a 'sun/nio/fs/WindowsException'{0x0000000626fcafa8}> (0x0000000626fcafa8) 
thrown [s\src\hotspot\share\prims\jni.cpp, line 520]
Event: 421.175 Thread 0x000001db12963490 Exception <a 'sun/nio/fs/WindowsException'{0x0000000624066408}> (0x0000000624066408) 
thrown [s\src\hotspot\share\prims\jni.cpp, line 520]
Event: 421.428 Thread 0x000001db12962770 Exception <a 'sun/nio/fs/WindowsException'{0x000000062364ab80}> (0x000000062364ab80) 
thrown [s\src\hotspot\share\prims\jni.cpp, line 520]
Event: 422.763 Thread 0x000001db12963490 Exception <a 'sun/nio/fs/WindowsException'{0x000000063543cfd8}> (0x000000063543cfd8) 
thrown [s\src\hotspot\share\prims\jni.cpp, line 520]
Event: 422.831 Thread 0x000001db12962770 Exception <a 'sun/nio/fs/WindowsException'{0x0000000634cca298}> (0x0000000634cca298) 
thrown [s\src\hotspot\share\prims\jni.cpp, line 520]
Event: 422.941 Thread 0x000001db12963490 Exception <a 'sun/nio/fs/WindowsException'{0x0000000633f45760}> (0x0000000633f45760) 
thrown [s\src\hotspot\share\prims\jni.cpp, line 520]
Event: 423.240 Thread 0x000001db12963490 Exception <a 'sun/nio/fs/WindowsException'{0x00000006304eab58}> (0x00000006304eab58) 
thrown [s\src\hotspot\share\prims\jni.cpp, line 520]
Event: 423.254 Thread 0x000001db12962770 Exception <a 'sun/nio/fs/WindowsException'{0x000000062f7ca4b8}> (0x000000062f7ca4b8) 
thrown [s\src\hotspot\share\prims\jni.cpp, line 520]
Event: 423.423 Thread 0x000001db12963490 Exception <a 'sun/nio/fs/WindowsException'{0x000000062d001ad8}> (0x000000062d001ad8) 
thrown [s\src\hotspot\share\prims\jni.cpp, line 520]
Event: 423.611 Thread 0x000001dafa87e8f0 Exception <a 'sun/nio/fs/WindowsException'{0x000000062ca1d870}> (0x000000062ca1d870) 
thrown [s\src\hotspot\share\prims\jni.cpp, line 520]

ZGC Phase Switch (0 events):
No events

VM Operations (20 events):
Event: 421.566 Executing non-safepoint VM operation: RendezvousGCThreads done
Event: 421.879 Executing safepoint VM operation: G1CollectForAllocation (G1 Evacuation Pause)
Event: 422.038 Executing safepoint VM operation: G1CollectForAllocation (G1 Evacuation Pause) done
Event: 423.051 Executing safepoint VM operation: Cleanup
Event: 423.066 Executing safepoint VM operation: Cleanup done
Event: 424.079 Executing safepoint VM operation: Cleanup
Event: 424.080 Executing safepoint VM operation: Cleanup done
Event: 425.082 Executing safepoint VM operation: Cleanup
Event: 425.082 Executing safepoint VM operation: Cleanup done
Event: 426.909 Executing safepoint VM operation: G1CollectForAllocation (G1 Evacuation Pause)
Event: 427.221 Executing safepoint VM operation: G1CollectForAllocation (G1 Evacuation Pause) done
Event: 427.389 Executing safepoint VM operation: G1CollectForAllocation (G1 Evacuation Pause)
Event: 427.692 Executing safepoint VM operation: G1CollectForAllocation (G1 Evacuation Pause) done
Event: 428.693 Executing safepoint VM operation: Cleanup
Event: 428.693 Executing safepoint VM operation: Cleanup done
Event: 429.698 Executing safepoint VM operation: Cleanup
Event: 429.698 Executing safepoint VM operation: Cleanup done
Event: 430.701 Executing safepoint VM operation: Cleanup
Event: 430.701 Executing safepoint VM operation: Cleanup done
Event: 430.758 Executing safepoint VM operation: G1CollectForAllocation (G1 Evacuation Pause)

Memory protections (0 events):
No events

Nmethod flushes (20 events):
Event: 414.197 Thread 0x000001daf54b08c0 flushing  nmethod 0x000001da81c4bf10
Event: 414.197 Thread 0x000001daf54b08c0 flushing osr nmethod 0x000001da81c70610
Event: 414.197 Thread 0x000001daf54b08c0 flushing  nmethod 0x000001da81d7c810
Event: 414.198 Thread 0x000001daf54b08c0 flushing  nmethod 0x000001da81d7da10
Event: 414.198 Thread 0x000001daf54b08c0 flushing  nmethod 0x000001da81d7dd90
Event: 414.198 Thread 0x000001daf54b08c0 flushing  nmethod 0x000001da81d94990
Event: 414.198 Thread 0x000001daf54b08c0 flushing  nmethod 0x000001da81db4b90
Event: 414.198 Thread 0x000001daf54b08c0 flushing  nmethod 0x000001da822c0410
Event: 414.199 Thread 0x000001daf54b08c0 flushing  nmethod 0x000001da822c1910
Event: 414.199 Thread 0x000001daf54b08c0 flushing  nmethod 0x000001da822cb710
Event: 414.199 Thread 0x000001daf54b08c0 flushing osr nmethod 0x000001da822f3b90
Event: 414.199 Thread 0x000001daf54b08c0 flushing  nmethod 0x000001da8241a590
Event: 414.199 Thread 0x000001daf54b08c0 flushing  nmethod 0x000001da824aee90
Event: 414.199 Thread 0x000001daf54b08c0 flushing  nmethod 0x000001da824b3c10
Event: 414.199 Thread 0x000001daf54b08c0 flushing  nmethod 0x000001da824eb590
Event: 414.199 Thread 0x000001daf54b08c0 flushing  nmethod 0x000001da825eac90
Event: 414.199 Thread 0x000001daf54b08c0 flushing  nmethod 0x000001da83392910
Event: 414.200 Thread 0x000001daf54b08c0 flushing  nmethod 0x000001da833e1110
Event: 414.200 Thread 0x000001daf54b08c0 flushing  nmethod 0x000001da833e2c10
Event: 414.200 Thread 0x000001daf54b08c0 flushing  nmethod 0x000001da8340b290

Events (20 events):
Event: 242.492 Thread 0x000001dafa87e8f0 Thread added: 0x000001db0757a2d0
Event: 243.508 Thread 0x000001dafa87e8f0 Thread added: 0x000001db075767c0
Event: 301.952 Thread 0x000001dafa880330 Thread added: 0x000001db0757f820
Event: 301.953 Thread 0x000001dafa880330 Thread added: 0x000001db07581f80
Event: 301.953 Thread 0x000001dafa880330 Thread added: 0x000001db07584050
Event: 309.133 Thread 0x000001dafa87e8f0 Thread added: 0x000001db07580bd0
Event: 330.481 Thread 0x000001dafa87e8f0 Thread added: 0x000001db08b90d40
Event: 330.495 Thread 0x000001dafa87e8f0 Thread added: 0x000001db08b934a0
Event: 330.496 Thread 0x000001dafa87e8f0 Thread added: 0x000001db08b941c0
Event: 330.857 Thread 0x000001dafa87e8f0 Thread added: 0x000001db08b95c00
Event: 330.859 Thread 0x000001dafa87e8f0 Thread added: 0x000001db08b920f0
Event: 330.861 Thread 0x000001dafa87e8f0 Thread added: 0x000001db08b92e10
Event: 332.429 Thread 0x000001dafa87e8f0 Thread added: 0x000001db08b90020
Event: 332.429 Thread 0x000001dafa87e8f0 Thread added: 0x000001db08b906b0
Event: 332.430 Thread 0x000001dafa87e8f0 Thread added: 0x000001db08b96920
Event: 361.971 Thread 0x000001dafa87f610 Thread exited: 0x000001dafa87f610
Event: 372.808 Thread 0x000001db07584050 Thread exited: 0x000001db07584050
Event: 373.498 Thread 0x000001db0757f820 Thread exited: 0x000001db0757f820
Event: 380.980 Thread 0x000001dafa87e8f0 Thread added: 0x000001db08b98360
Event: 380.980 Thread 0x000001dafa87e8f0 Thread added: 0x000001db08b9aac0


Dynamic libraries:
0x00007ff796330000 - 0x00007ff79633e000 	C:\Users\HP\.vscode\extensions\redhat.java-1.55.0-win32-x64\jre\21.0.11-win32-x86_64\bin\java.exe
0x00007fffbbf70000 - 0x00007fffbc168000 	C:\WINDOWS\SYSTEM32\ntdll.dll
0x00007fffba0c0000 - 0x00007fffba182000 	C:\WINDOWS\System32\KERNEL32.DLL
0x00007fffb9810000 - 0x00007fffb9b06000 	C:\WINDOWS\System32\KERNELBASE.dll
0x00007fffb9d80000 - 0x00007fffb9e80000 	C:\WINDOWS\System32\ucrtbase.dll
0x00007fff84500000 - 0x00007fff84518000 	C:\Users\HP\.vscode\extensions\redhat.java-1.55.0-win32-x64\jre\21.0.11-win32-x86_64\bin\jli.dll
0x00007fff8b6c0000 - 0x00007fff8b6de000 	C:\Users\HP\.vscode\extensions\redhat.java-1.55.0-win32-x64\jre\21.0.11-win32-x86_64\bin\VCRUNTIME140.dll
0x00007fffbacf0000 - 0x00007fffbae91000 	C:\WINDOWS\System32\USER32.dll
0x00007fffb9b10000 - 0x00007fffb9b32000 	C:\WINDOWS\System32\win32u.dll
0x00007fffbb3c0000 - 0x00007fffbb3eb000 	C:\WINDOWS\System32\GDI32.dll
0x00007fffb9c30000 - 0x00007fffb9d49000 	C:\WINDOWS\System32\gdi32full.dll
0x00007fffb9b40000 - 0x00007fffb9bdd000 	C:\WINDOWS\System32\msvcp_win.dll
0x00007fff9c800000 - 0x00007fff9ca9b000 	C:\WINDOWS\WinSxS\amd64_microsoft.windows.common-controls_6595b64144ccf1df_6.0.19041.6456_none_60b8a6cb71f64256\COMCTL32.dll
0x00007fffba410000 - 0x00007fffba4ae000 	C:\WINDOWS\System32\msvcrt.dll
0x00007fffb9ff0000 - 0x00007fffba01f000 	C:\WINDOWS\System32\IMM32.DLL
0x00007fffb0b90000 - 0x00007fffb0b9c000 	C:\Users\HP\.vscode\extensions\redhat.java-1.55.0-win32-x64\jre\21.0.11-win32-x86_64\bin\vcruntime140_1.dll
0x00007fff78680000 - 0x00007fff7870d000 	C:\Users\HP\.vscode\extensions\redhat.java-1.55.0-win32-x64\jre\21.0.11-win32-x86_64\bin\msvcp140.dll
0x00007fff4b2e0000 - 0x00007fff4c082000 	C:\Users\HP\.vscode\extensions\redhat.java-1.55.0-win32-x64\jre\21.0.11-win32-x86_64\bin\server\jvm.dll
0x00007fffba350000 - 0x00007fffba401000 	C:\WINDOWS\System32\ADVAPI32.dll
0x00007fffbb820000 - 0x00007fffbb8bf000 	C:\WINDOWS\System32\sechost.dll
0x00007fffbb8c0000 - 0x00007fffbb9e0000 	C:\WINDOWS\System32\RPCRT4.dll
0x00007fffb9d50000 - 0x00007fffb9d77000 	C:\WINDOWS\System32\bcrypt.dll
0x00007fffbac80000 - 0x00007fffbaceb000 	C:\WINDOWS\System32\WS2_32.dll
0x00007fffb9460000 - 0x00007fffb94ab000 	C:\WINDOWS\SYSTEM32\POWRPROF.dll
0x00007fffa4310000 - 0x00007fffa4337000 	C:\WINDOWS\SYSTEM32\WINMM.dll
0x00007fffacd40000 - 0x00007fffacd4a000 	C:\WINDOWS\SYSTEM32\VERSION.dll
0x00007fffb9440000 - 0x00007fffb9452000 	C:\WINDOWS\SYSTEM32\UMPDC.dll
0x00007fffb7e10000 - 0x00007fffb7e22000 	C:\WINDOWS\SYSTEM32\kernel.appcore.dll
0x00007fffb09a0000 - 0x00007fffb09aa000 	C:\Users\HP\.vscode\extensions\redhat.java-1.55.0-win32-x64\jre\21.0.11-win32-x86_64\bin\jimage.dll
0x00007fffb41b0000 - 0x00007fffb43b1000 	C:\WINDOWS\SYSTEM32\DBGHELP.DLL
0x00007fff95b00000 - 0x00007fff95b34000 	C:\WINDOWS\SYSTEM32\dbgcore.DLL
0x00007fffb9e80000 - 0x00007fffb9f02000 	C:\WINDOWS\System32\bcryptPrimitives.dll
0x00007fffa1800000 - 0x00007fffa180f000 	C:\Users\HP\.vscode\extensions\redhat.java-1.55.0-win32-x64\jre\21.0.11-win32-x86_64\bin\instrument.dll
0x00007fff84110000 - 0x00007fff84130000 	C:\Users\HP\.vscode\extensions\redhat.java-1.55.0-win32-x64\jre\21.0.11-win32-x86_64\bin\java.dll
0x00007fffba510000 - 0x00007fffbac80000 	C:\WINDOWS\System32\SHELL32.dll
0x00007fffb7620000 - 0x00007fffb7dc5000 	C:\WINDOWS\SYSTEM32\windows.storage.dll
0x00007fffbb9e0000 - 0x00007fffbbd34000 	C:\WINDOWS\System32\combase.dll
0x00007fffb8f50000 - 0x00007fffb8f7b000 	C:\WINDOWS\SYSTEM32\Wldp.dll
0x00007fffba190000 - 0x00007fffba25d000 	C:\WINDOWS\System32\OLEAUT32.dll
0x00007fffbbe80000 - 0x00007fffbbf2d000 	C:\WINDOWS\System32\SHCORE.dll
0x00007fffbb7c0000 - 0x00007fffbb81b000 	C:\WINDOWS\System32\shlwapi.dll
0x00007fffb9530000 - 0x00007fffb9554000 	C:\WINDOWS\SYSTEM32\profapi.dll
0x00007fff836a0000 - 0x00007fff836b8000 	C:\Users\HP\.vscode\extensions\redhat.java-1.55.0-win32-x64\jre\21.0.11-win32-x86_64\bin\zip.dll
0x00007fffaded0000 - 0x00007fffadee0000 	C:\Users\HP\.vscode\extensions\redhat.java-1.55.0-win32-x64\jre\21.0.11-win32-x86_64\bin\net.dll
0x00007fffab1b0000 - 0x00007fffab2ba000 	C:\WINDOWS\SYSTEM32\WINHTTP.dll
0x00007fffb8cb0000 - 0x00007fffb8d1a000 	C:\WINDOWS\system32\mswsock.dll
0x00007fff833b0000 - 0x00007fff833c6000 	C:\Users\HP\.vscode\extensions\redhat.java-1.55.0-win32-x64\jre\21.0.11-win32-x86_64\bin\nio.dll
0x00007fffa14b0000 - 0x00007fffa14c0000 	C:\Users\HP\.vscode\extensions\redhat.java-1.55.0-win32-x64\jre\21.0.11-win32-x86_64\bin\verify.dll
0x00007fff83f70000 - 0x00007fff83f97000 	D:\Gradle\native\1def1411415f61bf3af743bc5b6707747c0891f09f0c88961ee8f79bc544acac\windows-amd64\native-platform.dll
0x00007fff7f250000 - 0x00007fff7f2c7000 	D:\Gradle\native\0.2.8\x86_64-windows-gnu\gradle-fileevents.dll
0x00007fffa3120000 - 0x00007fffa312a000 	C:\Users\HP\.vscode\extensions\redhat.java-1.55.0-win32-x64\jre\21.0.11-win32-x86_64\bin\management.dll
0x00007fffa3110000 - 0x00007fffa311c000 	C:\Users\HP\.vscode\extensions\redhat.java-1.55.0-win32-x64\jre\21.0.11-win32-x86_64\bin\management_ext.dll
0x00007fffba020000 - 0x00007fffba028000 	C:\WINDOWS\System32\PSAPI.DLL
0x00007fffb8990000 - 0x00007fffb89cb000 	C:\WINDOWS\SYSTEM32\IPHLPAPI.DLL
0x00007fffbbd40000 - 0x00007fffbbd48000 	C:\WINDOWS\System32\NSI.dll
0x00007fffb27e0000 - 0x00007fffb27e9000 	C:\Users\HP\.vscode\extensions\redhat.java-1.55.0-win32-x64\jre\21.0.11-win32-x86_64\bin\extnet.dll
0x00007fffb8ea0000 - 0x00007fffb8eb8000 	C:\WINDOWS\SYSTEM32\CRYPTSP.dll
0x00007fffb85d0000 - 0x00007fffb8608000 	C:\WINDOWS\system32\rsaenh.dll
0x00007fffb94f0000 - 0x00007fffb951e000 	C:\WINDOWS\SYSTEM32\USERENV.dll
0x00007fffb8ec0000 - 0x00007fffb8ecc000 	C:\WINDOWS\SYSTEM32\CRYPTBASE.dll
0x00007fffb27f0000 - 0x00007fffb27fe000 	C:\Users\HP\.vscode\extensions\redhat.java-1.55.0-win32-x64\jre\21.0.11-win32-x86_64\bin\sunmscapi.dll
0x00007fffb9600000 - 0x00007fffb975d000 	C:\WINDOWS\System32\CRYPT32.dll
0x00007fffb8fc0000 - 0x00007fffb8fe7000 	C:\WINDOWS\SYSTEM32\ncrypt.dll
0x00007fffb8f80000 - 0x00007fffb8fbb000 	C:\WINDOWS\SYSTEM32\NTASN1.dll
0x00007fff8eda0000 - 0x00007fff8eda7000 	C:\WINDOWS\system32\wshunix.dll
0x00007fffb8820000 - 0x00007fffb8853000 	C:\WINDOWS\SYSTEM32\ntmarta.dll
0x00007fffb89d0000 - 0x00007fffb8a9a000 	C:\WINDOWS\SYSTEM32\DNSAPI.dll
0x00007fffadfc0000 - 0x00007fffadfca000 	C:\Windows\System32\rasadhlp.dll
0x00007fffa1580000 - 0x00007fffa1600000 	C:\WINDOWS\System32\fwpuclnt.dll

JVMTI agents:
D:\Gradle\wrapper\dists\gradle-9.1.0-all\7wzd0jkjit61aq2p43wpjgij9\gradle-9.1.0\lib\agents\gradle-instrumentation-agent-9.1.0.jar path:C:\Users\HP\.vscode\extensions\redhat.java-1.55.0-win32-x64\jre\21.0.11-win32-x86_64\bin\instrument.dll, loaded, initialized, instrumentlib options:none

dbghelp: loaded successfully - version: 4.0.5 - missing functions: none
symbol engine: initialized successfully - sym options: 0x614 - pdb path: .;C:\Users\HP\.vscode\extensions\redhat.java-1.55.0-win32-x64\jre\21.0.11-win32-x86_64\bin;C:\WINDOWS\SYSTEM32;C:\WINDOWS\WinSxS\amd64_microsoft.windows.common-controls_6595b64144ccf1df_6.0.19041.6456_none_60b8a6cb71f64256;C:\Users\HP\.vscode\extensions\redhat.java-1.55.0-win32-x64\jre\21.0.11-win32-x86_64\bin\server;D:\Gradle\native\1def1411415f61bf3af743bc5b6707747c0891f09f0c88961ee8f79bc544acac\windows-amd64;D:\Gradle\native\0.2.8\x86_64-windows-gnu

VM Arguments:
jvm_args: --add-opens=java.base/java.lang=ALL-UNNAMED --add-opens=java.base/java.lang.invoke=ALL-UNNAMED --add-opens=java.base/java.util=ALL-UNNAMED --add-opens=java.prefs/java.util.prefs=ALL-UNNAMED --add-exports=jdk.compiler/com.sun.tools.javac.api=ALL-UNNAMED --add-exports=jdk.compiler/com.sun.tools.javac.util=ALL-UNNAMED --add-opens=java.base/java.util=ALL-UNNAMED --add-opens=java.prefs/java.util.prefs=ALL-UNNAMED --add-opens=java.base/java.nio.charset=ALL-UNNAMED --add-opens=java.base/java.net=ALL-UNNAMED --add-opens=java.base/java.util.concurrent=ALL-UNNAMED --add-opens=java.base/java.util.concurrent.atomic=ALL-UNNAMED --add-opens=java.xml/javax.xml.namespace=ALL-UNNAMED --add-opens=java.base/java.time=ALL-UNNAMED -XX:MaxMetaspaceSize=4G -XX:ReservedCodeCacheSize=512m -XX:+HeapDumpOnOutOfMemoryError -Xmx8G -Dfile.encoding=UTF-8 -Duser.country=US -Duser.language=en -Duser.variant -javaagent:D:\Gradle\wrapper\dists\gradle-9.1.0-all\7wzd0jkjit61aq2p43wpjgij9\gradle-9.1.0\lib\agents\gradle-instrumentation-agent-9.1.0.jar 
java_command: org.gradle.launcher.daemon.bootstrap.GradleDaemon 9.1.0
java_class_path (initial): D:\Gradle\wrapper\dists\gradle-9.1.0-all\7wzd0jkjit61aq2p43wpjgij9\gradle-9.1.0\lib\gradle-daemon-main-9.1.0.jar
Launcher Type: SUN_STANDARD

[Global flags]
     intx CICompilerCount                          = 3                                         {product} {ergonomic}
     uint ConcGCThreads                            = 1                                         {product} {ergonomic}
     uint G1ConcRefinementThreads                  = 4                                         {product} {ergonomic}
   size_t G1HeapRegionSize                         = 4194304                                   {product} {ergonomic}
    uintx GCDrainStackTargetSize                   = 64                                        {product} {ergonomic}
     bool HeapDumpOnOutOfMemoryError               = true                                   {manageable} {command line}
   size_t InitialHeapSize                          = 134217728                                 {product} {ergonomic}
   size_t MarkStackSize                            = 4194304                                   {product} {ergonomic}
   size_t MaxHeapSize                              = 8589934592                                {product} {command line}
   size_t MaxMetaspaceSize                         = 4294967296                                {product} {command line}
   size_t MaxNewSize                               = 5150605312                                {product} {ergonomic}
   size_t MinHeapDeltaBytes                        = 4194304                                   {product} {ergonomic}
   size_t MinHeapSize                              = 8388608                                   {product} {ergonomic}
    uintx NonNMethodCodeHeapSize                   = 5832780                                {pd product} {ergonomic}
    uintx NonProfiledCodeHeapSize                  = 265519066                              {pd product} {ergonomic}
    uintx ProfiledCodeHeapSize                     = 265519066                              {pd product} {ergonomic}
    uintx ReservedCodeCacheSize                    = 536870912                              {pd product} {command line}
     bool SegmentedCodeCache                       = true                                      {product} {ergonomic}
   size_t SoftMaxHeapSize                          = 8589934592                             {manageable} {ergonomic}
     bool UseCompressedOops                        = true                           {product lp64_product} {ergonomic}
     bool UseG1GC                                  = true                                      {product} {ergonomic}
     bool UseLargePagesIndividualAllocation        = false                                  {pd product} {ergonomic}

Logging:
Log output configuration:
 #0: stdout all=warning uptime,level,tags foldmultilines=false
 #1: stderr all=off uptime,level,tags foldmultilines=false

Release file:
JAVA_VERSION="21.0.11" 
MODULES="java.base java.compiler java.datatransfer java.xml java.prefs java.desktop java.instrument java.logging java.management java.security.sasl java.naming java.rmi java.management.rmi java.net.http java.scripting java.security.jgss java.transaction.xa java.sql java.sql.rowset java.xml.crypto java.se java.smartcardio jdk.accessibility jdk.internal.jvmstat jdk.attach jdk.charsets jdk.internal.opt jdk.zipfs jdk.compiler jdk.crypto.ec jdk.crypto.cryptoki jdk.crypto.mscapi jdk.dynalink jdk.internal.ed jdk.editpad jdk.hotspot.agent jdk.httpserver jdk.internal.le jdk.internal.vm.ci jdk.internal.vm.compiler jdk.internal.vm.compiler.management jdk.jartool jdk.javadoc jdk.jcmd jdk.management jdk.management.agent jdk.jconsole jdk.jdeps jdk.jdwp.agent jdk.jdi jdk.jfr jdk.jshell jdk.jsobject jdk.jstatd jdk.localedata jdk.management.jfr jdk.naming.dns jdk.naming.rmi jdk.net jdk.nio.mapmode jdk.random jdk.sctp jdk.security.auth jdk.security.jgss jdk.unsupported jdk.unsupported.desktop jdk.xml.dom" 

Environment Variables:
PATH=C:\Program Files\Common Files\Oracle\Java\javapath;C:\Program Files (x86)\Common Files\Intel\Shared Libraries\redist\intel64\compiler;C:\WINDOWS\system32;C:\WINDOWS;C:\WINDOWS\System32\Wbem;C:\WINDOWS\System32\WindowsPowerShell\v1.0\;C:\WINDOWS\System32\OpenSSH\;C:\Program Files\Git\cmd;C:\Users\HP\Desktop\flutter\bin;C:\Users\HP\AppData\Local\nvm;C:\nvm4w\nodejs;D:\xampp\php;C:\ProgramData\ComposerSetup\bin;D:\flutter\bin;D:\Oracle\Java\jdk-21.0.12\bin;D:\flutter\bin;C:\Users\HP\AppData\Local\Programs\Microsoft VS Code\bin;D:\JetBrains\IntelliJ IDEA 2026.2.0.1\bin
USERNAME=ADNARG
OS=Windows_NT
PROCESSOR_IDENTIFIER=Intel64 Family 6 Model 78 Stepping 3, GenuineIntel
TMP=D:\Temp
TEMP=D:\Temp




Periodic native trim disabled

---------------  S Y S T E M  ---------------

OS:
 Windows 10 , 64 bit Build 19041 (10.0.19041.5915)
OS uptime: 1 days 3:20 hours

CPU: total 4 (initial active 4) (2 cores per cpu, 2 threads per core) family 6 model 78 stepping 3 microcode 0xf0, cx8, cmov, fxsr, ht, mmx, 3dnowpref, sse, sse2, sse3, ssse3, sse4.1, sse4.2, popcnt, lzcnt, tsc, tscinvbit, avx, avx2, aes, erms, clmul, bmi1, bmi2, rtm, adx, fma, vzeroupper, clflush, clflushopt, rdtscp, f16c
Processor Information for the first 4 processors :
  Max Mhz: 2496, Current Mhz: 2396, Mhz Limit: 2396

Memory: 4k page, system-wide physical 8071M (110M free)
TotalPageFile size 19680M (AvailPageFile size 785M)
current process WorkingSet (physical memory assigned to process): 1214M, peak: 1214M
current process commit charge ("private bytes"): 1505M, peak: 2764M

vm_info: OpenJDK 64-Bit Server VM (21.0.11+10-LTS) for windows-amd64 JRE (21.0.11+10-LTS), built on 2026-04-21T00:00:00Z by "admin" with MS VC++ 17.12 (VS2022)

END.
