#
# There is insufficient memory for the Java Runtime Environment to continue.
# Native memory allocation (malloc) failed to allocate 798176 bytes. Error detail: Chunk::new
# Possible reasons:
#   The system is out of physical RAM or swap space
#   This process is running with CompressedOops enabled, and the Java Heap may be blocking the growth of the native heap
# Possible solutions:
#   Reduce memory load on the system
#   Increase physical memory or swap space
#   Check if swap backing store is full
#   Decrease Java heap size (-Xmx/-Xms)
#   Decrease number of Java threads
#   Decrease Java thread stack sizes (-Xss)
#   Set larger code cache with -XX:ReservedCodeCacheSize=
#   JVM is running with Zero Based Compressed Oops mode in which the Java heap is
#     placed in the first 32GB address space. The Java Heap base address is the
#     maximum limit for the native heap growth. Please use -XX:HeapBaseMinAddress
#     to set the Java Heap base and to place the Java Heap above 32GB virtual address.
# This output file may be truncated or incomplete.
#
#  Out of Memory Error (arena.cpp:168), pid=12776, tid=15412
#
# JRE version: OpenJDK Runtime Environment Temurin-21.0.12.1+1 (21.0.12.1+1) (build 21.0.12.1+1-LTS)
# Java VM: OpenJDK 64-Bit Server VM Temurin-21.0.12.1+1 (21.0.12.1+1-LTS, mixed mode, sharing, tiered, compressed oops, compressed class ptrs, g1 gc, windows-amd64)
# No core dump will be written. Minidumps are not enabled by default on client versions of Windows
#

---------------  S U M M A R Y ------------

Command Line: --add-opens=java.base/java.lang=ALL-UNNAMED --add-opens=java.base/java.lang.invoke=ALL-UNNAMED --add-opens=java.base/java.util=ALL-UNNAMED --add-opens=java.prefs/java.util.prefs=ALL-UNNAMED --add-exports=jdk.compiler/com.sun.tools.javac.api=ALL-UNNAMED --add-exports=jdk.compiler/com.sun.tools.javac.util=ALL-UNNAMED --add-opens=java.base/java.util=ALL-UNNAMED --add-opens=java.prefs/java.util.prefs=ALL-UNNAMED --add-opens=java.base/java.nio.charset=ALL-UNNAMED --add-opens=java.base/java.net=ALL-UNNAMED --add-opens=java.base/java.util.concurrent=ALL-UNNAMED --add-opens=java.base/java.util.concurrent.atomic=ALL-UNNAMED --add-opens=java.xml/javax.xml.namespace=ALL-UNNAMED --add-opens=java.base/java.time=ALL-UNNAMED -XX:MaxMetaspaceSize=4G -XX:ReservedCodeCacheSize=512m -XX:+HeapDumpOnOutOfMemoryError -Xmx8G -Dfile.encoding=UTF-8 -Duser.country=US -Duser.language=en -Duser.variant -javaagent:D:\Gradle\wrapper\dists\gradle-9.1.0-all\7wzd0jkjit61aq2p43wpjgij9\gradle-9.1.0\lib\agents\gradle-instrumentation-agent-9.1.0.jar org.gradle.launcher.daemon.bootstrap.GradleDaemon 9.1.0

Host: Intel(R) Core(TM) i5-6300U CPU @ 2.40GHz, 4 cores, 7G,  Windows 10 , 64 bit Build 19041 (10.0.19041.5915)
Time: Thu Oct  1 13:08:24 2026 elapsed time: 100.572653 seconds (0d 0h 1m 40s)

---------------  T H R E A D  ---------------

Current thread (0x000001f738d25a00):  JavaThread "C2 CompilerThread0" daemon [_thread_in_native, id=15412, stack(0x000000eb89600000,0x000000eb89700000) (1024K)]


Current CompileTask:
C2:100572 20637   !   4       org.gradle.cache.internal.locklistener.DefaultFileLockContentionHandler::maybePingOwner (160 bytes)

Stack: [0x000000eb89600000,0x000000eb89700000]
Native frames: (J=compiled Java code, j=interpreted, Vv=VM code, C=native code)
V  [jvm.dll+0x6d83e9]
V  [jvm.dll+0x8b5736]
V  [jvm.dll+0x8b7cee]
V  [jvm.dll+0x8b83d3]
V  [jvm.dll+0x284596]
V  [jvm.dll+0xc685d]
V  [jvm.dll+0xc6da1]
V  [jvm.dll+0x2fb5ae]
V  [jvm.dll+0x5fee94]
V  [jvm.dll+0x255d67]
V  [jvm.dll+0x24e0f4]
V  [jvm.dll+0x24bbe6]
V  [jvm.dll+0x1cb4ae]
V  [jvm.dll+0x25baad]
V  [jvm.dll+0x25a03a]
V  [jvm.dll+0x3f8aae]
V  [jvm.dll+0x8600cd]
V  [jvm.dll+0x6d6c1d]
C  [ucrtbase.dll+0x21bb2]
C  [KERNEL32.DLL+0x17374]
C  [ntdll.dll+0x4cc91]


---------------  P R O C E S S  ---------------

Threads class SMR info:
_java_thread_list=0x000001f704eacf90, length=87, elements={
0x000001f707235690, 0x000001f738d12bf0, 0x000001f738d13cc0, 0x000001f738d17ff0,
0x000001f738d1a2a0, 0x000001f738d1b650, 0x000001f738d1ca00, 0x000001f738d25a00,
0x000001f738d29670, 0x000001f77e136cf0, 0x000001f77e25c490, 0x000001f77ef901a0,
0x000001f7000e74b0, 0x000001f77ef891e0, 0x000001f77f028ae0, 0x000001f77eff3890,
0x000001f77eff3f20, 0x000001f77eff5ff0, 0x000001f77eff4c40, 0x000001f701759040,
0x000001f70175ec20, 0x000001f70175c4c0, 0x000001f701760660, 0x000001f70175b7a0,
0x000001f7008ea320, 0x000001f7008ea9b0, 0x000001f700bb60c0, 0x000001f704a6ee50,
0x000001f704a6e130, 0x000001f7032d07f0, 0x000001f77eff45b0, 0x000001f77eff52d0,
0x000001f77eff5960, 0x000001f7032cedb0, 0x000001f7032d5020, 0x000001f7032ce090,
0x000001f7032d1ba0, 0x000001f7032d4990, 0x000001f7032d2f50, 0x000001f7032cf440,
0x000001f7032d1510, 0x000001f7032d0160, 0x000001f7032d2230, 0x000001f7032d35e0,
0x000001f7032d3c70, 0x000001f7032d28c0, 0x000001f7032d4300, 0x000001f7008ef870,
0x000001f7008ec3f0, 0x000001f7008e9600, 0x000001f7008e9c90, 0x000001f7008ebd60,
0x000001f7008eb6d0, 0x000001f7008ef1e0, 0x000001f7008eca80, 0x000001f7008e8f70,
0x000001f7008eb040, 0x000001f7008ed7a0, 0x000001f7008ede30, 0x000001f7008eeb50,
0x000001f7008ee4c0, 0x000001f704a6fb70, 0x000001f704a72960, 0x000001f704a715b0,
0x000001f704a6c060, 0x000001f704a70200, 0x000001f704a71c40, 0x000001f704a6c6f0,
0x000001f704a72ff0, 0x000001f704a70f20, 0x000001f704a73680, 0x000001f70175f2b0,
0x000001f701759d60, 0x000001f70175df00, 0x000001f70175e590, 0x000001f70175f940,
0x000001f70175a3f0, 0x000001f700bb4d10, 0x000001f700bafe50, 0x000001f700bb04e0,
0x000001f704a6daa0, 0x000001f705f9edf0, 0x000001f705f9e0d0, 0x000001f705f9c000,
0x000001f705f98b80, 0x000001f705f99f30, 0x000001f705f9e760
}

Java Threads: ( => current thread )
  0x000001f707235690 JavaThread "main"                              [_thread_blocked, id=9728, stack(0x000000eb88800000,0x000000eb88900000) (1024K)]
  0x000001f738d12bf0 JavaThread "Reference Handler"          daemon [_thread_blocked, id=9868, stack(0x000000eb89000000,0x000000eb89100000) (1024K)]
  0x000001f738d13cc0 JavaThread "Finalizer"                  daemon [_thread_blocked, id=15196, stack(0x000000eb89100000,0x000000eb89200000) (1024K)]
  0x000001f738d17ff0 JavaThread "Signal Dispatcher"          daemon [_thread_blocked, id=20124, stack(0x000000eb89200000,0x000000eb89300000) (1024K)]
  0x000001f738d1a2a0 JavaThread "Attach Listener"            daemon [_thread_blocked, id=5240, stack(0x000000eb89300000,0x000000eb89400000) (1024K)]
  0x000001f738d1b650 JavaThread "Service Thread"             daemon [_thread_blocked, id=17948, stack(0x000000eb89400000,0x000000eb89500000) (1024K)]
  0x000001f738d1ca00 JavaThread "Monitor Deflation Thread"   daemon [_thread_blocked, id=18556, stack(0x000000eb89500000,0x000000eb89600000) (1024K)]
=>0x000001f738d25a00 JavaThread "C2 CompilerThread0"         daemon [_thread_in_native, id=15412, stack(0x000000eb89600000,0x000000eb89700000) (1024K)]
  0x000001f738d29670 JavaThread "C1 CompilerThread0"         daemon [_thread_blocked, id=6908, stack(0x000000eb89700000,0x000000eb89800000) (1024K)]
  0x000001f77e136cf0 JavaThread "Common-Cleaner"             daemon [_thread_blocked, id=2184, stack(0x000000eb89800000,0x000000eb89900000) (1024K)]
  0x000001f77e25c490 JavaThread "Notification Thread"        daemon [_thread_blocked, id=12180, stack(0x000000eb89900000,0x000000eb89a00000) (1024K)]
  0x000001f77ef901a0 JavaThread "Daemon health stats"               [_thread_blocked, id=1760, stack(0x000000eb89d00000,0x000000eb89e00000) (1024K)]
  0x000001f7000e74b0 JavaThread "Incoming local TCP Connector on port 61539"        [_thread_in_native, id=15236, stack(0x000000eb89e00000,0x000000eb89f00000) (1024K)]
  0x000001f77ef891e0 JavaThread "Daemon periodic checks"            [_thread_blocked, id=10512, stack(0x000000eb89f00000,0x000000eb8a000000) (1024K)]
  0x000001f77f028ae0 JavaThread "Daemon"                            [_thread_blocked, id=6932, stack(0x000000eb8a000000,0x000000eb8a100000) (1024K)]
  0x000001f77eff3890 JavaThread "Daemon worker"                     [_thread_in_native, id=17344, stack(0x000000eb8a300000,0x000000eb8a400000) (1024K)]
  0x000001f77eff3f20 JavaThread "Cache worker for journal cache (D:\Gradle\caches\journal-1)"        [_thread_blocked, id=3692, stack(0x000000eb8a700000,0x000000eb8a800000) (1024K)]
  0x000001f77eff5ff0 JavaThread "File lock request listener"        [_thread_in_native, id=15112, stack(0x000000eb8a800000,0x000000eb8a900000) (1024K)]
  0x000001f77eff4c40 JavaThread "Cache worker for file hash cache (D:\Gradle\caches\9.1.0\fileHashes)"        [_thread_blocked, id=18664, stack(0x000000eb8a900000,0x000000eb8aa00000) (1024K)]
  0x000001f701759040 JavaThread "File watcher server"        daemon [_thread_in_native, id=10728, stack(0x000000eb8ac00000,0x000000eb8ad00000) (1024K)]
  0x000001f70175ec20 JavaThread "File watcher consumer"      daemon [_thread_blocked, id=15284, stack(0x000000eb8ad00000,0x000000eb8ae00000) (1024K)]
  0x000001f70175c4c0 JavaThread "Cache worker for file content cache (D:\Gradle\caches\9.1.0\fileContent)"        [_thread_blocked, id=14496, stack(0x000000eb8af00000,0x000000eb8b000000) (1024K)]
  0x000001f701760660 JavaThread "jar transforms"                    [_thread_blocked, id=11048, stack(0x000000eb8b200000,0x000000eb8b300000) (1024K)]
  0x000001f70175b7a0 JavaThread "jar transforms Thread 2"           [_thread_blocked, id=4652, stack(0x000000eb8b300000,0x000000eb8b400000) (1024K)]
  0x000001f7008ea320 JavaThread "Memory manager"                    [_thread_blocked, id=6716, stack(0x000000eb8be00000,0x000000eb8bf00000) (1024K)]
  0x000001f7008ea9b0 JavaThread "included builds"                   [_thread_blocked, id=19928, stack(0x000000eb8c000000,0x000000eb8c100000) (1024K)]
  0x000001f700bb60c0 JavaThread "jar transforms Thread 3"           [_thread_blocked, id=4628, stack(0x000000eb8db00000,0x000000eb8dc00000) (1024K)]
  0x000001f704a6ee50 JavaThread "jar transforms Thread 4"           [_thread_blocked, id=14292, stack(0x000000eb8e500000,0x000000eb8e600000) (1024K)]
  0x000001f704a6e130 JavaThread "VFS cleanup"                       [_thread_blocked, id=4172, stack(0x000000eb88500000,0x000000eb88600000) (1024K)]
  0x000001f7032d07f0 JavaThread "included builds"                   [_thread_blocked, id=12616, stack(0x000000eb8ba00000,0x000000eb8bb00000) (1024K)]
  0x000001f77eff45b0 JavaThread "Handler for socket connection from /127.0.0.1:61539 to /127.0.0.1:61561"        [_thread_in_native, id=1060, stack(0x000000eb88600000,0x000000eb88700000) (1024K)]
  0x000001f77eff52d0 JavaThread "Cancel handler"                    [_thread_blocked, id=7504, stack(0x000000eb88700000,0x000000eb88800000) (1024K)]
  0x000001f77eff5960 JavaThread "Asynchronous log dispatcher for DefaultDaemonConnection: socket connection from /127.0.0.1:61539 to /127.0.0.1:61561"        [_thread_blocked, id=12264, stack(0x000000eb8a100000,0x000000eb8a200000) (1024K)]
  0x000001f7032cedb0 JavaThread "Stdin handler"                     [_thread_blocked, id=8600, stack(0x000000eb8a200000,0x000000eb8a300000) (1024K)]
  0x000001f7032d5020 JavaThread "Daemon client event forwarder"        [_thread_blocked, id=13068, stack(0x000000eb8a400000,0x000000eb8a500000) (1024K)]
  0x000001f7032ce090 JavaThread "Cache worker for file hash cache (D:\MassarBus\massarbus_parent\android\.gradle\9.1.0\fileHashes)"        [_thread_blocked, id=16436, stack(0x000000eb8a500000,0x000000eb8a600000) (1024K)]
  0x000001f7032d1ba0 JavaThread "Cache worker for Build Output Cleanup Cache (D:\MassarBus\massarbus_parent\android\.gradle\buildOutputCleanup)"        [_thread_blocked, id=6148, stack(0x000000eb8a600000,0x000000eb8a700000) (1024K)]
  0x000001f7032d4990 JavaThread "Cache worker for checksums cache (D:\MassarBus\massarbus_parent\android\.gradle\9.1.0\checksums)"        [_thread_blocked, id=11116, stack(0x000000eb8aa00000,0x000000eb8ab00000) (1024K)]
  0x000001f7032d2f50 JavaThread "Cache worker for cache directory md-supplier (D:\Gradle\caches\9.1.0\md-supplier)"        [_thread_blocked, id=1108, stack(0x000000eb8ab00000,0x000000eb8ac00000) (1024K)]
  0x000001f7032cf440 JavaThread "Cache worker for cache directory md-rule (D:\Gradle\caches\9.1.0\md-rule)"        [_thread_blocked, id=16128, stack(0x000000eb8ae00000,0x000000eb8af00000) (1024K)]
  0x000001f7032d1510 JavaThread "Cache worker for Build Output Cleanup Cache (D:\flutter\packages\flutter_tools\gradle\.gradle\buildOutputCleanup)"        [_thread_blocked, id=11688, stack(0x000000eb8b000000,0x000000eb8b100000) (1024K)]
  0x000001f7032d0160 JavaThread "Unconstrained build operations"        [_thread_blocked, id=14904, stack(0x000000eb8b100000,0x000000eb8b200000) (1024K)]
  0x000001f7032d2230 JavaThread "Unconstrained build operations Thread 2"        [_thread_blocked, id=15420, stack(0x000000eb8b400000,0x000000eb8b500000) (1024K)]
  0x000001f7032d35e0 JavaThread "Unconstrained build operations Thread 3"        [_thread_blocked, id=16516, stack(0x000000eb8b500000,0x000000eb8b600000) (1024K)]
  0x000001f7032d3c70 JavaThread "Unconstrained build operations Thread 4"        [_thread_blocked, id=5640, stack(0x000000eb8b600000,0x000000eb8b700000) (1024K)]
  0x000001f7032d28c0 JavaThread "Unconstrained build operations Thread 5"        [_thread_blocked, id=5052, stack(0x000000eb8b700000,0x000000eb8b800000) (1024K)]
  0x000001f7032d4300 JavaThread "Unconstrained build operations Thread 6"        [_thread_blocked, id=1656, stack(0x000000eb8b800000,0x000000eb8b900000) (1024K)]
  0x000001f7008ef870 JavaThread "build event listener"              [_thread_blocked, id=9092, stack(0x000000eb8b900000,0x000000eb8ba00000) (1024K)]
  0x000001f7008ec3f0 JavaThread "included builds"                   [_thread_blocked, id=9488, stack(0x000000eb8bb00000,0x000000eb8bc00000) (1024K)]
  0x000001f7008e9600 JavaThread "Execution worker"                  [_thread_blocked, id=13056, stack(0x000000eb8bc00000,0x000000eb8bd00000) (1024K)]
  0x000001f7008e9c90 JavaThread "Execution worker Thread 2"         [_thread_blocked, id=11132, stack(0x000000eb8bd00000,0x000000eb8be00000) (1024K)]
  0x000001f7008ebd60 JavaThread "Execution worker Thread 3"         [_thread_blocked, id=1200, stack(0x000000eb8bf00000,0x000000eb8c000000) (1024K)]
  0x000001f7008eb6d0 JavaThread "Cache worker for execution history cache (D:\flutter\packages\flutter_tools\gradle\.gradle\9.1.0\executionHistory)"        [_thread_blocked, id=20404, stack(0x000000eb8c100000,0x000000eb8c200000) (1024K)]
  0x000001f7008ef1e0 JavaThread "Unconstrained build operations Thread 7"        [_thread_blocked, id=10644, stack(0x000000eb8c200000,0x000000eb8c300000) (1024K)]
  0x000001f7008eca80 JavaThread "Unconstrained build operations Thread 8"        [_thread_blocked, id=2180, stack(0x000000eb8c300000,0x000000eb8c400000) (1024K)]
  0x000001f7008e8f70 JavaThread "Unconstrained build operations Thread 9"        [_thread_blocked, id=11964, stack(0x000000eb8c400000,0x000000eb8c500000) (1024K)]
  0x000001f7008eb040 JavaThread "Unconstrained build operations Thread 10"        [_thread_blocked, id=17028, stack(0x000000eb8c500000,0x000000eb8c600000) (1024K)]
  0x000001f7008ed7a0 JavaThread "Unconstrained build operations Thread 11"        [_thread_blocked, id=19200, stack(0x000000eb8c600000,0x000000eb8c700000) (1024K)]
  0x000001f7008ede30 JavaThread "Unconstrained build operations Thread 12"        [_thread_blocked, id=8208, stack(0x000000eb8c700000,0x000000eb8c800000) (1024K)]
  0x000001f7008eeb50 JavaThread "Unconstrained build operations Thread 13"        [_thread_blocked, id=14040, stack(0x000000eb8c800000,0x000000eb8c900000) (1024K)]
  0x000001f7008ee4c0 JavaThread "Unconstrained build operations Thread 14"        [_thread_blocked, id=16180, stack(0x000000eb8c900000,0x000000eb8ca00000) (1024K)]
  0x000001f704a6fb70 JavaThread "Unconstrained build operations Thread 15"        [_thread_blocked, id=20232, stack(0x000000eb8ca00000,0x000000eb8cb00000) (1024K)]
  0x000001f704a72960 JavaThread "Unconstrained build operations Thread 16"        [_thread_blocked, id=16352, stack(0x000000eb8cb00000,0x000000eb8cc00000) (1024K)]
  0x000001f704a715b0 JavaThread "Unconstrained build operations Thread 17"        [_thread_blocked, id=1772, stack(0x000000eb8cc00000,0x000000eb8cd00000) (1024K)]
  0x000001f704a6c060 JavaThread "Unconstrained build operations Thread 18"        [_thread_blocked, id=1132, stack(0x000000eb8cd00000,0x000000eb8ce00000) (1024K)]
  0x000001f704a70200 JavaThread "Unconstrained build operations Thread 19"        [_thread_blocked, id=15188, stack(0x000000eb8ce00000,0x000000eb8cf00000) (1024K)]
  0x000001f704a71c40 JavaThread "Unconstrained build operations Thread 20"        [_thread_blocked, id=18772, stack(0x000000eb8cf00000,0x000000eb8d000000) (1024K)]
  0x000001f704a6c6f0 JavaThread "Unconstrained build operations Thread 21"        [_thread_blocked, id=15324, stack(0x000000eb8d000000,0x000000eb8d100000) (1024K)]
  0x000001f704a72ff0 JavaThread "Unconstrained build operations Thread 22"        [_thread_blocked, id=17236, stack(0x000000eb8d100000,0x000000eb8d200000) (1024K)]
  0x000001f704a70f20 JavaThread "build event listener"              [_thread_blocked, id=11348, stack(0x000000eb8d200000,0x000000eb8d300000) (1024K)]
  0x000001f704a73680 JavaThread "build event listener"              [_thread_blocked, id=14048, stack(0x000000eb8d300000,0x000000eb8d400000) (1024K)]
  0x000001f70175f2b0 JavaThread "Problems report writer"            [_thread_blocked, id=10788, stack(0x000000eb8d400000,0x000000eb8d500000) (1024K)]
  0x000001f701759d60 JavaThread "Unconstrained build operations Thread 23"        [_thread_blocked, id=6044, stack(0x000000eb8d500000,0x000000eb8d600000) (1024K)]
  0x000001f70175df00 JavaThread "Unconstrained build operations Thread 24"        [_thread_blocked, id=2968, stack(0x000000eb8d600000,0x000000eb8d700000) (1024K)]
  0x000001f70175e590 JavaThread "Unconstrained build operations Thread 25"        [_thread_blocked, id=10940, stack(0x000000eb8d700000,0x000000eb8d800000) (1024K)]
  0x000001f70175f940 JavaThread "Unconstrained build operations Thread 26"        [_thread_blocked, id=16960, stack(0x000000eb8d800000,0x000000eb8d900000) (1024K)]
  0x000001f70175a3f0 JavaThread "Unconstrained build operations Thread 27"        [_thread_blocked, id=10296, stack(0x000000eb8d900000,0x000000eb8da00000) (1024K)]
  0x000001f700bb4d10 JavaThread "Unconstrained build operations Thread 28"        [_thread_blocked, id=20408, stack(0x000000eb8da00000,0x000000eb8db00000) (1024K)]
  0x000001f700bafe50 JavaThread "Unconstrained build operations Thread 29"        [_thread_blocked, id=13028, stack(0x000000eb8dc00000,0x000000eb8dd00000) (1024K)]
  0x000001f700bb04e0 JavaThread "Unconstrained build operations Thread 30"        [_thread_blocked, id=8768, stack(0x000000eb8dd00000,0x000000eb8de00000) (1024K)]
  0x000001f704a6daa0 JavaThread "Unconstrained build operations Thread 31"        [_thread_blocked, id=15628, stack(0x000000eb8de00000,0x000000eb8df00000) (1024K)]
  0x000001f705f9edf0 JavaThread "Unconstrained build operations Thread 32"        [_thread_blocked, id=18600, stack(0x000000eb8df00000,0x000000eb8e000000) (1024K)]
  0x000001f705f9e0d0 JavaThread "Unconstrained build operations Thread 33"        [_thread_blocked, id=10804, stack(0x000000eb8e000000,0x000000eb8e100000) (1024K)]
  0x000001f705f9c000 JavaThread "Unconstrained build operations Thread 34"        [_thread_blocked, id=9480, stack(0x000000eb8e100000,0x000000eb8e200000) (1024K)]
  0x000001f705f98b80 JavaThread "Unconstrained build operations Thread 35"        [_thread_in_native, id=18800, stack(0x000000eb8e200000,0x000000eb8e300000) (1024K)]
  0x000001f705f99f30 JavaThread "Unconstrained build operations Thread 36"        [_thread_in_native, id=1136, stack(0x000000eb8e300000,0x000000eb8e400000) (1024K)]
  0x000001f705f9e760 JavaThread "Unconstrained build operations Thread 37"        [_thread_in_native, id=3792, stack(0x000000eb8e400000,0x000000eb8e500000) (1024K)]
Total: 87

Other Threads:
  0x000001f738cf9e10 VMThread "VM Thread"                           [id=18232, stack(0x000000eb88f00000,0x000000eb89000000) (1024K)]
  0x000001f738ce8b80 WatcherThread "VM Periodic Task Thread"        [id=19080, stack(0x000000eb88e00000,0x000000eb88f00000) (1024K)]
  0x000001f7094c8e40 WorkerThread "GC Thread#0"                     [id=18464, stack(0x000000eb88900000,0x000000eb88a00000) (1024K)]
  0x000001f77e334cf0 WorkerThread "GC Thread#1"                     [id=1300, stack(0x000000eb89a00000,0x000000eb89b00000) (1024K)]
  0x000001f77e3350a0 WorkerThread "GC Thread#2"                     [id=19516, stack(0x000000eb89b00000,0x000000eb89c00000) (1024K)]
  0x000001f77f4500c0 WorkerThread "GC Thread#3"                     [id=12584, stack(0x000000eb89c00000,0x000000eb89d00000) (1024K)]
  0x000001f7094db6a0 ConcurrentGCThread "G1 Main Marker"            [id=5352, stack(0x000000eb88a00000,0x000000eb88b00000) (1024K)]
  0x000001f7094dd280 WorkerThread "G1 Conc#0"                       [id=12816, stack(0x000000eb88b00000,0x000000eb88c00000) (1024K)]
  0x000001f738bae990 ConcurrentGCThread "G1 Refine#0"               [id=8640, stack(0x000000eb88c00000,0x000000eb88d00000) (1024K)]
  0x000001f738baf420 ConcurrentGCThread "G1 Service"                [id=10832, stack(0x000000eb88d00000,0x000000eb88e00000) (1024K)]
Total: 10

Threads with active compile tasks:
C2 CompilerThread0  100662 20637   !   4       org.gradle.cache.internal.locklistener.DefaultFileLockContentionHandler::maybePingOwner (160 bytes)
Total: 1

VM state: not at safepoint (normal execution)

VM Mutex/Monitor currently owned by a thread: None

Heap address: 0x0000000600000000, size: 8192 MB, Compressed Oops mode: Zero based, Oop shift amount: 3

CDS archive(s) mapped at: [0x000001f739000000-0x000001f739ba0000-0x000001f739ba0000), size 12189696, SharedBaseAddress: 0x000001f739000000, ArchiveRelocationMode: 1.
Compressed class space mapped at: 0x000001f73a000000-0x000001f77a000000, reserved size: 1073741824
Narrow klass base: 0x000001f739000000, Narrow klass shift: 0, Narrow klass range: 0x100000000

GC Precious Log:
 CardTable entry size: 512
 Card Set container configuration: InlinePtr #cards 4 size 8 Array Of Cards #cards 32 size 80 Howl #buckets 8 coarsen threshold 7372 Howl Bitmap #cards 1024 size 144 coarsen threshold 921 Card regions per heap region 1 cards per card region 8192
 CPUs: 4 total, 4 available
 Memory: 8071M
 Large Page Support: Disabled
 NUMA Support: Disabled
 Compressed Oops: Enabled (Zero based)
 Heap Region Size: 4M
 Heap Min Capacity: 8M
 Heap Initial Capacity: 128M
 Heap Max Capacity: 8G
 Pre-touch: Disabled
 Parallel Workers: 4
 Concurrent Workers: 1
 Concurrent Refinement Workers: 4
 Periodic GC: Disabled

Heap:
 garbage-first heap   total 475136K, used 248509K [0x0000000600000000, 0x0000000800000000)
  region size 4096K, 4 young (16384K), 3 survivors (12288K)
 Metaspace       used 148428K, committed 151424K, reserved 1179648K
  class space    used 20981K, committed 22400K, reserved 1048576K

Heap Regions: E=young(eden), S=young(survivor), O=old, HS=humongous(starts), HC=humongous(continues), CS=collection set, F=free, TAMS=top-at-mark-start, PB=parsable bottom
|   0|0x0000000600000000, 0x0000000600400000, 0x0000000600400000|100%|HS|  |TAMS 0x0000000600400000| PB 0x0000000600000000| Complete 
|   1|0x0000000600400000, 0x0000000600800000, 0x0000000600800000|100%| O|  |TAMS 0x0000000600800000| PB 0x0000000600400000| Untracked 
|   2|0x0000000600800000, 0x0000000600c00000, 0x0000000600c00000|100%| O|  |TAMS 0x0000000600c00000| PB 0x0000000600800000| Untracked 
|   3|0x0000000600c00000, 0x0000000601000000, 0x0000000601000000|100%| O|  |TAMS 0x0000000601000000| PB 0x0000000600c00000| Untracked 
|   4|0x0000000601000000, 0x0000000601400000, 0x0000000601400000|100%| O|  |TAMS 0x0000000601400000| PB 0x0000000601000000| Untracked 
|   5|0x0000000601400000, 0x0000000601800000, 0x0000000601800000|100%| O|  |TAMS 0x0000000601800000| PB 0x0000000601400000| Untracked 
|   6|0x0000000601800000, 0x0000000601c00000, 0x0000000601c00000|100%| O|  |TAMS 0x0000000601c00000| PB 0x0000000601800000| Untracked 
|   7|0x0000000601c00000, 0x0000000602000000, 0x0000000602000000|100%| O|  |TAMS 0x0000000602000000| PB 0x0000000601c00000| Untracked 
|   8|0x0000000602000000, 0x0000000602400000, 0x0000000602400000|100%| O|  |TAMS 0x0000000602400000| PB 0x0000000602000000| Untracked 
|   9|0x0000000602400000, 0x0000000602800000, 0x0000000602800000|100%| O|  |TAMS 0x0000000602800000| PB 0x0000000602400000| Untracked 
|  10|0x0000000602800000, 0x0000000602c00000, 0x0000000602c00000|100%| O|  |TAMS 0x0000000602c00000| PB 0x0000000602800000| Untracked 
|  11|0x0000000602c00000, 0x0000000603000000, 0x0000000603000000|100%| O|  |TAMS 0x0000000603000000| PB 0x0000000602c00000| Untracked 
|  12|0x0000000603000000, 0x0000000603400000, 0x0000000603400000|100%| O|  |TAMS 0x0000000603400000| PB 0x0000000603000000| Untracked 
|  13|0x0000000603400000, 0x0000000603800000, 0x0000000603800000|100%| O|  |TAMS 0x0000000603800000| PB 0x0000000603400000| Untracked 
|  14|0x0000000603800000, 0x0000000603c00000, 0x0000000603c00000|100%| O|  |TAMS 0x0000000603c00000| PB 0x0000000603800000| Untracked 
|  15|0x0000000603c00000, 0x0000000604000000, 0x0000000604000000|100%| O|  |TAMS 0x0000000604000000| PB 0x0000000603c00000| Untracked 
|  16|0x0000000604000000, 0x0000000604400000, 0x0000000604400000|100%| O|  |TAMS 0x0000000604400000| PB 0x0000000604000000| Untracked 
|  17|0x0000000604400000, 0x0000000604800000, 0x0000000604800000|100%| O|  |TAMS 0x0000000604800000| PB 0x0000000604400000| Untracked 
|  18|0x0000000604800000, 0x0000000604c00000, 0x0000000604c00000|100%| O|  |TAMS 0x0000000604c00000| PB 0x0000000604800000| Untracked 
|  19|0x0000000604c00000, 0x0000000605000000, 0x0000000605000000|100%| O|  |TAMS 0x0000000605000000| PB 0x0000000604c00000| Untracked 
|  20|0x0000000605000000, 0x0000000605400000, 0x0000000605400000|100%| O|  |TAMS 0x0000000605400000| PB 0x0000000605000000| Untracked 
|  21|0x0000000605400000, 0x0000000605800000, 0x0000000605800000|100%| O|  |TAMS 0x0000000605800000| PB 0x0000000605400000| Untracked 
|  22|0x0000000605800000, 0x0000000605c00000, 0x0000000605c00000|100%| O|  |TAMS 0x0000000605c00000| PB 0x0000000605800000| Untracked 
|  23|0x0000000605c00000, 0x0000000606000000, 0x0000000606000000|100%| O|  |TAMS 0x0000000606000000| PB 0x0000000605c00000| Untracked 
|  24|0x0000000606000000, 0x0000000606400000, 0x0000000606400000|100%| O|  |TAMS 0x0000000606400000| PB 0x0000000606000000| Untracked 
|  25|0x0000000606400000, 0x0000000606800000, 0x0000000606800000|100%| O|  |TAMS 0x0000000606800000| PB 0x0000000606400000| Untracked 
|  26|0x0000000606800000, 0x0000000606c00000, 0x0000000606c00000|100%| O|  |TAMS 0x0000000606c00000| PB 0x0000000606800000| Untracked 
|  27|0x0000000606c00000, 0x0000000607000000, 0x0000000607000000|100%| O|  |TAMS 0x0000000607000000| PB 0x0000000606c00000| Untracked 
|  28|0x0000000607000000, 0x0000000607400000, 0x0000000607400000|100%| O|  |TAMS 0x0000000607400000| PB 0x0000000607000000| Untracked 
|  29|0x0000000607400000, 0x0000000607800000, 0x0000000607800000|100%| O|  |TAMS 0x0000000607800000| PB 0x0000000607400000| Untracked 
|  30|0x0000000607800000, 0x0000000607c00000, 0x0000000607c00000|100%| O|  |TAMS 0x0000000607c00000| PB 0x0000000607800000| Untracked 
|  31|0x0000000607c00000, 0x0000000608000000, 0x0000000608000000|100%| O|  |TAMS 0x0000000608000000| PB 0x0000000607c00000| Untracked 
|  32|0x0000000608000000, 0x0000000608400000, 0x0000000608400000|100%| O|  |TAMS 0x0000000608400000| PB 0x0000000608000000| Untracked 
|  33|0x0000000608400000, 0x0000000608800000, 0x0000000608800000|100%| O|  |TAMS 0x0000000608709e80| PB 0x0000000608400000| Untracked 
|  34|0x0000000608800000, 0x0000000608c00000, 0x0000000608c00000|100%| O|  |TAMS 0x0000000608800000| PB 0x0000000608800000| Untracked 
|  35|0x0000000608c00000, 0x0000000609000000, 0x0000000609000000|100%| O|  |TAMS 0x0000000609000000| PB 0x0000000608c00000| Untracked 
|  36|0x0000000609000000, 0x0000000609400000, 0x0000000609400000|100%| O|  |TAMS 0x0000000609400000| PB 0x0000000609000000| Untracked 
|  37|0x0000000609400000, 0x0000000609800000, 0x0000000609800000|100%| O|  |TAMS 0x0000000609800000| PB 0x0000000609400000| Untracked 
|  38|0x0000000609800000, 0x0000000609c00000, 0x0000000609c00000|100%| O|  |TAMS 0x0000000609c00000| PB 0x0000000609800000| Untracked 
|  39|0x0000000609c00000, 0x000000060a000000, 0x000000060a000000|100%| O|  |TAMS 0x000000060a000000| PB 0x0000000609c00000| Untracked 
|  40|0x000000060a000000, 0x000000060a400000, 0x000000060a400000|100%| O|  |TAMS 0x000000060a400000| PB 0x000000060a000000| Untracked 
|  41|0x000000060a400000, 0x000000060a800000, 0x000000060a800000|100%| O|  |TAMS 0x000000060a800000| PB 0x000000060a400000| Untracked 
|  42|0x000000060a800000, 0x000000060ac00000, 0x000000060ac00000|100%| O|  |TAMS 0x000000060ac00000| PB 0x000000060a800000| Untracked 
|  43|0x000000060ac00000, 0x000000060b000000, 0x000000060b000000|100%| O|  |TAMS 0x000000060b000000| PB 0x000000060ac00000| Untracked 
|  44|0x000000060b000000, 0x000000060b400000, 0x000000060b400000|100%| O|  |TAMS 0x000000060b400000| PB 0x000000060b000000| Untracked 
|  45|0x000000060b400000, 0x000000060b800000, 0x000000060b800000|100%| O|  |TAMS 0x000000060b800000| PB 0x000000060b400000| Untracked 
|  46|0x000000060b800000, 0x000000060bc00000, 0x000000060bc00000|100%| O|  |TAMS 0x000000060bc00000| PB 0x000000060b800000| Untracked 
|  47|0x000000060bc00000, 0x000000060c000000, 0x000000060c000000|100%| O|  |TAMS 0x000000060c000000| PB 0x000000060bc00000| Untracked 
|  48|0x000000060c000000, 0x000000060c400000, 0x000000060c400000|100%| O|  |TAMS 0x000000060c400000| PB 0x000000060c000000| Untracked 
|  49|0x000000060c400000, 0x000000060c800000, 0x000000060c800000|100%| O|  |TAMS 0x000000060c800000| PB 0x000000060c400000| Untracked 
|  50|0x000000060c800000, 0x000000060cc00000, 0x000000060cc00000|100%| O|  |TAMS 0x000000060cc00000| PB 0x000000060c800000| Untracked 
|  51|0x000000060cc00000, 0x000000060d000000, 0x000000060d000000|100%| O|  |TAMS 0x000000060d000000| PB 0x000000060cc00000| Untracked 
|  52|0x000000060d000000, 0x000000060d400000, 0x000000060d400000|100%| O|  |TAMS 0x000000060d400000| PB 0x000000060d000000| Untracked 
|  53|0x000000060d400000, 0x000000060d400000, 0x000000060d800000|  0%| F|  |TAMS 0x000000060d400000| PB 0x000000060d400000| Untracked 
|  54|0x000000060d800000, 0x000000060d800000, 0x000000060dc00000|  0%| F|  |TAMS 0x000000060d800000| PB 0x000000060d800000| Untracked 
|  55|0x000000060dc00000, 0x000000060dc00000, 0x000000060e000000|  0%| F|  |TAMS 0x000000060dc00000| PB 0x000000060dc00000| Untracked 
|  56|0x000000060e000000, 0x000000060e000000, 0x000000060e400000|  0%| F|  |TAMS 0x000000060e000000| PB 0x000000060e000000| Untracked 
|  57|0x000000060e400000, 0x000000060e800000, 0x000000060e800000|100%| O|  |TAMS 0x000000060e400000| PB 0x000000060e400000| Untracked 
|  58|0x000000060e800000, 0x000000060ec00000, 0x000000060ec00000|100%| O|  |TAMS 0x000000060e800000| PB 0x000000060e800000| Untracked 
|  59|0x000000060ec00000, 0x000000060f000000, 0x000000060f000000|100%| O|  |TAMS 0x000000060ec00000| PB 0x000000060ec00000| Untracked 
|  60|0x000000060f000000, 0x000000060f3ce8c0, 0x000000060f400000| 95%| O|  |TAMS 0x000000060f000000| PB 0x000000060f000000| Untracked 
|  61|0x000000060f400000, 0x000000060f6e0e60, 0x000000060f800000| 71%| S|CS|TAMS 0x000000060f400000| PB 0x000000060f400000| Complete 
|  62|0x000000060f800000, 0x000000060f800000, 0x000000060fc00000|  0%| F|  |TAMS 0x000000060f800000| PB 0x000000060f800000| Untracked 
|  63|0x000000060fc00000, 0x0000000610000000, 0x0000000610000000|100%| S|CS|TAMS 0x000000060fc00000| PB 0x000000060fc00000| Complete 
|  64|0x0000000610000000, 0x0000000610400000, 0x0000000610400000|100%| S|CS|TAMS 0x0000000610000000| PB 0x0000000610000000| Complete 
|  65|0x0000000610400000, 0x0000000610400000, 0x0000000610800000|  0%| F|  |TAMS 0x0000000610400000| PB 0x0000000610400000| Untracked 
|  66|0x0000000610800000, 0x0000000610800000, 0x0000000610c00000|  0%| F|  |TAMS 0x0000000610800000| PB 0x0000000610800000| Untracked 
|  67|0x0000000610c00000, 0x0000000610c00000, 0x0000000611000000|  0%| F|  |TAMS 0x0000000610c00000| PB 0x0000000610c00000| Untracked 
|  68|0x0000000611000000, 0x0000000611000000, 0x0000000611400000|  0%| F|  |TAMS 0x0000000611000000| PB 0x0000000611000000| Untracked 
|  69|0x0000000611400000, 0x0000000611400000, 0x0000000611800000|  0%| F|  |TAMS 0x0000000611400000| PB 0x0000000611400000| Untracked 
|  70|0x0000000611800000, 0x0000000611800000, 0x0000000611c00000|  0%| F|  |TAMS 0x0000000611800000| PB 0x0000000611800000| Untracked 
|  71|0x0000000611c00000, 0x0000000611c00000, 0x0000000612000000|  0%| F|  |TAMS 0x0000000611c00000| PB 0x0000000611c00000| Untracked 
|  72|0x0000000612000000, 0x0000000612000000, 0x0000000612400000|  0%| F|  |TAMS 0x0000000612000000| PB 0x0000000612000000| Untracked 
|  73|0x0000000612400000, 0x0000000612400000, 0x0000000612800000|  0%| F|  |TAMS 0x0000000612400000| PB 0x0000000612400000| Untracked 
|  74|0x0000000612800000, 0x0000000612800000, 0x0000000612c00000|  0%| F|  |TAMS 0x0000000612800000| PB 0x0000000612800000| Untracked 
|  75|0x0000000612c00000, 0x0000000612c00000, 0x0000000613000000|  0%| F|  |TAMS 0x0000000612c00000| PB 0x0000000612c00000| Untracked 
|  76|0x0000000613000000, 0x0000000613000000, 0x0000000613400000|  0%| F|  |TAMS 0x0000000613000000| PB 0x0000000613000000| Untracked 
|  77|0x0000000613400000, 0x0000000613400000, 0x0000000613800000|  0%| F|  |TAMS 0x0000000613400000| PB 0x0000000613400000| Untracked 
|  78|0x0000000613800000, 0x0000000613800000, 0x0000000613c00000|  0%| F|  |TAMS 0x0000000613800000| PB 0x0000000613800000| Untracked 
|  79|0x0000000613c00000, 0x0000000613c00000, 0x0000000614000000|  0%| F|  |TAMS 0x0000000613c00000| PB 0x0000000613c00000| Untracked 
|  80|0x0000000614000000, 0x0000000614000000, 0x0000000614400000|  0%| F|  |TAMS 0x0000000614000000| PB 0x0000000614000000| Untracked 
|  81|0x0000000614400000, 0x0000000614400000, 0x0000000614800000|  0%| F|  |TAMS 0x0000000614400000| PB 0x0000000614400000| Untracked 
|  82|0x0000000614800000, 0x0000000614800000, 0x0000000614c00000|  0%| F|  |TAMS 0x0000000614800000| PB 0x0000000614800000| Untracked 
|  83|0x0000000614c00000, 0x0000000614c00000, 0x0000000615000000|  0%| F|  |TAMS 0x0000000614c00000| PB 0x0000000614c00000| Untracked 
|  84|0x0000000615000000, 0x0000000615000000, 0x0000000615400000|  0%| F|  |TAMS 0x0000000615000000| PB 0x0000000615000000| Untracked 
|  85|0x0000000615400000, 0x0000000615400000, 0x0000000615800000|  0%| F|  |TAMS 0x0000000615400000| PB 0x0000000615400000| Untracked 
|  86|0x0000000615800000, 0x0000000615800000, 0x0000000615c00000|  0%| F|  |TAMS 0x0000000615800000| PB 0x0000000615800000| Untracked 
|  87|0x0000000615c00000, 0x0000000615c00000, 0x0000000616000000|  0%| F|  |TAMS 0x0000000615c00000| PB 0x0000000615c00000| Untracked 
|  88|0x0000000616000000, 0x0000000616000000, 0x0000000616400000|  0%| F|  |TAMS 0x0000000616000000| PB 0x0000000616000000| Untracked 
|  89|0x0000000616400000, 0x0000000616400000, 0x0000000616800000|  0%| F|  |TAMS 0x0000000616400000| PB 0x0000000616400000| Untracked 
|  90|0x0000000616800000, 0x0000000616800000, 0x0000000616c00000|  0%| F|  |TAMS 0x0000000616800000| PB 0x0000000616800000| Untracked 
|  91|0x0000000616c00000, 0x0000000616c00000, 0x0000000617000000|  0%| F|  |TAMS 0x0000000616c00000| PB 0x0000000616c00000| Untracked 
|  92|0x0000000617000000, 0x0000000617000000, 0x0000000617400000|  0%| F|  |TAMS 0x0000000617000000| PB 0x0000000617000000| Untracked 
|  93|0x0000000617400000, 0x0000000617400000, 0x0000000617800000|  0%| F|  |TAMS 0x0000000617400000| PB 0x0000000617400000| Untracked 
|  94|0x0000000617800000, 0x0000000617800000, 0x0000000617c00000|  0%| F|  |TAMS 0x0000000617800000| PB 0x0000000617800000| Untracked 
|  95|0x0000000617c00000, 0x0000000617c00000, 0x0000000618000000|  0%| F|  |TAMS 0x0000000617c00000| PB 0x0000000617c00000| Untracked 
|  96|0x0000000618000000, 0x0000000618000000, 0x0000000618400000|  0%| F|  |TAMS 0x0000000618000000| PB 0x0000000618000000| Untracked 
|  97|0x0000000618400000, 0x0000000618400000, 0x0000000618800000|  0%| F|  |TAMS 0x0000000618400000| PB 0x0000000618400000| Untracked 
|  98|0x0000000618800000, 0x0000000618800000, 0x0000000618c00000|  0%| F|  |TAMS 0x0000000618800000| PB 0x0000000618800000| Untracked 
|  99|0x0000000618c00000, 0x0000000618c00000, 0x0000000619000000|  0%| F|  |TAMS 0x0000000618c00000| PB 0x0000000618c00000| Untracked 
| 100|0x0000000619000000, 0x0000000619000000, 0x0000000619400000|  0%| F|  |TAMS 0x0000000619000000| PB 0x0000000619000000| Untracked 
| 101|0x0000000619400000, 0x0000000619400000, 0x0000000619800000|  0%| F|  |TAMS 0x0000000619400000| PB 0x0000000619400000| Untracked 
| 102|0x0000000619800000, 0x0000000619800000, 0x0000000619c00000|  0%| F|  |TAMS 0x0000000619800000| PB 0x0000000619800000| Untracked 
| 103|0x0000000619c00000, 0x0000000619c00000, 0x000000061a000000|  0%| F|  |TAMS 0x0000000619c00000| PB 0x0000000619c00000| Untracked 
| 104|0x000000061a000000, 0x000000061a000000, 0x000000061a400000|  0%| F|  |TAMS 0x000000061a000000| PB 0x000000061a000000| Untracked 
| 105|0x000000061a400000, 0x000000061a400000, 0x000000061a800000|  0%| F|  |TAMS 0x000000061a400000| PB 0x000000061a400000| Untracked 
| 106|0x000000061a800000, 0x000000061a800000, 0x000000061ac00000|  0%| F|  |TAMS 0x000000061a800000| PB 0x000000061a800000| Untracked 
| 107|0x000000061ac00000, 0x000000061ac00000, 0x000000061b000000|  0%| F|  |TAMS 0x000000061ac00000| PB 0x000000061ac00000| Untracked 
| 108|0x000000061b000000, 0x000000061b000000, 0x000000061b400000|  0%| F|  |TAMS 0x000000061b000000| PB 0x000000061b000000| Untracked 
| 109|0x000000061b400000, 0x000000061b400000, 0x000000061b800000|  0%| F|  |TAMS 0x000000061b400000| PB 0x000000061b400000| Untracked 
| 110|0x000000061b800000, 0x000000061b800000, 0x000000061bc00000|  0%| F|  |TAMS 0x000000061b800000| PB 0x000000061b800000| Untracked 
|2043|0x00000007fec00000, 0x00000007ff000000, 0x00000007ff000000|100%| O|  |TAMS 0x00000007ff000000| PB 0x00000007fec00000| Untracked 
|2044|0x00000007ff000000, 0x00000007ff000000, 0x00000007ff400000|  0%| F|  |TAMS 0x00000007ff000000| PB 0x00000007ff000000| Untracked 
|2045|0x00000007ff400000, 0x00000007ff400000, 0x00000007ff800000|  0%| F|  |TAMS 0x00000007ff400000| PB 0x00000007ff400000| Untracked 
|2046|0x00000007ff800000, 0x00000007ff800000, 0x00000007ffc00000|  0%| F|  |TAMS 0x00000007ff800000| PB 0x00000007ff800000| Untracked 
|2047|0x00000007ffc00000, 0x00000007fff091f8, 0x0000000800000000| 75%| E|  |TAMS 0x00000007ffc00000| PB 0x00000007ffc00000| Complete 

Card table byte_map: [0x000001f72d740000,0x000001f72e740000] _byte_map_base: 0x000001f72a740000

Marking Bits: (CMBitMap*) 0x000001f7094ca470
 Bits: [0x000001f72e740000, 0x000001f736740000)

Polling page: 0x000001f7071e0000

Metaspace:

Usage:
  Non-class:    124.46 MB used.
      Class:     20.49 MB used.
       Both:    144.95 MB used.

Virtual space:
  Non-class space:      128.00 MB reserved,     126.00 MB ( 98%) committed,  2 nodes.
      Class space:        1.00 GB reserved,      21.88 MB (  2%) committed,  1 nodes.
             Both:        1.12 GB reserved,     147.88 MB ( 13%) committed. 

Chunk freelists:
   Non-Class:  1.16 MB
       Class:  10.09 MB
        Both:  11.25 MB

MaxMetaspaceSize: 4.00 GB
CompressedClassSpaceSize: 1.00 GB
Initial GC threshold: 21.00 MB
Current GC threshold: 191.06 MB
CDS: on
 - commit_granule_bytes: 65536.
 - commit_granule_words: 8192.
 - virtual_space_node_default_size: 8388608.
 - enlarge_chunks_in_place: 1.
 - use_allocation_guard: 0.


Internal statistics:

num_allocs_failed_limit: 11.
num_arena_births: 5232.
num_arena_deaths: 0.
num_vsnodes_births: 3.
num_vsnodes_deaths: 0.
num_space_committed: 2366.
num_space_uncommitted: 0.
num_chunks_returned_to_freelist: 11.
num_chunks_taken_from_freelist: 12248.
num_chunk_merges: 6.
num_chunk_splits: 8131.
num_chunks_enlarged: 5291.
num_inconsistent_stats: 0.

CodeHeap 'non-profiled nmethods': size=259264Kb used=12048Kb max_used=12048Kb free=247215Kb
 bounds [0x000001f71c900000, 0x000001f71d4d0000, 0x000001f72c630000]
CodeHeap 'profiled nmethods': size=259264Kb used=35593Kb max_used=35593Kb free=223670Kb
 bounds [0x000001f70c630000, 0x000001f70e900000, 0x000001f71c360000]
CodeHeap 'non-nmethods': size=5760Kb used=2819Kb max_used=2901Kb free=2940Kb
 bounds [0x000001f71c360000, 0x000001f71c640000, 0x000001f71c900000]
CodeCache: size=524288Kb, used=50460Kb, max_used=50542Kb, free=473825Kb
 total_blobs=18668, nmethods=17601, adapters=969, full_count=0
Compilation: enabled, stopped_count=0, restarted_count=0

Compilation events (20 events):
Event: 99.855 Thread 0x000001f738d25a00 nmethod 20627 0x000001f71d4bb510 code [0x000001f71d4bb6a0, 0x000001f71d4bb778]
Event: 99.859 Thread 0x000001f738d25a00 20628   !   4       org.gradle.cache.internal.DefaultCacheCoordinator::withOwnershipNow (58 bytes)
Event: 99.928 Thread 0x000001f738d25a00 nmethod 20628 0x000001f71d4bb810 code [0x000001f71d4bbb60, 0x000001f71d4bd530]
Event: 99.928 Thread 0x000001f738d25a00 20629       4       org.gradle.cache.internal.DefaultCacheCoordinator::takeOwnershipNow (57 bytes)
Event: 99.962 Thread 0x000001f738d25a00 nmethod 20629 0x000001f71d4be310 code [0x000001f71d4be560, 0x000001f71d4bf130]
Event: 99.962 Thread 0x000001f738d25a00 20630       4       org.gradle.cache.internal.DefaultFileLockManager$AwaitableFileLockReleasedSignal::<init> (29 bytes)
Event: 99.971 Thread 0x000001f738d25a00 nmethod 20630 0x000001f71d4bf710 code [0x000001f71d4bf8c0, 0x000001f71d4bfd80]
Event: 100.030 Thread 0x000001f738d25a00 20631  s    4       java.io.DataOutputStream::write (16 bytes)
Event: 100.032 Thread 0x000001f738d25a00 nmethod 20631 0x000001f71d4bff10 code [0x000001f71d4c00a0, 0x000001f71d4c03b0]
Event: 100.049 Thread 0x000001f738d25a00 20632       4       org.apache.commons.io.FileUtils::mkdirs (54 bytes)
Event: 100.063 Thread 0x000001f738d25a00 nmethod 20632 0x000001f71d4c0510 code [0x000001f71d4c0740, 0x000001f71d4c0fb0]
Event: 100.187 Thread 0x000001f738d25a00 20633   !   4       java.io.BufferedOutputStream::flush (60 bytes)
Event: 100.216 Thread 0x000001f738d25a00 nmethod 20633 0x000001f71d4c1610 code [0x000001f71d4c1900, 0x000001f71d4c2820]
Event: 100.216 Thread 0x000001f738d25a00 20634       4       sun.nio.fs.WindowsFileAttributes::getBufferForFindData (7 bytes)
Event: 100.224 Thread 0x000001f738d25a00 nmethod 20634 0x000001f71d4c3310 code [0x000001f71d4c34e0, 0x000001f71d4c3848]
Event: 100.231 Thread 0x000001f738d25a00 20635       4       java.util.concurrent.ConcurrentHashMap::sumCount (60 bytes)
Event: 100.234 Thread 0x000001f738d25a00 nmethod 20635 0x000001f71d4c3b90 code [0x000001f71d4c3d20, 0x000001f71d4c3e40]
Event: 100.360 Thread 0x000001f738d25a00 20636       4       com.google.common.collect.ImmutableMultimap::asMap (5 bytes)
Event: 100.361 Thread 0x000001f738d25a00 nmethod 20636 0x000001f71d4c3f10 code [0x000001f71d4c40a0, 0x000001f71d4c4158]
Event: 100.370 Thread 0x000001f738d25a00 20637   !   4       org.gradle.cache.internal.locklistener.DefaultFileLockContentionHandler::maybePingOwner (160 bytes)

GC Heap History (20 events):
Event: 72.813 GC heap before
{Heap before GC invocations=52 (full 0):
 garbage-first heap   total 286720K, used 248378K [0x0000000600000000, 0x0000000800000000)
  region size 4096K, 21 young (86016K), 3 survivors (12288K)
 Metaspace       used 109674K, committed 112320K, reserved 1179648K
  class space    used 15736K, committed 17024K, reserved 1048576K
}
Event: 72.842 GC heap after
{Heap after GC invocations=53 (full 0):
 garbage-first heap   total 286720K, used 182646K [0x0000000600000000, 0x0000000800000000)
  region size 4096K, 2 young (8192K), 2 survivors (8192K)
 Metaspace       used 109674K, committed 112320K, reserved 1179648K
  class space    used 15736K, committed 17024K, reserved 1048576K
}
Event: 74.430 GC heap before
{Heap before GC invocations=53 (full 0):
 garbage-first heap   total 286720K, used 252278K [0x0000000600000000, 0x0000000800000000)
  region size 4096K, 20 young (81920K), 2 survivors (8192K)
 Metaspace       used 114289K, committed 116864K, reserved 1179648K
  class space    used 16338K, committed 17600K, reserved 1048576K
}
Event: 74.455 GC heap after
{Heap after GC invocations=54 (full 0):
 garbage-first heap   total 286720K, used 190175K [0x0000000600000000, 0x0000000800000000)
  region size 4096K, 2 young (8192K), 2 survivors (8192K)
 Metaspace       used 114289K, committed 116864K, reserved 1179648K
  class space    used 16338K, committed 17600K, reserved 1048576K
}
Event: 76.978 GC heap before
{Heap before GC invocations=55 (full 0):
 garbage-first heap   total 323584K, used 259807K [0x0000000600000000, 0x0000000800000000)
  region size 4096K, 19 young (77824K), 2 survivors (8192K)
 Metaspace       used 116436K, committed 119104K, reserved 1179648K
  class space    used 16632K, committed 17920K, reserved 1048576K
}
Event: 77.005 GC heap after
{Heap after GC invocations=56 (full 0):
 garbage-first heap   total 323584K, used 202253K [0x0000000600000000, 0x0000000800000000)
  region size 4096K, 3 young (12288K), 3 survivors (12288K)
 Metaspace       used 116436K, committed 119104K, reserved 1179648K
  class space    used 16632K, committed 17920K, reserved 1048576K
}
Event: 78.667 GC heap before
{Heap before GC invocations=56 (full 0):
 garbage-first heap   total 323584K, used 288269K [0x0000000600000000, 0x0000000800000000)
  region size 4096K, 24 young (98304K), 3 survivors (12288K)
 Metaspace       used 117249K, committed 119936K, reserved 1179648K
  class space    used 16722K, committed 18048K, reserved 1048576K
}
Event: 78.717 GC heap after
{Heap after GC invocations=57 (full 0):
 garbage-first heap   total 327680K, used 190881K [0x0000000600000000, 0x0000000800000000)
  region size 4096K, 2 young (8192K), 2 survivors (8192K)
 Metaspace       used 117249K, committed 119936K, reserved 1179648K
  class space    used 16722K, committed 18048K, reserved 1048576K
}
Event: 82.361 GC heap before
{Heap before GC invocations=57 (full 0):
 garbage-first heap   total 327680K, used 285089K [0x0000000600000000, 0x0000000800000000)
  region size 4096K, 26 young (106496K), 2 survivors (8192K)
 Metaspace       used 117392K, committed 120128K, reserved 1179648K
  class space    used 16724K, committed 18048K, reserved 1048576K
}
Event: 82.412 GC heap after
{Heap after GC invocations=58 (full 0):
 garbage-first heap   total 393216K, used 199480K [0x0000000600000000, 0x0000000800000000)
  region size 4096K, 4 young (16384K), 4 survivors (16384K)
 Metaspace       used 117392K, committed 120128K, reserved 1179648K
  class space    used 16724K, committed 18048K, reserved 1048576K
}
Event: 86.246 GC heap before
{Heap before GC invocations=58 (full 0):
 garbage-first heap   total 393216K, used 326456K [0x0000000600000000, 0x0000000800000000)
  region size 4096K, 36 young (147456K), 4 survivors (16384K)
 Metaspace       used 127568K, committed 130240K, reserved 1179648K
  class space    used 17902K, committed 19200K, reserved 1048576K
}
Event: 86.279 GC heap after
{Heap after GC invocations=59 (full 0):
 garbage-first heap   total 393216K, used 205941K [0x0000000600000000, 0x0000000800000000)
  region size 4096K, 5 young (20480K), 5 survivors (20480K)
 Metaspace       used 127568K, committed 130240K, reserved 1179648K
  class space    used 17902K, committed 19200K, reserved 1048576K
}
Event: 89.237 GC heap before
{Heap before GC invocations=59 (full 0):
 garbage-first heap   total 393216K, used 337013K [0x0000000600000000, 0x0000000800000000)
  region size 4096K, 38 young (155648K), 5 survivors (20480K)
 Metaspace       used 137137K, committed 139904K, reserved 1179648K
  class space    used 19335K, committed 20672K, reserved 1048576K
}
Event: 89.278 GC heap after
{Heap after GC invocations=60 (full 0):
 garbage-first heap   total 393216K, used 216172K [0x0000000600000000, 0x0000000800000000)
  region size 4096K, 5 young (20480K), 5 survivors (20480K)
 Metaspace       used 137137K, committed 139904K, reserved 1179648K
  class space    used 19335K, committed 20672K, reserved 1048576K
}
Event: 92.515 GC heap before
{Heap before GC invocations=60 (full 0):
 garbage-first heap   total 393216K, used 351340K [0x0000000600000000, 0x0000000800000000)
  region size 4096K, 38 young (155648K), 5 survivors (20480K)
 Metaspace       used 145498K, committed 148352K, reserved 1179648K
  class space    used 20528K, committed 21888K, reserved 1048576K
}
Event: 92.548 GC heap after
{Heap after GC invocations=61 (full 0):
 garbage-first heap   total 393216K, used 224667K [0x0000000600000000, 0x0000000800000000)
  region size 4096K, 5 young (20480K), 5 survivors (20480K)
 Metaspace       used 145498K, committed 148352K, reserved 1179648K
  class space    used 20528K, committed 21888K, reserved 1048576K
}
Event: 96.268 GC heap before
{Heap before GC invocations=61 (full 0):
 garbage-first heap   total 393216K, used 355739K [0x0000000600000000, 0x0000000800000000)
  region size 4096K, 37 young (151552K), 5 survivors (20480K)
 Metaspace       used 148244K, committed 151232K, reserved 1179648K
  class space    used 20956K, committed 22400K, reserved 1048576K
}
Event: 96.311 GC heap after
{Heap after GC invocations=62 (full 0):
 garbage-first heap   total 393216K, used 236583K [0x0000000600000000, 0x0000000800000000)
  region size 4096K, 5 young (20480K), 5 survivors (20480K)
 Metaspace       used 148244K, committed 151232K, reserved 1179648K
  class space    used 20956K, committed 22400K, reserved 1048576K
}
Event: 100.415 GC heap before
{Heap before GC invocations=62 (full 0):
 garbage-first heap   total 393216K, used 359463K [0x0000000600000000, 0x0000000800000000)
  region size 4096K, 35 young (143360K), 5 survivors (20480K)
 Metaspace       used 148428K, committed 151424K, reserved 1179648K
  class space    used 20981K, committed 22400K, reserved 1048576K
}
Event: 100.467 GC heap after
{Heap after GC invocations=63 (full 0):
 garbage-first heap   total 475136K, used 248509K [0x0000000600000000, 0x0000000800000000)
  region size 4096K, 3 young (12288K), 3 survivors (12288K)
 Metaspace       used 148428K, committed 151424K, reserved 1179648K
  class space    used 20981K, committed 22400K, reserved 1048576K
}

Dll operation events (20 events):
Event: 0.274 Attempting to load shared library C:\Users\HP\.vscode\extensions\redhat.java-1.56.0-win32-x64\jre\21.0.12.1-win32-x86_64\bin\nio.dll
Event: 0.275 Loaded shared library C:\Users\HP\.vscode\extensions\redhat.java-1.56.0-win32-x64\jre\21.0.12.1-win32-x86_64\bin\nio.dll
Event: 0.280 Attempting to load shared library C:\Users\HP\.vscode\extensions\redhat.java-1.56.0-win32-x64\jre\21.0.12.1-win32-x86_64\bin\zip.dll
Event: 0.280 Loaded shared library C:\Users\HP\.vscode\extensions\redhat.java-1.56.0-win32-x64\jre\21.0.12.1-win32-x86_64\bin\zip.dll
Event: 0.716 Attempting to load shared library C:\Users\HP\.vscode\extensions\redhat.java-1.56.0-win32-x64\jre\21.0.12.1-win32-x86_64\bin\jimage.dll
Event: 0.716 Loaded shared library C:\Users\HP\.vscode\extensions\redhat.java-1.56.0-win32-x64\jre\21.0.12.1-win32-x86_64\bin\jimage.dll
Event: 1.623 Attempting to load shared library C:\Users\HP\.vscode\extensions\redhat.java-1.56.0-win32-x64\jre\21.0.12.1-win32-x86_64\bin\verify.dll
Event: 1.625 Loaded shared library C:\Users\HP\.vscode\extensions\redhat.java-1.56.0-win32-x64\jre\21.0.12.1-win32-x86_64\bin\verify.dll
Event: 1.860 Attempting to load shared library D:\Gradle\native\1def1411415f61bf3af743bc5b6707747c0891f09f0c88961ee8f79bc544acac\windows-amd64\native-platform.dll
Event: 1.861 Loaded shared library D:\Gradle\native\1def1411415f61bf3af743bc5b6707747c0891f09f0c88961ee8f79bc544acac\windows-amd64\native-platform.dll
Event: 1.952 Attempting to load shared library D:\Gradle\native\0.2.8\x86_64-windows-gnu\gradle-fileevents.dll
Event: 1.964 Loaded shared library D:\Gradle\native\0.2.8\x86_64-windows-gnu\gradle-fileevents.dll
Event: 4.640 Attempting to load shared library C:\Users\HP\.vscode\extensions\redhat.java-1.56.0-win32-x64\jre\21.0.12.1-win32-x86_64\bin\management.dll
Event: 4.641 Loaded shared library C:\Users\HP\.vscode\extensions\redhat.java-1.56.0-win32-x64\jre\21.0.12.1-win32-x86_64\bin\management.dll
Event: 4.646 Attempting to load shared library C:\Users\HP\.vscode\extensions\redhat.java-1.56.0-win32-x64\jre\21.0.12.1-win32-x86_64\bin\management_ext.dll
Event: 4.648 Loaded shared library C:\Users\HP\.vscode\extensions\redhat.java-1.56.0-win32-x64\jre\21.0.12.1-win32-x86_64\bin\management_ext.dll
Event: 5.018 Attempting to load shared library C:\Users\HP\.vscode\extensions\redhat.java-1.56.0-win32-x64\jre\21.0.12.1-win32-x86_64\bin\extnet.dll
Event: 5.028 Loaded shared library C:\Users\HP\.vscode\extensions\redhat.java-1.56.0-win32-x64\jre\21.0.12.1-win32-x86_64\bin\extnet.dll
Event: 5.729 Attempting to load shared library C:\Users\HP\.vscode\extensions\redhat.java-1.56.0-win32-x64\jre\21.0.12.1-win32-x86_64\bin\sunmscapi.dll
Event: 5.973 Loaded shared library C:\Users\HP\.vscode\extensions\redhat.java-1.56.0-win32-x64\jre\21.0.12.1-win32-x86_64\bin\sunmscapi.dll

Deoptimization events (20 events):
Event: 93.314 Thread 0x000001f77eff3890 DEOPT PACKING pc=0x000001f71d3306e0 sp=0x000000eb8a3f80e0
Event: 93.314 Thread 0x000001f77eff3890 DEOPT UNPACKING pc=0x000001f71c3b4422 sp=0x000000eb8a3f8050 mode 2
Event: 93.314 Thread 0x000001f77eff3890 Uncommon trap: trap_request=0xffffffde fr.pc=0x000001f71d3306e0 relative=0x00000000000002e0
Event: 93.314 Thread 0x000001f77eff3890 Uncommon trap: reason=class_check action=maybe_recompile pc=0x000001f71d3306e0 method=java.util.regex.Pattern$Caret.match(Ljava/util/regex/Matcher;ILjava/lang/CharSequence;)Z @ 120 c2
Event: 93.314 Thread 0x000001f77eff3890 DEOPT PACKING pc=0x000001f71d3306e0 sp=0x000000eb8a3f80e0
Event: 93.314 Thread 0x000001f77eff3890 DEOPT UNPACKING pc=0x000001f71c3b4422 sp=0x000000eb8a3f8050 mode 2
Event: 93.326 Thread 0x000001f77eff3890 Uncommon trap: trap_request=0xffffff76 fr.pc=0x000001f71d2164d0 relative=0x0000000000000230
Event: 93.326 Thread 0x000001f77eff3890 Uncommon trap: reason=predicate action=maybe_recompile pc=0x000001f71d2164d0 method=java.util.Arrays.fill([Ljava/lang/Object;IILjava/lang/Object;)V @ 13 c2
Event: 93.326 Thread 0x000001f77eff3890 DEOPT PACKING pc=0x000001f71d2164d0 sp=0x000000eb8a3f3e20
Event: 93.326 Thread 0x000001f77eff3890 DEOPT UNPACKING pc=0x000001f71c3b4422 sp=0x000000eb8a3f3df0 mode 2
Event: 93.574 Thread 0x000001f77eff3890 DEOPT PACKING pc=0x000001f70d2fbce7 sp=0x000000eb8a3f8410
Event: 93.574 Thread 0x000001f77eff3890 DEOPT UNPACKING pc=0x000001f71c3b4bc2 sp=0x000000eb8a3f7870 mode 0
Event: 93.647 Thread 0x000001f77eff3890 DEOPT PACKING pc=0x000001f70d2856f2 sp=0x000000eb8a3f8dd0
Event: 93.647 Thread 0x000001f77eff3890 DEOPT UNPACKING pc=0x000001f71c3b4bc2 sp=0x000000eb8a3f8258 mode 0
Event: 94.396 Thread 0x000001f70175f940 DEOPT PACKING pc=0x000001f70e7be33c sp=0x000000eb8d8fd9e0
Event: 94.396 Thread 0x000001f70175f940 DEOPT UNPACKING pc=0x000001f71c3b4bc2 sp=0x000000eb8d8fce70 mode 0
Event: 94.424 Thread 0x000001f77eff3890 DEOPT PACKING pc=0x000001f70e7be33c sp=0x000000eb8a3f6d50
Event: 94.451 Thread 0x000001f77eff3890 DEOPT UNPACKING pc=0x000001f71c3b4bc2 sp=0x000000eb8a3f61e0 mode 0
Event: 97.832 Thread 0x000001f77eff3890 DEOPT PACKING pc=0x000001f70d2fbce7 sp=0x000000eb8a3f82f0
Event: 97.832 Thread 0x000001f77eff3890 DEOPT UNPACKING pc=0x000001f71c3b4bc2 sp=0x000000eb8a3f7750 mode 0

Classes loaded (20 events):
Event: 93.276 Loading class java/lang/invoke/BoundMethodHandle$Species_LLLLILLLLLLL
Event: 93.276 Loading class java/lang/invoke/BoundMethodHandle$Species_LLLLILLLLLLL done
Event: 93.297 Loading class java/io/LineNumberReader
Event: 93.297 Loading class java/io/LineNumberReader done
Event: 93.307 Loading class java/util/regex/PatternBeanInfo
Event: 93.307 Loading class java/util/regex/PatternBeanInfo done
Event: 93.307 Loading class java/util/regex/PatternBeanInfo
Event: 93.307 Loading class java/util/regex/PatternBeanInfo done
Event: 93.307 Loading class java/util/regex/PatternCustomizer
Event: 93.307 Loading class java/util/regex/PatternCustomizer done
Event: 93.307 Loading class java/util/regex/PatternCustomizer
Event: 93.307 Loading class java/util/regex/PatternCustomizer done
Event: 93.312 Loading class java/util/regex/MatcherBeanInfo
Event: 93.312 Loading class java/util/regex/MatcherBeanInfo done
Event: 93.312 Loading class java/util/regex/MatcherBeanInfo
Event: 93.312 Loading class java/util/regex/MatcherBeanInfo done
Event: 93.312 Loading class java/util/regex/MatcherCustomizer
Event: 93.312 Loading class java/util/regex/MatcherCustomizer done
Event: 93.313 Loading class java/util/regex/MatcherCustomizer
Event: 93.313 Loading class java/util/regex/MatcherCustomizer done

Classes unloaded (0 events):
No events

Classes redefined (0 events):
No events

Internal exceptions (20 events):
Event: 93.308 Thread 0x000001f77eff3890 Exception <a 'java/lang/NoSuchMethodError'{0x00000006156cefa8}: 'int java.lang.invoke.Invokers$Holder.invokeExact_MT(java.lang.Object, java.lang.Object)'> (0x00000006156cefa8) 
thrown [s\src\hotspot\share\interpreter\linkResolver.cpp, line 773]
Event: 93.312 Thread 0x000001f77eff3890 Exception <a 'java/lang/ClassNotFoundException'{0x0000000615701768}: java/util/regex/MatcherBeanInfo> (0x0000000615701768) 
thrown [s\src\hotspot\share\classfile\systemDictionary.cpp, line 313]
Event: 93.313 Thread 0x000001f77eff3890 Exception <a 'java/lang/ClassNotFoundException'{0x00000006157090a8}: java/util/regex/MatcherCustomizer> (0x00000006157090a8) 
thrown [s\src\hotspot\share\classfile\systemDictionary.cpp, line 313]
Event: 93.315 Thread 0x000001f77eff3890 Exception <a 'java/lang/NoSuchMethodError'{0x0000000615729068}: 'java.lang.Object java.lang.invoke.DirectMethodHandle$Holder.invokeInterface(java.lang.Object, java.lang.Object, int)'> (0x0000000615729068) 
thrown [s\src\hotspot\share\interpreter\linkResolver.cpp, line 773]
Event: 93.550 Thread 0x000001f77eff3890 Exception <a 'java/lang/ClassNotFoundException'{0x000000061447ea60}: com/android/build/gradle/internal/api/LibraryVariantOutputImpl_DecoratedBeanInfo> (0x000000061447ea60) 
thrown [s\src\hotspot\share\classfile\systemDictionary.cpp, line 313]
Event: 93.550 Thread 0x000001f77eff3890 Exception <a 'java/lang/ClassNotFoundException'{0x0000000614488bd8}: com/android/build/gradle/internal/api/LibraryVariantOutputImplBeanInfo> (0x0000000614488bd8) 
thrown [s\src\hotspot\share\classfile\systemDictionary.cpp, line 313]
Event: 93.551 Thread 0x000001f77eff3890 Exception <a 'java/lang/ClassNotFoundException'{0x0000000614492e58}: com/android/build/gradle/internal/api/LibraryVariantOutputImplCustomizer> (0x0000000614492e58) 
thrown [s\src\hotspot\share\classfile\systemDictionary.cpp, line 313]
Event: 93.551 Thread 0x000001f77eff3890 Exception <a 'java/lang/ClassNotFoundException'{0x00000006144a5ff8}: com/android/build/gradle/internal/api/LibraryVariantOutputImpl_DecoratedCustomizer> (0x00000006144a5ff8) 
thrown [s\src\hotspot\share\classfile\systemDictionary.cpp, line 313]
Event: 93.679 Thread 0x000001f77eff3890 Exception <a 'java/lang/ClassNotFoundException'{0x000000061422ab98}: build_c4glbf0vnwqc287d4kl8pq9iqBeanInfo> (0x000000061422ab98) 
thrown [s\src\hotspot\share\classfile\systemDictionary.cpp, line 313]
Event: 93.679 Thread 0x000001f77eff3890 Exception <a 'java/lang/ClassNotFoundException'{0x0000000614231bd8}: build_c4glbf0vnwqc287d4kl8pq9iqCustomizer> (0x0000000614231bd8) 
thrown [s\src\hotspot\share\classfile\systemDictionary.cpp, line 313]
Event: 93.717 Thread 0x000001f77eff3890 Exception <a 'java/lang/ClassNotFoundException'{0x00000006142cc310}: build_c4glbf0vnwqc287d4kl8pq9iqBeanInfo> (0x00000006142cc310) 
thrown [s\src\hotspot\share\classfile\systemDictionary.cpp, line 313]
Event: 93.717 Thread 0x000001f77eff3890 Exception <a 'java/lang/ClassNotFoundException'{0x00000006142d32e8}: build_c4glbf0vnwqc287d4kl8pq9iqCustomizer> (0x00000006142d32e8) 
thrown [s\src\hotspot\share\classfile\systemDictionary.cpp, line 313]
Event: 93.772 Thread 0x000001f77eff3890 Exception <a 'java/lang/ClassNotFoundException'{0x0000000613dade00}: local_config_46jteegr9n9kfxr9of7iilc7fBeanInfo> (0x0000000613dade00) 
thrown [s\src\hotspot\share\classfile\systemDictionary.cpp, line 313]
Event: 93.774 Thread 0x000001f77eff3890 Exception <a 'java/lang/ClassNotFoundException'{0x0000000613db7138}: local_config_46jteegr9n9kfxr9of7iilc7fCustomizer> (0x0000000613db7138) 
thrown [s\src\hotspot\share\classfile\systemDictionary.cpp, line 313]
Event: 93.834 Thread 0x000001f77eff3890 Exception <a 'java/lang/ClassNotFoundException'{0x0000000613ef2648}: build_c4glbf0vnwqc287d4kl8pq9iq$_run_closure2BeanInfo> (0x0000000613ef2648) 
thrown [s\src\hotspot\share\classfile\systemDictionary.cpp, line 313]
Event: 93.835 Thread 0x000001f77eff3890 Exception <a 'java/lang/ClassNotFoundException'{0x0000000613efcab0}: build_c4glbf0vnwqc287d4kl8pq9iq$_run_closure2Customizer> (0x0000000613efcab0) 
thrown [s\src\hotspot\share\classfile\systemDictionary.cpp, line 313]
Event: 93.912 Thread 0x000001f77eff3890 Exception <a 'java/lang/ClassNotFoundException'{0x0000000613fd6348}: user_agent_dqqja4v3jqmfql3l6voiqvojgBeanInfo> (0x0000000613fd6348) 
thrown [s\src\hotspot\share\classfile\systemDictionary.cpp, line 313]
Event: 93.913 Thread 0x000001f77eff3890 Exception <a 'java/lang/ClassNotFoundException'{0x0000000613fdf5e8}: user_agent_dqqja4v3jqmfql3l6voiqvojgCustomizer> (0x0000000613fdf5e8) 
thrown [s\src\hotspot\share\classfile\systemDictionary.cpp, line 313]
Event: 97.923 Thread 0x000001f77eff3890 Exception <a 'java/lang/ClassNotFoundException'{0x000000061450a078}: build_au6ok5gb15xvlrk28xxagyy5yBeanInfo> (0x000000061450a078) 
thrown [s\src\hotspot\share\classfile\systemDictionary.cpp, line 313]
Event: 97.923 Thread 0x000001f77eff3890 Exception <a 'java/lang/ClassNotFoundException'{0x00000006145110b8}: build_au6ok5gb15xvlrk28xxagyy5yCustomizer> (0x00000006145110b8) 
thrown [s\src\hotspot\share\classfile\systemDictionary.cpp, line 313]

ZGC Phase Switch (0 events):
No events

VM Operations (20 events):
Event: 93.299 Executing non-safepoint VM operation: HandshakeAllThreads (Deoptimize)
Event: 93.299 Executing non-safepoint VM operation: HandshakeAllThreads (Deoptimize) done
Event: 93.928 Executing safepoint VM operation: ICBufferFull
Event: 93.928 Executing safepoint VM operation: ICBufferFull done
Event: 94.942 Executing safepoint VM operation: Cleanup
Event: 94.942 Executing safepoint VM operation: Cleanup done
Event: 95.955 Executing safepoint VM operation: Cleanup
Event: 95.955 Executing safepoint VM operation: Cleanup done
Event: 96.268 Executing safepoint VM operation: G1CollectForAllocation (G1 Evacuation Pause)
Event: 96.311 Executing safepoint VM operation: G1CollectForAllocation (G1 Evacuation Pause) done
Event: 97.320 Executing safepoint VM operation: Cleanup
Event: 97.320 Executing safepoint VM operation: Cleanup done
Event: 98.335 Executing safepoint VM operation: Cleanup
Event: 98.335 Executing safepoint VM operation: Cleanup done
Event: 99.337 Executing safepoint VM operation: Cleanup
Event: 99.338 Executing safepoint VM operation: Cleanup done
Event: 100.342 Executing safepoint VM operation: Cleanup
Event: 100.342 Executing safepoint VM operation: Cleanup done
Event: 100.415 Executing safepoint VM operation: G1CollectForAllocation (G1 Evacuation Pause)
Event: 100.467 Executing safepoint VM operation: G1CollectForAllocation (G1 Evacuation Pause) done

Memory protections (0 events):
No events

Nmethod flushes (20 events):
Event: 75.140 Thread 0x000001f738cf9e10 flushing  nmethod 0x000001f70dacb710
Event: 75.140 Thread 0x000001f738cf9e10 flushing  nmethod 0x000001f70dad0610
Event: 75.140 Thread 0x000001f738cf9e10 flushing  nmethod 0x000001f70dad1890
Event: 75.140 Thread 0x000001f738cf9e10 flushing  nmethod 0x000001f70dad3790
Event: 75.140 Thread 0x000001f738cf9e10 flushing  nmethod 0x000001f70dad4090
Event: 75.140 Thread 0x000001f738cf9e10 flushing  nmethod 0x000001f70daf4090
Event: 75.140 Thread 0x000001f738cf9e10 flushing  nmethod 0x000001f70db11490
Event: 75.140 Thread 0x000001f738cf9e10 flushing  nmethod 0x000001f70db20c10
Event: 75.140 Thread 0x000001f738cf9e10 flushing  nmethod 0x000001f70db22210
Event: 75.140 Thread 0x000001f738cf9e10 flushing  nmethod 0x000001f70dc41f90
Event: 75.140 Thread 0x000001f738cf9e10 flushing  nmethod 0x000001f70dcc7c90
Event: 75.140 Thread 0x000001f738cf9e10 flushing  nmethod 0x000001f70de06d10
Event: 75.140 Thread 0x000001f738cf9e10 flushing  nmethod 0x000001f70de07e90
Event: 75.140 Thread 0x000001f738cf9e10 flushing  nmethod 0x000001f70de49b90
Event: 75.140 Thread 0x000001f738cf9e10 flushing  nmethod 0x000001f70de4de90
Event: 75.140 Thread 0x000001f738cf9e10 flushing  nmethod 0x000001f70de51790
Event: 75.140 Thread 0x000001f738cf9e10 flushing  nmethod 0x000001f70de69390
Event: 75.140 Thread 0x000001f738cf9e10 flushing  nmethod 0x000001f70de6be90
Event: 75.140 Thread 0x000001f738cf9e10 flushing  nmethod 0x000001f70deb7090
Event: 75.140 Thread 0x000001f738cf9e10 flushing  nmethod 0x000001f70df67390

Events (20 events):
Event: 79.118 Thread 0x000001f77eff3890 Thread added: 0x000001f704a6c6f0
Event: 79.118 Thread 0x000001f77eff3890 Thread added: 0x000001f704a72ff0
Event: 86.628 Thread 0x000001f77eff3890 Thread added: 0x000001f704a70f20
Event: 86.953 Thread 0x000001f77eff3890 Thread added: 0x000001f704a73680
Event: 92.556 Thread 0x000001f77eff3890 Thread added: 0x000001f70175f2b0
Event: 94.185 Thread 0x000001f77eff3890 Thread added: 0x000001f701759d60
Event: 94.186 Thread 0x000001f77eff3890 Thread added: 0x000001f70175df00
Event: 94.186 Thread 0x000001f77eff3890 Thread added: 0x000001f70175e590
Event: 94.213 Thread 0x000001f77eff3890 Thread added: 0x000001f70175f940
Event: 94.214 Thread 0x000001f77eff3890 Thread added: 0x000001f70175a3f0
Event: 94.214 Thread 0x000001f77eff3890 Thread added: 0x000001f700bb4d10
Event: 97.996 Thread 0x000001f77eff3890 Thread added: 0x000001f700bafe50
Event: 97.997 Thread 0x000001f77eff3890 Thread added: 0x000001f700bb04e0
Event: 97.997 Thread 0x000001f77eff3890 Thread added: 0x000001f704a6daa0
Event: 98.008 Thread 0x000001f77eff3890 Thread added: 0x000001f705f9edf0
Event: 98.008 Thread 0x000001f77eff3890 Thread added: 0x000001f705f9e0d0
Event: 98.009 Thread 0x000001f77eff3890 Thread added: 0x000001f705f9c000
Event: 98.175 Thread 0x000001f77eff3890 Thread added: 0x000001f705f98b80
Event: 98.175 Thread 0x000001f77eff3890 Thread added: 0x000001f705f99f30
Event: 98.176 Thread 0x000001f77eff3890 Thread added: 0x000001f705f9e760


Dynamic libraries:
0x00007ff70d150000 - 0x00007ff70d15e000 	C:\Users\HP\.vscode\extensions\redhat.java-1.56.0-win32-x64\jre\21.0.12.1-win32-x86_64\bin\java.exe
0x00007ffb0e490000 - 0x00007ffb0e688000 	C:\WINDOWS\SYSTEM32\ntdll.dll
0x00007ffb0dbd0000 - 0x00007ffb0dc92000 	C:\WINDOWS\System32\KERNEL32.DLL
0x00007ffb0c0a0000 - 0x00007ffb0c396000 	C:\WINDOWS\System32\KERNELBASE.dll
0x00007ffb0bc30000 - 0x00007ffb0bd30000 	C:\WINDOWS\System32\ucrtbase.dll
0x00007ffb02390000 - 0x00007ffb023ae000 	C:\Users\HP\.vscode\extensions\redhat.java-1.56.0-win32-x64\jre\21.0.12.1-win32-x86_64\bin\VCRUNTIME140.dll
0x00007ffae2b20000 - 0x00007ffae2b38000 	C:\Users\HP\.vscode\extensions\redhat.java-1.56.0-win32-x64\jre\21.0.12.1-win32-x86_64\bin\jli.dll
0x00007ffb0c4b0000 - 0x00007ffb0c651000 	C:\WINDOWS\System32\USER32.dll
0x00007ffb0bc00000 - 0x00007ffb0bc22000 	C:\WINDOWS\System32\win32u.dll
0x00007ffb0da20000 - 0x00007ffb0da4b000 	C:\WINDOWS\System32\GDI32.dll
0x00007ffb0bf80000 - 0x00007ffb0c099000 	C:\WINDOWS\System32\gdi32full.dll
0x00007ffb0bd30000 - 0x00007ffb0bdcd000 	C:\WINDOWS\System32\msvcp_win.dll
0x00007ffaf06f0000 - 0x00007ffaf098b000 	C:\WINDOWS\WinSxS\amd64_microsoft.windows.common-controls_6595b64144ccf1df_6.0.19041.6456_none_60b8a6cb71f64256\COMCTL32.dll
0x00007ffb0e170000 - 0x00007ffb0e20e000 	C:\WINDOWS\System32\msvcrt.dll
0x00007ffb0e270000 - 0x00007ffb0e29f000 	C:\WINDOWS\System32\IMM32.DLL
0x00007ffb049a0000 - 0x00007ffb049ac000 	C:\Users\HP\.vscode\extensions\redhat.java-1.56.0-win32-x64\jre\21.0.12.1-win32-x86_64\bin\vcruntime140_1.dll
0x00007ffad5170000 - 0x00007ffad51fd000 	C:\Users\HP\.vscode\extensions\redhat.java-1.56.0-win32-x64\jre\21.0.12.1-win32-x86_64\bin\msvcp140.dll
0x00007ffa74630000 - 0x00007ffa753d2000 	C:\Users\HP\.vscode\extensions\redhat.java-1.56.0-win32-x64\jre\21.0.12.1-win32-x86_64\bin\server\jvm.dll
0x00007ffb0d960000 - 0x00007ffb0da11000 	C:\WINDOWS\System32\ADVAPI32.dll
0x00007ffb0ccd0000 - 0x00007ffb0cd6f000 	C:\WINDOWS\System32\sechost.dll
0x00007ffb0c660000 - 0x00007ffb0c780000 	C:\WINDOWS\System32\RPCRT4.dll
0x00007ffb0bb20000 - 0x00007ffb0bb47000 	C:\WINDOWS\System32\bcrypt.dll
0x00007ffb0dab0000 - 0x00007ffb0db1b000 	C:\WINDOWS\System32\WS2_32.dll
0x00007ffb0b980000 - 0x00007ffb0b9cb000 	C:\WINDOWS\SYSTEM32\POWRPROF.dll
0x00007ffaf6f70000 - 0x00007ffaf6f97000 	C:\WINDOWS\SYSTEM32\WINMM.dll
0x00007ffafea50000 - 0x00007ffafea5a000 	C:\WINDOWS\SYSTEM32\VERSION.dll
0x00007ffb0b960000 - 0x00007ffb0b972000 	C:\WINDOWS\SYSTEM32\UMPDC.dll
0x00007ffb0a380000 - 0x00007ffb0a392000 	C:\WINDOWS\SYSTEM32\kernel.appcore.dll
0x00007ffb022a0000 - 0x00007ffb022aa000 	C:\Users\HP\.vscode\extensions\redhat.java-1.56.0-win32-x64\jre\21.0.12.1-win32-x86_64\bin\jimage.dll
0x00007ffb06640000 - 0x00007ffb06841000 	C:\WINDOWS\SYSTEM32\DBGHELP.DLL
0x00007ffaea8c0000 - 0x00007ffaea8f4000 	C:\WINDOWS\SYSTEM32\dbgcore.DLL
0x00007ffb0c420000 - 0x00007ffb0c4a2000 	C:\WINDOWS\System32\bcryptPrimitives.dll
0x00007ffb00fe0000 - 0x00007ffb00fef000 	C:\Users\HP\.vscode\extensions\redhat.java-1.56.0-win32-x64\jre\21.0.12.1-win32-x86_64\bin\instrument.dll
0x00007ffb021f0000 - 0x00007ffb02210000 	C:\Users\HP\.vscode\extensions\redhat.java-1.56.0-win32-x64\jre\21.0.12.1-win32-x86_64\bin\java.dll
0x00007ffb0ce40000 - 0x00007ffb0d5b0000 	C:\WINDOWS\System32\SHELL32.dll
0x00007ffb09b70000 - 0x00007ffb0a315000 	C:\WINDOWS\SYSTEM32\windows.storage.dll
0x00007ffb0dca0000 - 0x00007ffb0dff4000 	C:\WINDOWS\System32\combase.dll
0x00007ffb0b470000 - 0x00007ffb0b49b000 	C:\WINDOWS\SYSTEM32\Wldp.dll
0x00007ffb0cd70000 - 0x00007ffb0ce3d000 	C:\WINDOWS\System32\OLEAUT32.dll
0x00007ffb0e0c0000 - 0x00007ffb0e16d000 	C:\WINDOWS\System32\SHCORE.dll
0x00007ffb0d900000 - 0x00007ffb0d95b000 	C:\WINDOWS\System32\shlwapi.dll
0x00007ffb0ba50000 - 0x00007ffb0ba74000 	C:\WINDOWS\SYSTEM32\profapi.dll
0x00007ffaefb70000 - 0x00007ffaefb88000 	C:\Users\HP\.vscode\extensions\redhat.java-1.56.0-win32-x64\jre\21.0.12.1-win32-x86_64\bin\zip.dll
0x00007ffb021e0000 - 0x00007ffb021f0000 	C:\Users\HP\.vscode\extensions\redhat.java-1.56.0-win32-x64\jre\21.0.12.1-win32-x86_64\bin\net.dll
0x00007ffaf93f0000 - 0x00007ffaf94fa000 	C:\WINDOWS\SYSTEM32\WINHTTP.dll
0x00007ffb0b1d0000 - 0x00007ffb0b23a000 	C:\WINDOWS\system32\mswsock.dll
0x00007ffaefb50000 - 0x00007ffaefb66000 	C:\Users\HP\.vscode\extensions\redhat.java-1.56.0-win32-x64\jre\21.0.12.1-win32-x86_64\bin\nio.dll
0x00007ffb00770000 - 0x00007ffb00780000 	C:\Users\HP\.vscode\extensions\redhat.java-1.56.0-win32-x64\jre\21.0.12.1-win32-x86_64\bin\verify.dll
0x00007ffadd820000 - 0x00007ffadd847000 	D:\Gradle\native\1def1411415f61bf3af743bc5b6707747c0891f09f0c88961ee8f79bc544acac\windows-amd64\native-platform.dll
0x00007ffacfc50000 - 0x00007ffacfcc7000 	D:\Gradle\native\0.2.8\x86_64-windows-gnu\gradle-fileevents.dll
0x00007ffaf6c80000 - 0x00007ffaf6c8a000 	C:\Users\HP\.vscode\extensions\redhat.java-1.56.0-win32-x64\jre\21.0.12.1-win32-x86_64\bin\management.dll
0x00007ffaf6c50000 - 0x00007ffaf6c5c000 	C:\Users\HP\.vscode\extensions\redhat.java-1.56.0-win32-x64\jre\21.0.12.1-win32-x86_64\bin\management_ext.dll
0x00007ffb0e440000 - 0x00007ffb0e448000 	C:\WINDOWS\System32\PSAPI.DLL
0x00007ffb0aeb0000 - 0x00007ffb0aeeb000 	C:\WINDOWS\SYSTEM32\IPHLPAPI.DLL
0x00007ffb0e300000 - 0x00007ffb0e308000 	C:\WINDOWS\System32\NSI.dll
0x00007ffb006c0000 - 0x00007ffb006c9000 	C:\Users\HP\.vscode\extensions\redhat.java-1.56.0-win32-x64\jre\21.0.12.1-win32-x86_64\bin\extnet.dll
0x00007ffb0b3c0000 - 0x00007ffb0b3d8000 	C:\WINDOWS\SYSTEM32\CRYPTSP.dll
0x00007ffb0aaf0000 - 0x00007ffb0ab28000 	C:\WINDOWS\system32\rsaenh.dll
0x00007ffb0b9d0000 - 0x00007ffb0b9fe000 	C:\WINDOWS\SYSTEM32\USERENV.dll
0x00007ffb0b3e0000 - 0x00007ffb0b3ec000 	C:\WINDOWS\SYSTEM32\CRYPTBASE.dll
0x00007ffb006e0000 - 0x00007ffb006ee000 	C:\Users\HP\.vscode\extensions\redhat.java-1.56.0-win32-x64\jre\21.0.12.1-win32-x86_64\bin\sunmscapi.dll
0x00007ffb0bdd0000 - 0x00007ffb0bf2d000 	C:\WINDOWS\System32\CRYPT32.dll
0x00007ffb0b4e0000 - 0x00007ffb0b507000 	C:\WINDOWS\SYSTEM32\ncrypt.dll
0x00007ffb0b4a0000 - 0x00007ffb0b4db000 	C:\WINDOWS\SYSTEM32\NTASN1.dll
0x00007ffa7b600000 - 0x00007ffa7b607000 	C:\WINDOWS\system32\wshunix.dll

JVMTI agents:
D:\Gradle\wrapper\dists\gradle-9.1.0-all\7wzd0jkjit61aq2p43wpjgij9\gradle-9.1.0\lib\agents\gradle-instrumentation-agent-9.1.0.jar path:C:\Users\HP\.vscode\extensions\redhat.java-1.56.0-win32-x64\jre\21.0.12.1-win32-x86_64\bin\instrument.dll, loaded, initialized, instrumentlib options:none

dbghelp: loaded successfully - version: 4.0.5 - missing functions: none
symbol engine: initialized successfully - sym options: 0x614 - pdb path: .;C:\Users\HP\.vscode\extensions\redhat.java-1.56.0-win32-x64\jre\21.0.12.1-win32-x86_64\bin;C:\WINDOWS\SYSTEM32;C:\WINDOWS\WinSxS\amd64_microsoft.windows.common-controls_6595b64144ccf1df_6.0.19041.6456_none_60b8a6cb71f64256;C:\Users\HP\.vscode\extensions\redhat.java-1.56.0-win32-x64\jre\21.0.12.1-win32-x86_64\bin\server;D:\Gradle\native\1def1411415f61bf3af743bc5b6707747c0891f09f0c88961ee8f79bc544acac\windows-amd64;D:\Gradle\native\0.2.8\x86_64-windows-gnu

VM Arguments:
jvm_args: --add-opens=java.base/java.lang=ALL-UNNAMED --add-opens=java.base/java.lang.invoke=ALL-UNNAMED --add-opens=java.base/java.util=ALL-UNNAMED --add-opens=java.prefs/java.util.prefs=ALL-UNNAMED --add-exports=jdk.compiler/com.sun.tools.javac.api=ALL-UNNAMED --add-exports=jdk.compiler/com.sun.tools.javac.util=ALL-UNNAMED --add-opens=java.base/java.util=ALL-UNNAMED --add-opens=java.prefs/java.util.prefs=ALL-UNNAMED --add-opens=java.base/java.nio.charset=ALL-UNNAMED --add-opens=java.base/java.net=ALL-UNNAMED --add-opens=java.base/java.util.concurrent=ALL-UNNAMED --add-opens=java.base/java.util.concurrent.atomic=ALL-UNNAMED --add-opens=java.xml/javax.xml.namespace=ALL-UNNAMED --add-opens=java.base/java.time=ALL-UNNAMED -XX:MaxMetaspaceSize=4G -XX:ReservedCodeCacheSize=512m -XX:+HeapDumpOnOutOfMemoryError -Xmx8G -Dfile.encoding=UTF-8 -Duser.country=US -Duser.language=en -Duser.variant -javaagent:D:\Gradle\wrapper\dists\gradle-9.1.0-all\7wzd0jkjit61aq2p43wpjgij9\gradle-9.1.0\lib\agents\gradle-instrumentation-agent-9.1.0.jar 
java_command: org.gradle.launcher.daemon.bootstrap.GradleDaemon 9.1.0
java_class_path (initial): D:\Gradle\wrapper\dists\gradle-9.1.0-all\7wzd0jkjit61aq2p43wpjgij9\gradle-9.1.0\lib\gradle-daemon-main-9.1.0.jar
Launcher Type: SUN_STANDARD

[Global flags]
     intx CICompilerCount                          = 3                                         {product} {ergonomic}
     uint ConcGCThreads                            = 1                                         {product} {ergonomic}
     uint G1ConcRefinementThreads                  = 4                                         {product} {ergonomic}
   size_t G1HeapRegionSize                         = 4194304                                   {product} {ergonomic}
    uintx GCDrainStackTargetSize                   = 64                                        {product} {ergonomic}
     bool HeapDumpOnOutOfMemoryError               = true                                   {manageable} {command line}
   size_t InitialHeapSize                          = 134217728                                 {product} {ergonomic}
   size_t MarkStackSize                            = 4194304                                   {product} {ergonomic}
   size_t MaxHeapSize                              = 8589934592                                {product} {command line}
   size_t MaxMetaspaceSize                         = 4294967296                                {product} {command line}
   size_t MaxNewSize                               = 5150605312                                {product} {ergonomic}
   size_t MinHeapDeltaBytes                        = 4194304                                   {product} {ergonomic}
   size_t MinHeapSize                              = 8388608                                   {product} {ergonomic}
    uintx NonNMethodCodeHeapSize                   = 5832780                                {pd product} {ergonomic}
    uintx NonProfiledCodeHeapSize                  = 265519066                              {pd product} {ergonomic}
    uintx ProfiledCodeHeapSize                     = 265519066                              {pd product} {ergonomic}
    uintx ReservedCodeCacheSize                    = 536870912                              {pd product} {command line}
     bool SegmentedCodeCache                       = true                                      {product} {ergonomic}
   size_t SoftMaxHeapSize                          = 8589934592                             {manageable} {ergonomic}
     bool UseCompressedOops                        = true                           {product lp64_product} {ergonomic}
     bool UseG1GC                                  = true                                      {product} {ergonomic}
     bool UseLargePagesIndividualAllocation        = false                                  {pd product} {ergonomic}

Logging:
Log output configuration:
 #0: stdout all=warning uptime,level,tags foldmultilines=false
 #1: stderr all=off uptime,level,tags foldmultilines=false

Release file:
JAVA_VERSION="21.0.12.1" 
MODULES="java.base java.compiler java.datatransfer java.xml java.prefs java.desktop java.instrument java.logging java.management java.security.sasl java.naming java.rmi java.management.rmi java.net.http java.scripting java.security.jgss java.transaction.xa java.sql java.sql.rowset java.xml.crypto java.se java.smartcardio jdk.accessibility jdk.internal.jvmstat jdk.attach jdk.charsets jdk.internal.opt jdk.zipfs jdk.compiler jdk.crypto.ec jdk.crypto.cryptoki jdk.crypto.mscapi jdk.dynalink jdk.internal.ed jdk.editpad jdk.hotspot.agent jdk.httpserver jdk.internal.le jdk.internal.vm.ci jdk.internal.vm.compiler jdk.internal.vm.compiler.management jdk.jartool jdk.javadoc jdk.jcmd jdk.management jdk.management.agent jdk.jconsole jdk.jdeps jdk.jdwp.agent jdk.jdi jdk.jfr jdk.jshell jdk.jsobject jdk.jstatd jdk.localedata jdk.management.jfr jdk.naming.dns jdk.naming.rmi jdk.net jdk.nio.mapmode jdk.random jdk.sctp jdk.security.auth jdk.security.jgss jdk.unsupported jdk.unsupported.desktop jdk.xml.dom" 

Environment Variables:
PATH=C:\Program Files\Common Files\Oracle\Java\javapath;C:\Program Files (x86)\Common Files\Intel\Shared Libraries\redist\intel64\compiler;C:\WINDOWS\system32;C:\WINDOWS;C:\WINDOWS\System32\Wbem;C:\WINDOWS\System32\WindowsPowerShell\v1.0\;C:\WINDOWS\System32\OpenSSH\;C:\Program Files\Git\cmd;C:\Users\HP\Desktop\flutter\bin;C:\Users\HP\AppData\Local\nvm;C:\nvm4w\nodejs;D:\xampp\php;C:\ProgramData\ComposerSetup\bin;D:\flutter\bin;D:\Oracle\Java\jdk-21.0.12\bin;D:\flutter\bin;C:\Users\HP\AppData\Local\Programs\Microsoft VS Code\bin;D:\JetBrains\IntelliJ IDEA 2026.2.0.1\bin
USERNAME=ADNARG
OS=Windows_NT
PROCESSOR_IDENTIFIER=Intel64 Family 6 Model 78 Stepping 3, GenuineIntel
TMP=D:\Temp
TEMP=D:\Temp




Periodic native trim disabled

---------------  S Y S T E M  ---------------

OS:
 Windows 10 , 64 bit Build 19041 (10.0.19041.5915)
OS uptime: 4 days 12:40 hours

CPU: total 4 (initial active 4) (2 cores per cpu, 2 threads per core) family 6 model 78 stepping 3 microcode 0xf0, cx8, cmov, fxsr, ht, mmx, 3dnowpref, sse, sse2, sse3, ssse3, sse4.1, sse4.2, popcnt, lzcnt, tsc, tscinvbit, avx, avx2, aes, erms, clmul, bmi1, bmi2, rtm, adx, fma, vzeroupper, clflush, clflushopt, rdtscp, f16c
Processor Information for the first 4 processors :
  Max Mhz: 2496, Current Mhz: 2396, Mhz Limit: 2396

Memory: 4k page, system-wide physical 8071M (144M free)
TotalPageFile size 17634M (AvailPageFile size 3M)
current process WorkingSet (physical memory assigned to process): 668M, peak: 668M
current process commit charge ("private bytes"): 872M, peak: 873M

vm_info: OpenJDK 64-Bit Server VM (21.0.12.1+1-LTS) for windows-amd64 JRE (21.0.12.1+1-LTS), built on 2026-08-18T00:00:00Z by "admin" with MS VC++ 17.12 (VS2022)

END.
