#
# There is insufficient memory for the Java Runtime Environment to continue.
# Native memory allocation (mmap) failed to map 88080384 bytes. Error detail: G1 virtual space
# Possible reasons:
#   The system is out of physical RAM or swap space
#   This process is running with CompressedOops enabled, and the Java Heap may be blocking the growth of the native heap
# Possible solutions:
#   Reduce memory load on the system
#   Increase physical memory or swap space
#   Check if swap backing store is full
#   Decrease Java heap size (-Xmx/-Xms)
#   Decrease number of Java threads
#   Decrease Java thread stack sizes (-Xss)
#   Set larger code cache with -XX:ReservedCodeCacheSize=
#   JVM is running with Zero Based Compressed Oops mode in which the Java heap is
#     placed in the first 32GB address space. The Java Heap base address is the
#     maximum limit for the native heap growth. Please use -XX:HeapBaseMinAddress
#     to set the Java Heap base and to place the Java Heap above 32GB virtual address.
# This output file may be truncated or incomplete.
#
#  Out of Memory Error (os_windows.cpp:3714), pid=20240, tid=14636
#
# JRE version: OpenJDK Runtime Environment Temurin-21.0.11+10 (21.0.11+10) (build 21.0.11+10-LTS)
# Java VM: OpenJDK 64-Bit Server VM Temurin-21.0.11+10 (21.0.11+10-LTS, mixed mode, sharing, tiered, compressed oops, compressed class ptrs, g1 gc, windows-amd64)
# No core dump will be written. Minidumps are not enabled by default on client versions of Windows
#

---------------  S U M M A R Y ------------

Command Line: --add-opens=java.base/java.lang=ALL-UNNAMED --add-opens=java.base/java.lang.invoke=ALL-UNNAMED --add-opens=java.base/java.util=ALL-UNNAMED --add-opens=java.prefs/java.util.prefs=ALL-UNNAMED --add-exports=jdk.compiler/com.sun.tools.javac.api=ALL-UNNAMED --add-exports=jdk.compiler/com.sun.tools.javac.util=ALL-UNNAMED --add-opens=java.base/java.util=ALL-UNNAMED --add-opens=java.prefs/java.util.prefs=ALL-UNNAMED --add-opens=java.base/java.nio.charset=ALL-UNNAMED --add-opens=java.base/java.net=ALL-UNNAMED --add-opens=java.base/java.util.concurrent=ALL-UNNAMED --add-opens=java.base/java.util.concurrent.atomic=ALL-UNNAMED --add-opens=java.xml/javax.xml.namespace=ALL-UNNAMED --add-opens=java.base/java.time=ALL-UNNAMED -XX:MaxMetaspaceSize=4G -XX:ReservedCodeCacheSize=512m -XX:+HeapDumpOnOutOfMemoryError -Xmx8G -Dfile.encoding=UTF-8 -Duser.country=US -Duser.language=en -Duser.variant -javaagent:D:\Gradle\wrapper\dists\gradle-9.1.0-all\7wzd0jkjit61aq2p43wpjgij9\gradle-9.1.0\lib\agents\gradle-instrumentation-agent-9.1.0.jar org.gradle.launcher.daemon.bootstrap.GradleDaemon 9.1.0

Host: Intel(R) Core(TM) i5-6300U CPU @ 2.40GHz, 4 cores, 7G,  Windows 10 , 64 bit Build 19041 (10.0.19041.5915)
Time: Thu Aug 20 14:54:19 2026 elapsed time: 175.113374 seconds (0d 0h 2m 55s)

---------------  T H R E A D  ---------------

Current thread (0x000001a674651b20):  VMThread "VM Thread"          [id=14636, stack(0x00000077ae800000,0x00000077ae900000) (1024K)]

Stack: [0x00000077ae800000,0x00000077ae900000]
Native frames: (J=compiled Java code, j=interpreted, Vv=VM code, C=native code)
V  [jvm.dll+0x6d7e19]
V  [jvm.dll+0x8b5096]
V  [jvm.dll+0x8b764e]
V  [jvm.dll+0x8b7d33]
V  [jvm.dll+0x284596]
V  [jvm.dll+0x6d4735]
V  [jvm.dll+0x6c845a]
V  [jvm.dll+0x35ef08]
V  [jvm.dll+0x366b46]
V  [jvm.dll+0x3b7c2e]
V  [jvm.dll+0x3b7ed8]
V  [jvm.dll+0x33310c]
V  [jvm.dll+0x333197]
V  [jvm.dll+0x376f6c]
V  [jvm.dll+0x37570e]
V  [jvm.dll+0x332851]
V  [jvm.dll+0x374d7a]
V  [jvm.dll+0x8bda20]
V  [jvm.dll+0x8bed94]
V  [jvm.dll+0x8bf2c0]
V  [jvm.dll+0x8bf563]
V  [jvm.dll+0x85fb0d]
V  [jvm.dll+0x6d664d]
C  [ucrtbase.dll+0x21bb2]
C  [KERNEL32.DLL+0x17374]
C  [ntdll.dll+0x4cc91]

VM_Operation (0x00000077b1cfa7c0): G1CollectForAllocation, mode: safepoint, requested by thread 0x000001a67dedcdc0


---------------  P R O C E S S  ---------------

Threads class SMR info:
_java_thread_list=0x000001a67e05c9a0, length=86, elements={
0x000001a642a074e0, 0x000001a674669f30, 0x000001a67466a5a0, 0x000001a67466ac10,
0x000001a67466d290, 0x000001a674671910, 0x000001a674671f80, 0x000001a674672920,
0x000001a674675f20, 0x000001a67486fca0, 0x000001a6748fe0f0, 0x000001a67a55d0a0,
0x000001a674a08760, 0x000001a67a4d86c0, 0x000001a67a2f5a80, 0x000001a67a223e20,
0x000001a67a2223e0, 0x000001a67a223100, 0x000001a67a222a70, 0x000001a67a1e4950,
0x000001a67a1e5670, 0x000001a67a1e7740, 0x000001a67a1e6a20, 0x000001a67a1ea530,
0x000001a67bd26a90, 0x000001a67e622890, 0x000001a67e620e50, 0x000001a67e185320,
0x000001a67e187a80, 0x000001a67e183250, 0x000001a67e1838e0, 0x000001a67e182bc0,
0x000001a67e188110, 0x000001a67e181ea0, 0x000001a67e183f70, 0x000001a67e1873f0,
0x000001a67e1866d0, 0x000001a67e182530, 0x000001a67e184600, 0x000001a67e186040,
0x000001a67deda660, 0x000001a67dedba10, 0x000001a67dedacf0, 0x000001a67dede800,
0x000001a67dedb380, 0x000001a67dedc0a0, 0x000001a67dedee90, 0x000001a67dedf520,
0x000001a67dee08d0, 0x000001a67dedc730, 0x000001a67dedcdc0, 0x000001a67dedd450,
0x000001a67dede170, 0x000001a67ded9fd0, 0x000001a67dedfbb0, 0x000001a67ded9940,
0x000001a67bd2bfe0, 0x000001a67bd2cd00, 0x000001a67bd2d390, 0x000001a67bd29f10,
0x000001a67bd2da20, 0x000001a67bd29880, 0x000001a67bd27120, 0x000001a67bd2a5a0,
0x000001a67bd27e40, 0x000001a67e624960, 0x000001a67e621b70, 0x000001a67e624ff0,
0x000001a67a1e42c0, 0x000001a67a1e9810, 0x000001a67a1e5d00, 0x000001a67a1eb8e0,
0x000001a67a1eabc0, 0x000001a67a1e6390, 0x000001a67b38bdf0, 0x000001a67b38d1a0,
0x000001a67b38f270, 0x000001a67b38f900, 0x000001a67b38ff90, 0x000001a67a221d50,
0x000001a67a223790, 0x000001a67a221030, 0x000001a6848ebe00, 0x000001a6848ecb20,
0x000001a6848ec490, 0x000001a6848f1350
}

Java Threads: ( => current thread )
  0x000001a642a074e0 JavaThread "main"                              [_thread_blocked, id=4636, stack(0x00000077ae100000,0x00000077ae200000) (1024K)]
  0x000001a674669f30 JavaThread "Reference Handler"          daemon [_thread_blocked, id=10700, stack(0x00000077ae900000,0x00000077aea00000) (1024K)]
  0x000001a67466a5a0 JavaThread "Finalizer"                  daemon [_thread_blocked, id=17416, stack(0x00000077aea00000,0x00000077aeb00000) (1024K)]
  0x000001a67466ac10 JavaThread "Signal Dispatcher"          daemon [_thread_blocked, id=14924, stack(0x00000077aeb00000,0x00000077aec00000) (1024K)]
  0x000001a67466d290 JavaThread "Attach Listener"            daemon [_thread_blocked, id=8724, stack(0x00000077aec00000,0x00000077aed00000) (1024K)]
  0x000001a674671910 JavaThread "Service Thread"             daemon [_thread_blocked, id=22452, stack(0x00000077aed00000,0x00000077aee00000) (1024K)]
  0x000001a674671f80 JavaThread "Monitor Deflation Thread"   daemon [_thread_blocked, id=18740, stack(0x00000077aee00000,0x00000077aef00000) (1024K)]
  0x000001a674672920 JavaThread "C2 CompilerThread0"         daemon [_thread_in_native, id=17880, stack(0x00000077aef00000,0x00000077af000000) (1024K)]
  0x000001a674675f20 JavaThread "C1 CompilerThread0"         daemon [_thread_blocked, id=6264, stack(0x00000077af000000,0x00000077af100000) (1024K)]
  0x000001a67486fca0 JavaThread "Common-Cleaner"             daemon [_thread_blocked, id=4272, stack(0x00000077af100000,0x00000077af200000) (1024K)]
  0x000001a6748fe0f0 JavaThread "Notification Thread"        daemon [_thread_blocked, id=4360, stack(0x00000077af200000,0x00000077af300000) (1024K)]
  0x000001a67a55d0a0 JavaThread "Daemon health stats"               [_thread_blocked, id=19836, stack(0x00000077af500000,0x00000077af600000) (1024K)]
  0x000001a674a08760 JavaThread "Incoming local TCP Connector on port 55519"        [_thread_in_native, id=14356, stack(0x00000077af700000,0x00000077af800000) (1024K)]
  0x000001a67a4d86c0 JavaThread "Daemon periodic checks"            [_thread_blocked, id=19784, stack(0x00000077af800000,0x00000077af900000) (1024K)]
  0x000001a67a2f5a80 JavaThread "Daemon"                            [_thread_blocked, id=15168, stack(0x00000077af900000,0x00000077afa00000) (1024K)]
  0x000001a67a223e20 JavaThread "Daemon worker"                     [_thread_blocked, id=9764, stack(0x00000077afc00000,0x00000077afd00000) (1024K)]
  0x000001a67a2223e0 JavaThread "Cache worker for journal cache (D:\Gradle\caches\journal-1)"        [_thread_blocked, id=8756, stack(0x00000077b0000000,0x00000077b0100000) (1024K)]
  0x000001a67a223100 JavaThread "File lock request listener"        [_thread_in_native, id=16912, stack(0x00000077b0100000,0x00000077b0200000) (1024K)]
  0x000001a67a222a70 JavaThread "Cache worker for file hash cache (D:\Gradle\caches\9.1.0\fileHashes)"        [_thread_blocked, id=15028, stack(0x00000077b0200000,0x00000077b0300000) (1024K)]
  0x000001a67a1e4950 JavaThread "File watcher server"        daemon [_thread_in_native, id=16740, stack(0x00000077b0500000,0x00000077b0600000) (1024K)]
  0x000001a67a1e5670 JavaThread "File watcher consumer"      daemon [_thread_blocked, id=12636, stack(0x00000077b0600000,0x00000077b0700000) (1024K)]
  0x000001a67a1e7740 JavaThread "Cache worker for file content cache (D:\Gradle\caches\9.1.0\fileContent)"        [_thread_blocked, id=9732, stack(0x00000077b0800000,0x00000077b0900000) (1024K)]
  0x000001a67a1e6a20 JavaThread "jar transforms"                    [_thread_blocked, id=20192, stack(0x00000077b0c00000,0x00000077b0d00000) (1024K)]
  0x000001a67a1ea530 JavaThread "jar transforms Thread 2"           [_thread_blocked, id=7736, stack(0x00000077b0b00000,0x00000077b0c00000) (1024K)]
  0x000001a67bd26a90 JavaThread "Memory manager"                    [_thread_blocked, id=14228, stack(0x00000077b0d00000,0x00000077b0e00000) (1024K)]
  0x000001a67e622890 JavaThread "jar transforms Thread 3"           [_thread_blocked, id=19524, stack(0x00000077ae000000,0x00000077ae100000) (1024K)]
  0x000001a67e620e50 JavaThread "jar transforms Thread 4"           [_thread_blocked, id=15092, stack(0x00000077b3c00000,0x00000077b3d00000) (1024K)]
  0x000001a67e185320 JavaThread "Handler for socket connection from /127.0.0.1:55519 to /127.0.0.1:55585"        [_thread_in_native, id=14884, stack(0x00000077afa00000,0x00000077afb00000) (1024K)]
  0x000001a67e187a80 JavaThread "Cancel handler"                    [_thread_blocked, id=20076, stack(0x00000077afb00000,0x00000077afc00000) (1024K)]
  0x000001a67e183250 JavaThread "Asynchronous log dispatcher for DefaultDaemonConnection: socket connection from /127.0.0.1:55519 to /127.0.0.1:55585"        [_thread_blocked, id=8744, stack(0x00000077afd00000,0x00000077afe00000) (1024K)]
  0x000001a67e1838e0 JavaThread "Stdin handler"                     [_thread_blocked, id=6056, stack(0x00000077afe00000,0x00000077aff00000) (1024K)]
  0x000001a67e182bc0 JavaThread "Daemon client event forwarder"        [_thread_blocked, id=20736, stack(0x00000077aff00000,0x00000077b0000000) (1024K)]
  0x000001a67e188110 JavaThread "Cache worker for file hash cache (D:\MassarBus\massarbus_parent\android\.gradle\9.1.0\fileHashes)"        [_thread_blocked, id=4180, stack(0x00000077b0300000,0x00000077b0400000) (1024K)]
  0x000001a67e181ea0 JavaThread "Cache worker for Build Output Cleanup Cache (D:\MassarBus\massarbus_parent\android\.gradle\buildOutputCleanup)"        [_thread_blocked, id=11796, stack(0x00000077b0400000,0x00000077b0500000) (1024K)]
  0x000001a67e183f70 JavaThread "Cache worker for checksums cache (D:\MassarBus\massarbus_parent\android\.gradle\9.1.0\checksums)"        [_thread_blocked, id=18828, stack(0x00000077b0700000,0x00000077b0800000) (1024K)]
  0x000001a67e1873f0 JavaThread "Cache worker for cache directory md-supplier (D:\Gradle\caches\9.1.0\md-supplier)"        [_thread_blocked, id=22372, stack(0x00000077b0900000,0x00000077b0a00000) (1024K)]
  0x000001a67e1866d0 JavaThread "Cache worker for cache directory md-rule (D:\Gradle\caches\9.1.0\md-rule)"        [_thread_blocked, id=1352, stack(0x00000077b0a00000,0x00000077b0b00000) (1024K)]
  0x000001a67e182530 JavaThread "Cache worker for Build Output Cleanup Cache (D:\flutter\packages\flutter_tools\gradle\.gradle\buildOutputCleanup)"        [_thread_blocked, id=5240, stack(0x00000077b0e00000,0x00000077b0f00000) (1024K)]
  0x000001a67e184600 JavaThread "Unconstrained build operations"        [_thread_blocked, id=18756, stack(0x00000077b0f00000,0x00000077b1000000) (1024K)]
  0x000001a67e186040 JavaThread "Unconstrained build operations Thread 2"        [_thread_blocked, id=9004, stack(0x00000077b1000000,0x00000077b1100000) (1024K)]
  0x000001a67deda660 JavaThread "Unconstrained build operations Thread 3"        [_thread_blocked, id=20332, stack(0x00000077b1100000,0x00000077b1200000) (1024K)]
  0x000001a67dedba10 JavaThread "Unconstrained build operations Thread 4"        [_thread_blocked, id=17904, stack(0x00000077b1200000,0x00000077b1300000) (1024K)]
  0x000001a67dedacf0 JavaThread "Unconstrained build operations Thread 5"        [_thread_blocked, id=5888, stack(0x00000077b1300000,0x00000077b1400000) (1024K)]
  0x000001a67dede800 JavaThread "Unconstrained build operations Thread 6"        [_thread_blocked, id=17440, stack(0x00000077b1400000,0x00000077b1500000) (1024K)]
  0x000001a67dedb380 JavaThread "build event listener"              [_thread_blocked, id=14556, stack(0x00000077b1500000,0x00000077b1600000) (1024K)]
  0x000001a67dedc0a0 JavaThread "Execution worker"                  [_thread_blocked, id=7716, stack(0x00000077b1700000,0x00000077b1800000) (1024K)]
  0x000001a67dedee90 JavaThread "Execution worker Thread 2"         [_thread_blocked, id=7332, stack(0x00000077b1800000,0x00000077b1900000) (1024K)]
  0x000001a67dedf520 JavaThread "Execution worker Thread 3"         [_thread_blocked, id=18868, stack(0x00000077b1900000,0x00000077b1a00000) (1024K)]
  0x000001a67dee08d0 JavaThread "Cache worker for execution history cache (D:\flutter\packages\flutter_tools\gradle\.gradle\9.1.0\executionHistory)"        [_thread_blocked, id=15144, stack(0x00000077b1a00000,0x00000077b1b00000) (1024K)]
  0x000001a67dedc730 JavaThread "Unconstrained build operations Thread 7"        [_thread_blocked, id=7616, stack(0x00000077b1b00000,0x00000077b1c00000) (1024K)]
  0x000001a67dedcdc0 JavaThread "Unconstrained build operations Thread 8"        [_thread_blocked, id=18032, stack(0x00000077b1c00000,0x00000077b1d00000) (1024K)]
  0x000001a67dedd450 JavaThread "Unconstrained build operations Thread 9"        [_thread_blocked, id=20744, stack(0x00000077b1d00000,0x00000077b1e00000) (1024K)]
  0x000001a67dede170 JavaThread "Unconstrained build operations Thread 10"        [_thread_blocked, id=6412, stack(0x00000077b1e00000,0x00000077b1f00000) (1024K)]
  0x000001a67ded9fd0 JavaThread "Unconstrained build operations Thread 11"        [_thread_blocked, id=21684, stack(0x00000077b1f00000,0x00000077b2000000) (1024K)]
  0x000001a67dedfbb0 JavaThread "Unconstrained build operations Thread 12"        [_thread_blocked, id=19504, stack(0x00000077b2000000,0x00000077b2100000) (1024K)]
  0x000001a67ded9940 JavaThread "Unconstrained build operations Thread 13"        [_thread_blocked, id=16484, stack(0x00000077b2100000,0x00000077b2200000) (1024K)]
  0x000001a67bd2bfe0 JavaThread "Unconstrained build operations Thread 14"        [_thread_blocked, id=372, stack(0x00000077b2200000,0x00000077b2300000) (1024K)]
  0x000001a67bd2cd00 JavaThread "Unconstrained build operations Thread 15"        [_thread_blocked, id=21572, stack(0x00000077b2300000,0x00000077b2400000) (1024K)]
  0x000001a67bd2d390 JavaThread "Unconstrained build operations Thread 16"        [_thread_blocked, id=20664, stack(0x00000077b2400000,0x00000077b2500000) (1024K)]
  0x000001a67bd29f10 JavaThread "Unconstrained build operations Thread 17"        [_thread_blocked, id=17536, stack(0x00000077b2500000,0x00000077b2600000) (1024K)]
  0x000001a67bd2da20 JavaThread "Unconstrained build operations Thread 18"        [_thread_blocked, id=3796, stack(0x00000077b2600000,0x00000077b2700000) (1024K)]
  0x000001a67bd29880 JavaThread "Unconstrained build operations Thread 19"        [_thread_blocked, id=10788, stack(0x00000077b2700000,0x00000077b2800000) (1024K)]
  0x000001a67bd27120 JavaThread "Unconstrained build operations Thread 20"        [_thread_blocked, id=14440, stack(0x00000077b2800000,0x00000077b2900000) (1024K)]
  0x000001a67bd2a5a0 JavaThread "Unconstrained build operations Thread 21"        [_thread_blocked, id=17356, stack(0x00000077b2900000,0x00000077b2a00000) (1024K)]
  0x000001a67bd27e40 JavaThread "Unconstrained build operations Thread 22"        [_thread_blocked, id=4140, stack(0x00000077b2a00000,0x00000077b2b00000) (1024K)]
  0x000001a67e624960 JavaThread "build event listener"              [_thread_blocked, id=21620, stack(0x00000077b2b00000,0x00000077b2c00000) (1024K)]
  0x000001a67e621b70 JavaThread "build event listener"              [_thread_blocked, id=15152, stack(0x00000077b2c00000,0x00000077b2d00000) (1024K)]
  0x000001a67e624ff0 JavaThread "Problems report writer"            [_thread_blocked, id=15620, stack(0x00000077b2d00000,0x00000077b2e00000) (1024K)]
  0x000001a67a1e42c0 JavaThread "Unconstrained build operations Thread 23"        [_thread_blocked, id=9356, stack(0x00000077b2e00000,0x00000077b2f00000) (1024K)]
  0x000001a67a1e9810 JavaThread "Unconstrained build operations Thread 24"        [_thread_blocked, id=21012, stack(0x00000077b2f00000,0x00000077b3000000) (1024K)]
  0x000001a67a1e5d00 JavaThread "Unconstrained build operations Thread 25"        [_thread_blocked, id=9320, stack(0x00000077b3000000,0x00000077b3100000) (1024K)]
  0x000001a67a1eb8e0 JavaThread "Unconstrained build operations Thread 26"        [_thread_blocked, id=21824, stack(0x00000077b3100000,0x00000077b3200000) (1024K)]
  0x000001a67a1eabc0 JavaThread "Unconstrained build operations Thread 27"        [_thread_blocked, id=13800, stack(0x00000077b3200000,0x00000077b3300000) (1024K)]
  0x000001a67a1e6390 JavaThread "Unconstrained build operations Thread 28"        [_thread_blocked, id=20680, stack(0x00000077b3300000,0x00000077b3400000) (1024K)]
  0x000001a67b38bdf0 JavaThread "Unconstrained build operations Thread 29"        [_thread_blocked, id=12000, stack(0x00000077b3400000,0x00000077b3500000) (1024K)]
  0x000001a67b38d1a0 JavaThread "Unconstrained build operations Thread 30"        [_thread_blocked, id=15172, stack(0x00000077b3500000,0x00000077b3600000) (1024K)]
  0x000001a67b38f270 JavaThread "Unconstrained build operations Thread 31"        [_thread_blocked, id=18880, stack(0x00000077b3600000,0x00000077b3700000) (1024K)]
  0x000001a67b38f900 JavaThread "Unconstrained build operations Thread 32"        [_thread_blocked, id=14736, stack(0x00000077b3700000,0x00000077b3800000) (1024K)]
  0x000001a67b38ff90 JavaThread "Unconstrained build operations Thread 33"        [_thread_blocked, id=1248, stack(0x00000077b3800000,0x00000077b3900000) (1024K)]
  0x000001a67a221d50 JavaThread "Unconstrained build operations Thread 34"        [_thread_blocked, id=16456, stack(0x00000077b3900000,0x00000077b3a00000) (1024K)]
  0x000001a67a223790 JavaThread "Unconstrained build operations Thread 35"        [_thread_blocked, id=14580, stack(0x00000077b3a00000,0x00000077b3b00000) (1024K)]
  0x000001a67a221030 JavaThread "Unconstrained build operations Thread 36"        [_thread_blocked, id=19884, stack(0x00000077b3b00000,0x00000077b3c00000) (1024K)]
  0x000001a6848ebe00 JavaThread "Unconstrained build operations Thread 37"        [_thread_blocked, id=21948, stack(0x00000077b3d00000,0x00000077b3e00000) (1024K)]
  0x000001a6848ecb20 JavaThread "Unconstrained build operations Thread 38"        [_thread_blocked, id=18476, stack(0x00000077b3e00000,0x00000077b3f00000) (1024K)]
  0x000001a6848ec490 JavaThread "Unconstrained build operations Thread 39"        [_thread_blocked, id=22204, stack(0x00000077b3f00000,0x00000077b4000000) (1024K)]
  0x000001a6848f1350 JavaThread "Unconstrained build operations Thread 40"        [_thread_blocked, id=20916, stack(0x00000077b4000000,0x00000077b4100000) (1024K)]
Total: 86

Other Threads:
=>0x000001a674651b20 VMThread "VM Thread"                           [id=14636, stack(0x00000077ae800000,0x00000077ae900000) (1024K)]
  0x000001a67463f130 WatcherThread "VM Periodic Task Thread"        [id=21664, stack(0x00000077ae700000,0x00000077ae800000) (1024K)]
  0x000001a644e29b50 WorkerThread "GC Thread#0"                     [id=4028, stack(0x00000077ae200000,0x00000077ae300000) (1024K)]
  0x000001a6749012f0 WorkerThread "GC Thread#1"                     [id=8772, stack(0x00000077af300000,0x00000077af400000) (1024K)]
  0x000001a6749016a0 WorkerThread "GC Thread#2"                     [id=6516, stack(0x00000077af400000,0x00000077af500000) (1024K)]
  0x000001a679b690b0 WorkerThread "GC Thread#3"                     [id=21652, stack(0x00000077af600000,0x00000077af700000) (1024K)]
  0x000001a644e3aaa0 ConcurrentGCThread "G1 Main Marker"            [id=16124, stack(0x00000077ae300000,0x00000077ae400000) (1024K)]
  0x000001a644e3bb00 WorkerThread "G1 Conc#0"                       [id=2364, stack(0x00000077ae400000,0x00000077ae500000) (1024K)]
  0x000001a674510bf0 ConcurrentGCThread "G1 Refine#0"               [id=16964, stack(0x00000077ae500000,0x00000077ae600000) (1024K)]
  0x000001a674513040 ConcurrentGCThread "G1 Service"                [id=10332, stack(0x00000077ae600000,0x00000077ae700000) (1024K)]
Total: 10

Threads with active compile tasks:
C2 CompilerThread0  175388 21243 %     4       org.objectweb.asm.ClassReader::readCode @ 2187 (5117 bytes)
Total: 1

VM state: at safepoint (normal execution)

VM Mutex/Monitor currently owned by a thread:  ([mutex/lock_event])
[0x00007fff4bf9f570] Threads_lock - owner thread: 0x000001a674651b20
[0x00007fff4bf9f670] Heap_lock - owner thread: 0x000001a67dedcdc0

Heap address: 0x0000000600000000, size: 8192 MB, Compressed Oops mode: Zero based, Oop shift amount: 3

CDS archive(s) mapped at: [0x000001a600000000-0x000001a600ba0000-0x000001a600ba0000), size 12189696, SharedBaseAddress: 0x000001a600000000, ArchiveRelocationMode: 1.
Compressed class space mapped at: 0x000001a601000000-0x000001a641000000, reserved size: 1073741824
Narrow klass base: 0x000001a600000000, Narrow klass shift: 0, Narrow klass range: 0x100000000

GC Precious Log:
 CardTable entry size: 512
 Card Set container configuration: InlinePtr #cards 4 size 8 Array Of Cards #cards 32 size 80 Howl #buckets 8 coarsen threshold 7372 Howl Bitmap #cards 1024 size 144 coarsen threshold 921 Card regions per heap region 1 cards per card region 8192
 CPUs: 4 total, 4 available
 Memory: 8071M
 Large Page Support: Disabled
 NUMA Support: Disabled
 Compressed Oops: Enabled (Zero based)
 Heap Region Size: 4M
 Heap Min Capacity: 8M
 Heap Initial Capacity: 128M
 Heap Max Capacity: 8G
 Pre-touch: Disabled
 Parallel Workers: 4
 Concurrent Workers: 1
 Concurrent Refinement Workers: 4
 Periodic GC: Disabled

Heap:
 garbage-first heap   total 421888K, used 265932K [0x0000000600000000, 0x0000000800000000)
  region size 4096K, 2 young (8192K), 2 survivors (8192K)
 Metaspace       used 145520K, committed 148416K, reserved 1179648K
  class space    used 20666K, committed 22080K, reserved 1048576K

Heap Regions: E=young(eden), S=young(survivor), O=old, HS=humongous(starts), HC=humongous(continues), CS=collection set, F=free, TAMS=top-at-mark-start, PB=parsable bottom
|   0|0x0000000600000000, 0x0000000600400000, 0x0000000600400000|100%|HS|  |TAMS 0x0000000600400000| PB 0x0000000600000000| Complete 
|   1|0x0000000600400000, 0x0000000600800000, 0x0000000600800000|100%| O|  |TAMS 0x0000000600800000| PB 0x0000000600400000| Untracked 
|   2|0x0000000600800000, 0x0000000600c00000, 0x0000000600c00000|100%| O|  |TAMS 0x0000000600c00000| PB 0x0000000600800000| Untracked 
|   3|0x0000000600c00000, 0x0000000601000000, 0x0000000601000000|100%| O|  |TAMS 0x0000000601000000| PB 0x0000000600c00000| Untracked 
|   4|0x0000000601000000, 0x0000000601400000, 0x0000000601400000|100%| O|  |TAMS 0x0000000601400000| PB 0x0000000601000000| Untracked 
|   5|0x0000000601400000, 0x0000000601800000, 0x0000000601800000|100%| O|  |TAMS 0x0000000601800000| PB 0x0000000601400000| Untracked 
|   6|0x0000000601800000, 0x0000000601c00000, 0x0000000601c00000|100%| O|  |TAMS 0x0000000601c00000| PB 0x0000000601800000| Untracked 
|   7|0x0000000601c00000, 0x0000000602000000, 0x0000000602000000|100%| O|  |TAMS 0x0000000602000000| PB 0x0000000601c00000| Untracked 
|   8|0x0000000602000000, 0x0000000602400000, 0x0000000602400000|100%| O|  |TAMS 0x0000000602400000| PB 0x0000000602000000| Untracked 
|   9|0x0000000602400000, 0x0000000602800000, 0x0000000602800000|100%| O|  |TAMS 0x0000000602800000| PB 0x0000000602400000| Untracked 
|  10|0x0000000602800000, 0x0000000602c00000, 0x0000000602c00000|100%| O|  |TAMS 0x0000000602c00000| PB 0x0000000602800000| Untracked 
|  11|0x0000000602c00000, 0x0000000603000000, 0x0000000603000000|100%| O|  |TAMS 0x0000000603000000| PB 0x0000000602c00000| Untracked 
|  12|0x0000000603000000, 0x0000000603400000, 0x0000000603400000|100%| O|  |TAMS 0x0000000603400000| PB 0x0000000603000000| Untracked 
|  13|0x0000000603400000, 0x0000000603800000, 0x0000000603800000|100%| O|  |TAMS 0x0000000603800000| PB 0x0000000603400000| Untracked 
|  14|0x0000000603800000, 0x0000000603c00000, 0x0000000603c00000|100%| O|  |TAMS 0x0000000603c00000| PB 0x0000000603800000| Untracked 
|  15|0x0000000603c00000, 0x0000000604000000, 0x0000000604000000|100%| O|  |TAMS 0x0000000604000000| PB 0x0000000603c00000| Untracked 
|  16|0x0000000604000000, 0x0000000604400000, 0x0000000604400000|100%| O|  |TAMS 0x0000000604400000| PB 0x0000000604000000| Untracked 
|  17|0x0000000604400000, 0x0000000604800000, 0x0000000604800000|100%| O|  |TAMS 0x0000000604800000| PB 0x0000000604400000| Untracked 
|  18|0x0000000604800000, 0x0000000604c00000, 0x0000000604c00000|100%| O|  |TAMS 0x0000000604c00000| PB 0x0000000604800000| Untracked 
|  19|0x0000000604c00000, 0x0000000605000000, 0x0000000605000000|100%| O|  |TAMS 0x0000000605000000| PB 0x0000000604c00000| Untracked 
|  20|0x0000000605000000, 0x0000000605400000, 0x0000000605400000|100%| O|  |TAMS 0x0000000605400000| PB 0x0000000605000000| Untracked 
|  21|0x0000000605400000, 0x0000000605800000, 0x0000000605800000|100%| O|  |TAMS 0x0000000605800000| PB 0x0000000605400000| Untracked 
|  22|0x0000000605800000, 0x0000000605800000, 0x0000000605c00000|  0%| F|  |TAMS 0x0000000605800000| PB 0x0000000605800000| Untracked 
|  23|0x0000000605c00000, 0x0000000606000000, 0x0000000606000000|100%| O|  |TAMS 0x0000000606000000| PB 0x0000000605c00000| Untracked 
|  24|0x0000000606000000, 0x0000000606400000, 0x0000000606400000|100%| O|  |TAMS 0x0000000606400000| PB 0x0000000606000000| Untracked 
|  25|0x0000000606400000, 0x0000000606800000, 0x0000000606800000|100%| O|  |TAMS 0x0000000606800000| PB 0x0000000606400000| Untracked 
|  26|0x0000000606800000, 0x0000000606800000, 0x0000000606c00000|  0%| F|  |TAMS 0x0000000606800000| PB 0x0000000606800000| Untracked 
|  27|0x0000000606c00000, 0x0000000607000000, 0x0000000607000000|100%| O|  |TAMS 0x0000000607000000| PB 0x0000000606c00000| Untracked 
|  28|0x0000000607000000, 0x0000000607400000, 0x0000000607400000|100%| O|  |TAMS 0x0000000607400000| PB 0x0000000607000000| Untracked 
|  29|0x0000000607400000, 0x0000000607800000, 0x0000000607800000|100%| O|  |TAMS 0x0000000607800000| PB 0x0000000607400000| Untracked 
|  30|0x0000000607800000, 0x0000000607c00000, 0x0000000607c00000|100%| O|  |TAMS 0x0000000607c00000| PB 0x0000000607800000| Untracked 
|  31|0x0000000607c00000, 0x0000000608000000, 0x0000000608000000|100%| O|  |TAMS 0x0000000608000000| PB 0x0000000607c00000| Untracked 
|  32|0x0000000608000000, 0x0000000608400000, 0x0000000608400000|100%| O|  |TAMS 0x0000000608400000| PB 0x0000000608000000| Untracked 
|  33|0x0000000608400000, 0x0000000608800000, 0x0000000608800000|100%| O|  |TAMS 0x0000000608800000| PB 0x0000000608400000| Untracked 
|  34|0x0000000608800000, 0x0000000608c00000, 0x0000000608c00000|100%| O|  |TAMS 0x0000000608c00000| PB 0x0000000608800000| Untracked 
|  35|0x0000000608c00000, 0x0000000609000000, 0x0000000609000000|100%| O|  |TAMS 0x0000000609000000| PB 0x0000000608c00000| Untracked 
|  36|0x0000000609000000, 0x0000000609400000, 0x0000000609400000|100%| O|  |TAMS 0x0000000609400000| PB 0x0000000609000000| Untracked 
|  37|0x0000000609400000, 0x0000000609800000, 0x0000000609800000|100%| O|  |TAMS 0x0000000609800000| PB 0x0000000609400000| Untracked 
|  38|0x0000000609800000, 0x0000000609c00000, 0x0000000609c00000|100%| O|  |TAMS 0x0000000609c00000| PB 0x0000000609800000| Untracked 
|  39|0x0000000609c00000, 0x000000060a000000, 0x000000060a000000|100%| O|  |TAMS 0x000000060a000000| PB 0x0000000609c00000| Untracked 
|  40|0x000000060a000000, 0x000000060a400000, 0x000000060a400000|100%| O|  |TAMS 0x000000060a400000| PB 0x000000060a000000| Untracked 
|  41|0x000000060a400000, 0x000000060a800000, 0x000000060a800000|100%| O|  |TAMS 0x000000060a800000| PB 0x000000060a400000| Untracked 
|  42|0x000000060a800000, 0x000000060ac00000, 0x000000060ac00000|100%| O|  |TAMS 0x000000060ac00000| PB 0x000000060a800000| Untracked 
|  43|0x000000060ac00000, 0x000000060b000000, 0x000000060b000000|100%| O|  |TAMS 0x000000060b000000| PB 0x000000060ac00000| Untracked 
|  44|0x000000060b000000, 0x000000060b000000, 0x000000060b400000|  0%| F|  |TAMS 0x000000060b000000| PB 0x000000060b000000| Untracked 
|  45|0x000000060b400000, 0x000000060b800000, 0x000000060b800000|100%| O|  |TAMS 0x000000060b800000| PB 0x000000060b400000| Untracked 
|  46|0x000000060b800000, 0x000000060bc00000, 0x000000060bc00000|100%| O|  |TAMS 0x000000060bc00000| PB 0x000000060b800000| Untracked 
|  47|0x000000060bc00000, 0x000000060c000000, 0x000000060c000000|100%| O|  |TAMS 0x000000060c000000| PB 0x000000060bc00000| Untracked 
|  48|0x000000060c000000, 0x000000060c400000, 0x000000060c400000|100%| O|  |TAMS 0x000000060c400000| PB 0x000000060c000000| Untracked 
|  49|0x000000060c400000, 0x000000060c800000, 0x000000060c800000|100%| O|  |TAMS 0x000000060c800000| PB 0x000000060c400000| Untracked 
|  50|0x000000060c800000, 0x000000060cc00000, 0x000000060cc00000|100%| O|  |TAMS 0x000000060cc00000| PB 0x000000060c800000| Untracked 
|  51|0x000000060cc00000, 0x000000060d000000, 0x000000060d000000|100%| O|  |TAMS 0x000000060d000000| PB 0x000000060cc00000| Untracked 
|  52|0x000000060d000000, 0x000000060d400000, 0x000000060d400000|100%| O|  |TAMS 0x000000060d400000| PB 0x000000060d000000| Untracked 
|  53|0x000000060d400000, 0x000000060d800000, 0x000000060d800000|100%| O|  |TAMS 0x000000060d800000| PB 0x000000060d400000| Untracked 
|  54|0x000000060d800000, 0x000000060dc00000, 0x000000060dc00000|100%| O|  |TAMS 0x000000060dc00000| PB 0x000000060d800000| Untracked 
|  55|0x000000060dc00000, 0x000000060e000000, 0x000000060e000000|100%| O|  |TAMS 0x000000060e000000| PB 0x000000060dc00000| Untracked 
|  56|0x000000060e000000, 0x000000060e400000, 0x000000060e400000|100%| O|  |TAMS 0x000000060e400000| PB 0x000000060e000000| Untracked 
|  57|0x000000060e400000, 0x000000060e800000, 0x000000060e800000|100%| O|  |TAMS 0x000000060e800000| PB 0x000000060e400000| Untracked 
|  58|0x000000060e800000, 0x000000060ec00000, 0x000000060ec00000|100%| O|  |TAMS 0x000000060ec00000| PB 0x000000060e800000| Untracked 
|  59|0x000000060ec00000, 0x000000060f000000, 0x000000060f000000|100%| O|  |TAMS 0x000000060f000000| PB 0x000000060ec00000| Untracked 
|  60|0x000000060f000000, 0x000000060f400000, 0x000000060f400000|100%| O|  |TAMS 0x000000060f400000| PB 0x000000060f000000| Untracked 
|  61|0x000000060f400000, 0x000000060f400000, 0x000000060f800000|  0%| F|  |TAMS 0x000000060f400000| PB 0x000000060f400000| Untracked 
|  62|0x000000060f800000, 0x000000060fc00000, 0x000000060fc00000|100%| O|  |TAMS 0x000000060fc00000| PB 0x000000060f800000| Untracked 
|  63|0x000000060fc00000, 0x0000000610000000, 0x0000000610000000|100%| O|  |TAMS 0x0000000610000000| PB 0x000000060fc00000| Untracked 
|  64|0x0000000610000000, 0x0000000610000000, 0x0000000610400000|  0%| F|  |TAMS 0x0000000610000000| PB 0x0000000610000000| Untracked 
|  65|0x0000000610400000, 0x00000006106fda00, 0x0000000610800000| 74%| S|CS|TAMS 0x0000000610400000| PB 0x0000000610400000| Complete 
|  66|0x0000000610800000, 0x0000000610c00000, 0x0000000610c00000|100%| S|CS|TAMS 0x0000000610800000| PB 0x0000000610800000| Complete 
|  67|0x0000000610c00000, 0x0000000610c00000, 0x0000000611000000|  0%| F|  |TAMS 0x0000000610c00000| PB 0x0000000610c00000| Untracked 
|  68|0x0000000611000000, 0x0000000611400000, 0x0000000611400000|100%| O|  |TAMS 0x0000000611400000| PB 0x0000000611000000| Untracked 
|  69|0x0000000611400000, 0x0000000611400000, 0x0000000611800000|  0%| F|  |TAMS 0x0000000611400000| PB 0x0000000611400000| Untracked 
|  70|0x0000000611800000, 0x0000000611800000, 0x0000000611c00000|  0%| F|  |TAMS 0x0000000611800000| PB 0x0000000611800000| Untracked 
|  71|0x0000000611c00000, 0x0000000611c00000, 0x0000000612000000|  0%| F|  |TAMS 0x0000000611c00000| PB 0x0000000611c00000| Untracked 
|  72|0x0000000612000000, 0x0000000612000000, 0x0000000612400000|  0%| F|  |TAMS 0x0000000612000000| PB 0x0000000612000000| Untracked 
|  73|0x0000000612400000, 0x0000000612400000, 0x0000000612800000|  0%| F|  |TAMS 0x0000000612400000| PB 0x0000000612400000| Untracked 
|  74|0x0000000612800000, 0x0000000612800000, 0x0000000612c00000|  0%| F|  |TAMS 0x0000000612800000| PB 0x0000000612800000| Untracked 
|  75|0x0000000612c00000, 0x0000000612c00000, 0x0000000613000000|  0%| F|  |TAMS 0x0000000612c00000| PB 0x0000000612c00000| Untracked 
|  76|0x0000000613000000, 0x0000000613000000, 0x0000000613400000|  0%| F|  |TAMS 0x0000000613000000| PB 0x0000000613000000| Untracked 
|  77|0x0000000613400000, 0x0000000613400000, 0x0000000613800000|  0%| F|  |TAMS 0x0000000613400000| PB 0x0000000613400000| Untracked 
|  78|0x0000000613800000, 0x0000000613800000, 0x0000000613c00000|  0%| F|  |TAMS 0x0000000613800000| PB 0x0000000613800000| Untracked 
|  79|0x0000000613c00000, 0x0000000613c00000, 0x0000000614000000|  0%| F|  |TAMS 0x0000000613c00000| PB 0x0000000613c00000| Untracked 
|  80|0x0000000614000000, 0x0000000614000000, 0x0000000614400000|  0%| F|  |TAMS 0x0000000614000000| PB 0x0000000614000000| Untracked 
|  81|0x0000000614400000, 0x0000000614400000, 0x0000000614800000|  0%| F|  |TAMS 0x0000000614400000| PB 0x0000000614400000| Untracked 
|  82|0x0000000614800000, 0x0000000614800000, 0x0000000614c00000|  0%| F|  |TAMS 0x0000000614800000| PB 0x0000000614800000| Untracked 
|  83|0x0000000614c00000, 0x0000000614c00000, 0x0000000615000000|  0%| F|  |TAMS 0x0000000614c00000| PB 0x0000000614c00000| Untracked 
|  84|0x0000000615000000, 0x0000000615000000, 0x0000000615400000|  0%| F|  |TAMS 0x0000000615000000| PB 0x0000000615000000| Untracked 
|  85|0x0000000615400000, 0x0000000615400000, 0x0000000615800000|  0%| F|  |TAMS 0x0000000615400000| PB 0x0000000615400000| Untracked 
|  86|0x0000000615800000, 0x0000000615800000, 0x0000000615c00000|  0%| F|  |TAMS 0x0000000615800000| PB 0x0000000615800000| Untracked 
|  87|0x0000000615c00000, 0x0000000615c00000, 0x0000000616000000|  0%| F|  |TAMS 0x0000000615c00000| PB 0x0000000615c00000| Untracked 
|  88|0x0000000616000000, 0x0000000616000000, 0x0000000616400000|  0%| F|  |TAMS 0x0000000616000000| PB 0x0000000616000000| Untracked 
|  89|0x0000000616400000, 0x0000000616400000, 0x0000000616800000|  0%| F|  |TAMS 0x0000000616400000| PB 0x0000000616400000| Untracked 
|  90|0x0000000616800000, 0x0000000616800000, 0x0000000616c00000|  0%| F|  |TAMS 0x0000000616800000| PB 0x0000000616800000| Untracked 
|  91|0x0000000616c00000, 0x0000000616c00000, 0x0000000617000000|  0%| F|  |TAMS 0x0000000616c00000| PB 0x0000000616c00000| Untracked 
|  92|0x0000000617000000, 0x0000000617000000, 0x0000000617400000|  0%| F|  |TAMS 0x0000000617000000| PB 0x0000000617000000| Untracked 
|  93|0x0000000617400000, 0x0000000617400000, 0x0000000617800000|  0%| F|  |TAMS 0x0000000617400000| PB 0x0000000617400000| Untracked 
|  94|0x0000000617800000, 0x0000000617800000, 0x0000000617c00000|  0%| F|  |TAMS 0x0000000617800000| PB 0x0000000617800000| Untracked 
|  95|0x0000000617c00000, 0x0000000617c00000, 0x0000000618000000|  0%| F|  |TAMS 0x0000000617c00000| PB 0x0000000617c00000| Untracked 
|  96|0x0000000618000000, 0x0000000618000000, 0x0000000618400000|  0%| F|  |TAMS 0x0000000618000000| PB 0x0000000618000000| Untracked 
|2042|0x00000007fe800000, 0x00000007fe8b5970, 0x00000007fec00000| 17%| O|  |TAMS 0x00000007fe8b5970| PB 0x00000007fe800000| Untracked 
|2043|0x00000007fec00000, 0x00000007ff000000, 0x00000007ff000000|100%| O|  |TAMS 0x00000007ff000000| PB 0x00000007fec00000| Untracked 
|2044|0x00000007ff000000, 0x00000007ff400000, 0x00000007ff400000|100%| O|  |TAMS 0x00000007ff400000| PB 0x00000007ff000000| Untracked 
|2045|0x00000007ff400000, 0x00000007ff400000, 0x00000007ff800000|  0%| F|  |TAMS 0x00000007ff400000| PB 0x00000007ff400000| Untracked 
|2046|0x00000007ff800000, 0x00000007ff800000, 0x00000007ffc00000|  0%| F|  |TAMS 0x00000007ff800000| PB 0x00000007ff800000| Untracked 
|2047|0x00000007ffc00000, 0x00000007ffc00000, 0x0000000800000000|  0%| F|  |TAMS 0x00000007ffc00000| PB 0x00000007ffc00000| Untracked 

Card table byte_map: [0x000001a6690a0000,0x000001a66a0a0000] _byte_map_base: 0x000001a6660a0000

Marking Bits: (CMBitMap*) 0x000001a644e2a010
 Bits: [0x000001a66a0a0000, 0x000001a6720a0000)

Polling page: 0x000001a642c20000

Metaspace:

Usage:
  Non-class:    121.93 MB used.
      Class:     20.18 MB used.
       Both:    142.11 MB used.

Virtual space:
  Non-class space:      128.00 MB reserved,     123.38 MB ( 96%) committed,  2 nodes.
      Class space:        1.00 GB reserved,      21.56 MB (  2%) committed,  1 nodes.
             Both:        1.12 GB reserved,     144.94 MB ( 13%) committed. 

Chunk freelists:
   Non-Class:  3.69 MB
       Class:  10.47 MB
        Both:  14.16 MB

MaxMetaspaceSize: 4.00 GB
CompressedClassSpaceSize: 1.00 GB
Initial GC threshold: 21.00 MB
Current GC threshold: 240.00 MB
CDS: on
 - commit_granule_bytes: 65536.
 - commit_granule_words: 8192.
 - virtual_space_node_default_size: 8388608.
 - enlarge_chunks_in_place: 1.
 - use_allocation_guard: 0.


Internal statistics:

num_allocs_failed_limit: 12.
num_arena_births: 5202.
num_arena_deaths: 2.
num_vsnodes_births: 3.
num_vsnodes_deaths: 0.
num_space_committed: 2319.
num_space_uncommitted: 0.
num_chunks_returned_to_freelist: 20.
num_chunks_taken_from_freelist: 12068.
num_chunk_merges: 13.
num_chunk_splits: 8037.
num_chunks_enlarged: 5267.
num_inconsistent_stats: 0.

CodeHeap 'non-profiled nmethods': size=259264Kb used=12742Kb max_used=12742Kb free=246521Kb
 bounds [0x000001a658260000, 0x000001a658ee0000, 0x000001a667f90000]
CodeHeap 'profiled nmethods': size=259264Kb used=33650Kb max_used=33688Kb free=225614Kb
 bounds [0x000001a647f90000, 0x000001a64a0b0000, 0x000001a657cc0000]
CodeHeap 'non-nmethods': size=5760Kb used=2806Kb max_used=2902Kb free=2953Kb
 bounds [0x000001a657cc0000, 0x000001a657fa0000, 0x000001a658260000]
CodeCache: size=524288Kb, used=49198Kb, max_used=49332Kb, free=475088Kb
 total_blobs=18249, nmethods=17194, adapters=957, full_count=0
Compilation: enabled, stopped_count=0, restarted_count=0

Compilation events (20 events):
Event: 174.960 Thread 0x000001a674675f20 21282       3       org.objectweb.asm.commons.CodeSizeEvaluator::visitMethodInsn (99 bytes)
Event: 174.960 Thread 0x000001a674675f20 nmethod 21282 0x000001a648248b10 code [0x000001a648248ce0, 0x000001a648248f60]
Event: 174.961 Thread 0x000001a674675f20 21283       2       org.gradle.cache.internal.btree.BlockPointer::start (4 bytes)
Event: 174.961 Thread 0x000001a674675f20 nmethod 21283 0x000001a64907b090 code [0x000001a64907b220, 0x000001a64907b310]
Event: 175.014 Thread 0x000001a674675f20 21284       2       com.google.common.collect.ImmutableSortedMap::emptyMap (29 bytes)
Event: 175.015 Thread 0x000001a674675f20 nmethod 21284 0x000001a648248590 code [0x000001a648248760, 0x000001a648248a50]
Event: 175.015 Thread 0x000001a674675f20 21285       2       org.gradle.internal.execution.caching.impl.DefaultCachingStateFactory$$Lambda/0x000001a601557ce0::accept (12 bytes)
Event: 175.015 Thread 0x000001a674675f20 nmethod 21285 0x000001a648248110 code [0x000001a6482482c0, 0x000001a648248460]
Event: 175.015 Thread 0x000001a674675f20 21286       2       org.gradle.internal.execution.caching.impl.DefaultCachingStateFactory::lambda$createCachingState$0 (20 bytes)
Event: 175.015 Thread 0x000001a674675f20 nmethod 21286 0x000001a648247d10 code [0x000001a648247ec0, 0x000001a648248018]
Event: 175.040 Thread 0x000001a674675f20 21287       2       com.google.common.collect.ImmutableSortedMap$Builder::put (6 bytes)
Event: 175.041 Thread 0x000001a674675f20 nmethod 21287 0x000001a648247810 code [0x000001a6482479e0, 0x000001a648247ba0]
Event: 175.041 Thread 0x000001a674675f20 21288       2       com.google.common.collect.ImmutableSortedMap$Builder::put (8 bytes)
Event: 175.041 Thread 0x000001a674675f20 nmethod 21288 0x000001a648247310 code [0x000001a6482474e0, 0x000001a6482476a0]
Event: 175.041 Thread 0x000001a674675f20 21289       2       com.google.common.collect.ImmutableSortedMap$Builder::put (7 bytes)
Event: 175.041 Thread 0x000001a674675f20 nmethod 21289 0x000001a648246f10 code [0x000001a6482470c0, 0x000001a6482471f0]
Event: 175.050 Thread 0x000001a674675f20 21290       3       org.objectweb.asm.MethodWriter::visitTryCatchBlock (67 bytes)
Event: 175.050 Thread 0x000001a674675f20 nmethod 21290 0x000001a648246410 code [0x000001a648246600, 0x000001a648246cc0]
Event: 175.058 Thread 0x000001a674675f20 21291       2       org.objectweb.asm.MethodVisitor::visitTypeAnnotation (41 bytes)
Event: 175.058 Thread 0x000001a674675f20 nmethod 21291 0x000001a648245e90 code [0x000001a648246060, 0x000001a6482462b0]

GC Heap History (20 events):
Event: 142.850 GC heap after
{Heap after GC invocations=63 (full 0):
 garbage-first heap   total 335872K, used 211258K [0x0000000600000000, 0x0000000800000000)
  region size 4096K, 3 young (12288K), 3 survivors (12288K)
 Metaspace       used 143570K, committed 146432K, reserved 1179648K
  class space    used 20460K, committed 21888K, reserved 1048576K
}
Event: 151.077 GC heap before
{Heap before GC invocations=63 (full 0):
 garbage-first heap   total 335872K, used 301370K [0x0000000600000000, 0x0000000800000000)
  region size 4096K, 26 young (106496K), 3 survivors (12288K)
 Metaspace       used 143762K, committed 146624K, reserved 1179648K
  class space    used 20473K, committed 21888K, reserved 1048576K
}
Event: 151.097 GC heap after
{Heap after GC invocations=64 (full 0):
 garbage-first heap   total 335872K, used 222199K [0x0000000600000000, 0x0000000800000000)
  region size 4096K, 4 young (16384K), 4 survivors (16384K)
 Metaspace       used 143762K, committed 146624K, reserved 1179648K
  class space    used 20473K, committed 21888K, reserved 1048576K
}
Event: 157.064 GC heap before
{Heap before GC invocations=65 (full 0):
 garbage-first heap   total 376832K, used 308215K [0x0000000600000000, 0x0000000800000000)
  region size 4096K, 25 young (102400K), 4 survivors (16384K)
 Metaspace       used 144050K, committed 147008K, reserved 1179648K
  class space    used 20512K, committed 21952K, reserved 1048576K
}
Event: 157.088 GC heap after
{Heap after GC invocations=66 (full 0):
 garbage-first heap   total 376832K, used 228857K [0x0000000600000000, 0x0000000800000000)
  region size 4096K, 3 young (12288K), 3 survivors (12288K)
 Metaspace       used 144050K, committed 147008K, reserved 1179648K
  class space    used 20512K, committed 21952K, reserved 1048576K
}
Event: 160.176 GC heap before
{Heap before GC invocations=66 (full 0):
 garbage-first heap   total 376832K, used 335353K [0x0000000600000000, 0x0000000800000000)
  region size 4096K, 30 young (122880K), 3 survivors (12288K)
 Metaspace       used 144356K, committed 147264K, reserved 1179648K
  class space    used 20557K, committed 21952K, reserved 1048576K
}
Event: 160.218 GC heap after
{Heap after GC invocations=67 (full 0):
 garbage-first heap   total 376832K, used 236755K [0x0000000600000000, 0x0000000800000000)
  region size 4096K, 4 young (16384K), 4 survivors (16384K)
 Metaspace       used 144356K, committed 147264K, reserved 1179648K
  class space    used 20557K, committed 21952K, reserved 1048576K
}
Event: 161.610 GC heap before
{Heap before GC invocations=67 (full 0):
 garbage-first heap   total 376832K, used 335059K [0x0000000600000000, 0x0000000800000000)
  region size 4096K, 29 young (118784K), 4 survivors (16384K)
 Metaspace       used 144356K, committed 147264K, reserved 1179648K
  class space    used 20557K, committed 21952K, reserved 1048576K
}
Event: 161.637 GC heap after
{Heap after GC invocations=68 (full 0):
 garbage-first heap   total 376832K, used 241593K [0x0000000600000000, 0x0000000800000000)
  region size 4096K, 1 young (4096K), 1 survivors (4096K)
 Metaspace       used 144356K, committed 147264K, reserved 1179648K
  class space    used 20557K, committed 21952K, reserved 1048576K
}
Event: 162.958 GC heap before
{Heap before GC invocations=69 (full 0):
 garbage-first heap   total 405504K, used 343993K [0x0000000600000000, 0x0000000800000000)
  region size 4096K, 27 young (110592K), 1 survivors (4096K)
 Metaspace       used 144414K, committed 147328K, reserved 1179648K
  class space    used 20562K, committed 22016K, reserved 1048576K
}
Event: 162.969 GC heap after
{Heap after GC invocations=70 (full 0):
 garbage-first heap   total 405504K, used 244238K [0x0000000600000000, 0x0000000800000000)
  region size 4096K, 2 young (8192K), 2 survivors (8192K)
 Metaspace       used 144414K, committed 147328K, reserved 1179648K
  class space    used 20562K, committed 22016K, reserved 1048576K
}
Event: 166.451 GC heap before
{Heap before GC invocations=70 (full 0):
 garbage-first heap   total 405504K, used 375310K [0x0000000600000000, 0x0000000800000000)
  region size 4096K, 34 young (139264K), 2 survivors (8192K)
 Metaspace       used 144455K, committed 147392K, reserved 1179648K
  class space    used 20568K, committed 22016K, reserved 1048576K
}
Event: 166.496 GC heap after
{Heap after GC invocations=71 (full 0):
 garbage-first heap   total 405504K, used 244305K [0x0000000600000000, 0x0000000800000000)
  region size 4096K, 3 young (12288K), 3 survivors (12288K)
 Metaspace       used 144455K, committed 147392K, reserved 1179648K
  class space    used 20568K, committed 22016K, reserved 1048576K
}
Event: 169.207 GC heap before
{Heap before GC invocations=71 (full 0):
 garbage-first heap   total 405504K, used 375377K [0x0000000600000000, 0x0000000800000000)
  region size 4096K, 36 young (147456K), 3 survivors (12288K)
 Metaspace       used 144488K, committed 147456K, reserved 1179648K
  class space    used 20568K, committed 22016K, reserved 1048576K
}
Event: 169.221 GC heap after
{Heap after GC invocations=72 (full 0):
 garbage-first heap   total 405504K, used 249375K [0x0000000600000000, 0x0000000800000000)
  region size 4096K, 4 young (16384K), 4 survivors (16384K)
 Metaspace       used 144488K, committed 147456K, reserved 1179648K
  class space    used 20568K, committed 22016K, reserved 1048576K
}
Event: 172.593 GC heap before
{Heap before GC invocations=73 (full 0):
 garbage-first heap   total 417792K, used 376351K [0x0000000600000000, 0x0000000800000000)
  region size 4096K, 36 young (147456K), 4 survivors (16384K)
 Metaspace       used 145269K, committed 148224K, reserved 1179648K
  class space    used 20643K, committed 22080K, reserved 1048576K
}
Event: 172.654 GC heap after
{Heap after GC invocations=74 (full 0):
 garbage-first heap   total 417792K, used 263491K [0x0000000600000000, 0x0000000800000000)
  region size 4096K, 5 young (20480K), 5 survivors (20480K)
 Metaspace       used 145269K, committed 148224K, reserved 1179648K
  class space    used 20643K, committed 22080K, reserved 1048576K
}
Event: 173.976 GC heap before
{Heap before GC invocations=74 (full 0):
 garbage-first heap   total 417792K, used 378179K [0x0000000600000000, 0x0000000800000000)
  region size 4096K, 34 young (139264K), 5 survivors (20480K)
 Metaspace       used 145440K, committed 148352K, reserved 1179648K
  class space    used 20663K, committed 22080K, reserved 1048576K
}
Event: 174.013 GC heap after
{Heap after GC invocations=75 (full 0):
 garbage-first heap   total 421888K, used 264568K [0x0000000600000000, 0x0000000800000000)
  region size 4096K, 2 young (8192K), 2 survivors (8192K)
 Metaspace       used 145440K, committed 148352K, reserved 1179648K
  class space    used 20663K, committed 22080K, reserved 1048576K
}
Event: 175.091 GC heap before
{Heap before GC invocations=75 (full 0):
 garbage-first heap   total 421888K, used 387448K [0x0000000600000000, 0x0000000800000000)
  region size 4096K, 32 young (131072K), 2 survivors (8192K)
 Metaspace       used 145520K, committed 148416K, reserved 1179648K
  class space    used 20666K, committed 22080K, reserved 1048576K
}

Dll operation events (14 events):
Event: 0.039 Loaded shared library C:\Users\HP\.vscode\extensions\redhat.java-1.55.0-win32-x64\jre\21.0.11-win32-x86_64\bin\java.dll
Event: 0.381 Loaded shared library C:\Users\HP\.vscode\extensions\redhat.java-1.55.0-win32-x64\jre\21.0.11-win32-x86_64\bin\zip.dll
Event: 0.487 Loaded shared library C:\Users\HP\.vscode\extensions\redhat.java-1.55.0-win32-x64\jre\21.0.11-win32-x86_64\bin\instrument.dll
Event: 0.503 Loaded shared library C:\Users\HP\.vscode\extensions\redhat.java-1.55.0-win32-x64\jre\21.0.11-win32-x86_64\bin\net.dll
Event: 0.510 Loaded shared library C:\Users\HP\.vscode\extensions\redhat.java-1.55.0-win32-x64\jre\21.0.11-win32-x86_64\bin\nio.dll
Event: 0.517 Loaded shared library C:\Users\HP\.vscode\extensions\redhat.java-1.55.0-win32-x64\jre\21.0.11-win32-x86_64\bin\zip.dll
Event: 1.455 Loaded shared library C:\Users\HP\.vscode\extensions\redhat.java-1.55.0-win32-x64\jre\21.0.11-win32-x86_64\bin\jimage.dll
Event: 2.131 Loaded shared library C:\Users\HP\.vscode\extensions\redhat.java-1.55.0-win32-x64\jre\21.0.11-win32-x86_64\bin\verify.dll
Event: 2.208 Loaded shared library D:\Gradle\native\1def1411415f61bf3af743bc5b6707747c0891f09f0c88961ee8f79bc544acac\windows-amd64\native-platform.dll
Event: 2.236 Loaded shared library D:\Gradle\native\0.2.8\x86_64-windows-gnu\gradle-fileevents.dll
Event: 5.019 Loaded shared library C:\Users\HP\.vscode\extensions\redhat.java-1.55.0-win32-x64\jre\21.0.11-win32-x86_64\bin\management.dll
Event: 5.031 Loaded shared library C:\Users\HP\.vscode\extensions\redhat.java-1.55.0-win32-x64\jre\21.0.11-win32-x86_64\bin\management_ext.dll
Event: 5.372 Loaded shared library C:\Users\HP\.vscode\extensions\redhat.java-1.55.0-win32-x64\jre\21.0.11-win32-x86_64\bin\extnet.dll
Event: 5.972 Loaded shared library C:\Users\HP\.vscode\extensions\redhat.java-1.55.0-win32-x64\jre\21.0.11-win32-x86_64\bin\sunmscapi.dll

Deoptimization events (20 events):
Event: 174.359 Thread 0x000001a67a223e20 DEOPT PACKING pc=0x000001a6582ea94c sp=0x00000077afcf4590
Event: 174.359 Thread 0x000001a67a223e20 DEOPT UNPACKING pc=0x000001a657d14422 sp=0x00000077afcf4528 mode 2
Event: 174.477 Thread 0x000001a67dedcdc0 Uncommon trap: trap_request=0xffffffc6 fr.pc=0x000001a658ec5700 relative=0x000000000000a940
Event: 174.477 Thread 0x000001a67dedcdc0 Uncommon trap: reason=bimorphic_or_optimized_type_check action=maybe_recompile pc=0x000001a658ec5700 method=org.objectweb.asm.ClassReader.readCode(Lorg/objectweb/asm/MethodVisitor;Lorg/objectweb/asm/Context;I)V @ 3751 c2
Event: 174.477 Thread 0x000001a67dedcdc0 DEOPT PACKING pc=0x000001a658ec5700 sp=0x00000077b1cf9fb0
Event: 174.477 Thread 0x000001a67dedcdc0 DEOPT UNPACKING pc=0x000001a657d14422 sp=0x00000077b1cf9ef8 mode 2
Event: 174.483 Thread 0x000001a67dedcdc0 Uncommon trap: trap_request=0xffffffc6 fr.pc=0x000001a658ec4094 relative=0x00000000000092d4
Event: 174.483 Thread 0x000001a67dedcdc0 Uncommon trap: reason=bimorphic_or_optimized_type_check action=maybe_recompile pc=0x000001a658ec4094 method=org.objectweb.asm.ClassReader.readCode(Lorg/objectweb/asm/MethodVisitor;Lorg/objectweb/asm/Context;I)V @ 3974 c2
Event: 174.483 Thread 0x000001a67dedcdc0 DEOPT PACKING pc=0x000001a658ec4094 sp=0x00000077b1cf9fb0
Event: 174.483 Thread 0x000001a67dedcdc0 DEOPT UNPACKING pc=0x000001a657d14422 sp=0x00000077b1cf9f10 mode 2
Event: 174.484 Thread 0x000001a67dedcdc0 Uncommon trap: trap_request=0xffffffc6 fr.pc=0x000001a658ec4094 relative=0x00000000000092d4
Event: 174.484 Thread 0x000001a67dedcdc0 Uncommon trap: reason=bimorphic_or_optimized_type_check action=maybe_recompile pc=0x000001a658ec4094 method=org.objectweb.asm.ClassReader.readCode(Lorg/objectweb/asm/MethodVisitor;Lorg/objectweb/asm/Context;I)V @ 3974 c2
Event: 174.484 Thread 0x000001a67dedcdc0 DEOPT PACKING pc=0x000001a658ec4094 sp=0x00000077b1cf9fb0
Event: 174.484 Thread 0x000001a67dedcdc0 DEOPT UNPACKING pc=0x000001a657d14422 sp=0x00000077b1cf9f10 mode 2
Event: 174.484 Thread 0x000001a67dedcdc0 Uncommon trap: trap_request=0xffffffc6 fr.pc=0x000001a658ec4094 relative=0x00000000000092d4
Event: 174.484 Thread 0x000001a67dedcdc0 Uncommon trap: reason=bimorphic_or_optimized_type_check action=maybe_recompile pc=0x000001a658ec4094 method=org.objectweb.asm.ClassReader.readCode(Lorg/objectweb/asm/MethodVisitor;Lorg/objectweb/asm/Context;I)V @ 3974 c2
Event: 174.484 Thread 0x000001a67dedcdc0 DEOPT PACKING pc=0x000001a658ec4094 sp=0x00000077b1cf9fb0
Event: 174.484 Thread 0x000001a67dedcdc0 DEOPT UNPACKING pc=0x000001a657d14422 sp=0x00000077b1cf9f10 mode 2
Event: 174.617 Thread 0x000001a67dedcdc0 DEOPT PACKING pc=0x000001a648aa0200 sp=0x00000077b1cfaf40
Event: 174.617 Thread 0x000001a67dedcdc0 DEOPT UNPACKING pc=0x000001a657d14bc2 sp=0x00000077b1cfa4f0 mode 0

Classes loaded (20 events):
Event: 125.664 Loading class java/util/regex/MatcherBeanInfo
Event: 125.664 Loading class java/util/regex/MatcherBeanInfo done
Event: 125.664 Loading class java/util/regex/MatcherCustomizer
Event: 125.664 Loading class java/util/regex/MatcherCustomizer done
Event: 125.664 Loading class java/util/regex/MatcherCustomizer
Event: 125.664 Loading class java/util/regex/MatcherCustomizer done
Event: 159.232 Loading class java/util/zip/ZipFile$ZipEntryIterator
Event: 159.234 Loading class java/util/zip/ZipFile$ZipEntryIterator done
Event: 159.239 Loading class java/util/zip/ZipInputStream
Event: 159.240 Loading class java/util/zip/ZipInputStream done
Event: 171.443 Loading class java/nio/charset/UnsupportedCharsetException
Event: 171.443 Loading class java/nio/charset/UnsupportedCharsetException done
Event: 171.451 Loading class java/util/Collections$UnmodifiableSortedMap
Event: 171.452 Loading class java/util/Collections$UnmodifiableSortedMap done
Event: 171.457 Loading class java/util/zip/Deflater
Event: 171.458 Loading class java/util/zip/Deflater done
Event: 171.461 Loading class java/util/zip/Deflater$DeflaterZStreamRef
Event: 171.462 Loading class java/util/zip/Deflater$DeflaterZStreamRef done
Event: 171.615 Loading class java/nio/StringCharBuffer
Event: 171.615 Loading class java/nio/StringCharBuffer done

Classes unloaded (15 events):
Event: 28.895 Thread 0x000001a674651b20 Unloading class 0x000001a6016a73b0 '_BuildScript_$_run_closure1$_closure2$_closure3$_closure4$_closure10$_closure14'
Event: 28.895 Thread 0x000001a674651b20 Unloading class 0x000001a6016a6fc0 '_BuildScript_$_run_closure1$_closure2$_closure3$_closure4$_closure10$_closure13'
Event: 28.895 Thread 0x000001a674651b20 Unloading class 0x000001a6016a6bd0 '_BuildScript_$_run_closure1$_closure2$_closure3$_closure4$_closure10'
Event: 28.895 Thread 0x000001a674651b20 Unloading class 0x000001a6016a67e0 '_BuildScript_$_run_closure1$_closure2$_closure3$_closure4$_closure9$_closure12'
Event: 28.895 Thread 0x000001a674651b20 Unloading class 0x000001a6016a63f0 '_BuildScript_$_run_closure1$_closure2$_closure3$_closure4$_closure9'
Event: 28.895 Thread 0x000001a674651b20 Unloading class 0x000001a6016a6000 '_BuildScript_$_run_closure1$_closure2$_closure3$_closure4$_closure8'
Event: 28.895 Thread 0x000001a674651b20 Unloading class 0x000001a6016a5b90 '_BuildScript_$_run_closure1$_closure2$_closure3$_closure4$_closure7'
Event: 28.895 Thread 0x000001a674651b20 Unloading class 0x000001a6016a57a0 '_BuildScript_$_run_closure1$_closure2$_closure3$_closure4$_closure6$_closure11'
Event: 28.895 Thread 0x000001a674651b20 Unloading class 0x000001a6016a53b0 '_BuildScript_$_run_closure1$_closure2$_closure3$_closure4$_closure6'
Event: 28.895 Thread 0x000001a674651b20 Unloading class 0x000001a6016a4fc0 '_BuildScript_$_run_closure1$_closure2$_closure3$_closure4$_closure5'
Event: 28.895 Thread 0x000001a674651b20 Unloading class 0x000001a6016a4bd0 '_BuildScript_$_run_closure1$_closure2$_closure3$_closure4'
Event: 28.895 Thread 0x000001a674651b20 Unloading class 0x000001a6016a47e0 '_BuildScript_$_run_closure1$_closure2$_closure3'
Event: 28.895 Thread 0x000001a674651b20 Unloading class 0x000001a6016a43f0 '_BuildScript_$_run_closure1$_closure2'
Event: 28.895 Thread 0x000001a674651b20 Unloading class 0x000001a6016a4000 '_BuildScript_$_run_closure1'
Event: 28.895 Thread 0x000001a674651b20 Unloading class 0x000001a60169c000 '_BuildScript_'

Classes redefined (0 events):
No events

Internal exceptions (20 events):
Event: 157.882 Thread 0x000001a67a223e20 Exception <a 'java/lang/ClassNotFoundException'{0x0000000615b93240}: build_6mzvfq7h91wmywwnl84vabzpfBeanInfo> (0x0000000615b93240) 
thrown [s\src\hotspot\share\classfile\systemDictionary.cpp, line 313]
Event: 157.883 Thread 0x000001a67a223e20 Exception <a 'java/lang/ClassNotFoundException'{0x0000000615b9a280}: build_6mzvfq7h91wmywwnl84vabzpfCustomizer> (0x0000000615b9a280) 
thrown [s\src\hotspot\share\classfile\systemDictionary.cpp, line 313]
Event: 158.051 Thread 0x000001a67a223e20 Exception <a 'java/lang/ClassNotFoundException'{0x0000000615483918}: build_6mzvfq7h91wmywwnl84vabzpfBeanInfo> (0x0000000615483918) 
thrown [s\src\hotspot\share\classfile\systemDictionary.cpp, line 313]
Event: 158.052 Thread 0x000001a67a223e20 Exception <a 'java/lang/ClassNotFoundException'{0x000000061548a8f0}: build_6mzvfq7h91wmywwnl84vabzpfCustomizer> (0x000000061548a8f0) 
thrown [s\src\hotspot\share\classfile\systemDictionary.cpp, line 313]
Event: 159.236 Thread 0x000001a67dedacf0 Implicit null exception at 0x000001a658448a90 to 0x000001a658449a7c
Event: 163.455 Thread 0x000001a67dede800 Implicit null exception at 0x000001a658e26755 to 0x000001a658e2d628
Event: 166.228 Thread 0x000001a67dede800 Implicit null exception at 0x000001a658e0e2fa to 0x000001a658e0e4b8
Event: 171.406 Thread 0x000001a67dedcdc0 Implicit null exception at 0x000001a658da6020 to 0x000001a658da6890
Event: 171.410 Thread 0x000001a67dedcdc0 Exception <a 'sun/nio/fs/WindowsException'{0x0000000613d0ff88}> (0x0000000613d0ff88) 
thrown [s\src\hotspot\share\prims\jni.cpp, line 520]
Event: 171.427 Thread 0x000001a67a223e20 Exception <a 'sun/nio/fs/WindowsException'{0x0000000613e34450}> (0x0000000613e34450) 
thrown [s\src\hotspot\share\prims\jni.cpp, line 520]
Event: 171.438 Thread 0x000001a67dedd450 Exception <a 'sun/nio/fs/WindowsException'{0x0000000613ef8358}> (0x0000000613ef8358) 
thrown [s\src\hotspot\share\prims\jni.cpp, line 520]
Event: 171.475 Thread 0x000001a67dedc730 Exception <a 'sun/nio/fs/WindowsException'{0x0000000613f92c18}> (0x0000000613f92c18) 
thrown [s\src\hotspot\share\prims\jni.cpp, line 520]
Event: 172.275 Thread 0x000001a67dedcdc0 Exception <a 'sun/nio/fs/WindowsException'{0x0000000612b49e80}> (0x0000000612b49e80) 
thrown [s\src\hotspot\share\prims\jni.cpp, line 520]
Event: 172.748 Thread 0x000001a67dedd450 Exception <a 'sun/nio/fs/WindowsException'{0x00000007ff5cde38}> (0x00000007ff5cde38) 
thrown [s\src\hotspot\share\prims\jni.cpp, line 520]
Event: 172.925 Thread 0x000001a67a223e20 Exception <a 'sun/nio/fs/WindowsException'{0x0000000617b5e038}> (0x0000000617b5e038) 
thrown [s\src\hotspot\share\prims\jni.cpp, line 520]
Event: 173.015 Thread 0x000001a67dedcdc0 Exception <a 'sun/nio/fs/WindowsException'{0x0000000617248d48}> (0x0000000617248d48) 
thrown [s\src\hotspot\share\prims\jni.cpp, line 520]
Event: 173.205 Thread 0x000001a67a223e20 Exception <a 'sun/nio/fs/WindowsException'{0x000000061626b490}> (0x000000061626b490) 
thrown [s\src\hotspot\share\prims\jni.cpp, line 520]
Event: 174.304 Thread 0x000001a67dedcdc0 Exception <a 'sun/nio/fs/WindowsException'{0x0000000616d88008}> (0x0000000616d88008) 
thrown [s\src\hotspot\share\prims\jni.cpp, line 520]
Event: 174.622 Thread 0x000001a67a223e20 Exception <a 'sun/nio/fs/WindowsException'{0x00000006150edc70}> (0x00000006150edc70) 
thrown [s\src\hotspot\share\prims\jni.cpp, line 520]
Event: 175.044 Thread 0x000001a67a223e20 Exception <a 'sun/nio/fs/WindowsException'{0x0000000611d66b48}> (0x0000000611d66b48) 
thrown [s\src\hotspot\share\prims\jni.cpp, line 520]

ZGC Phase Switch (0 events):
No events

VM Operations (20 events):
Event: 171.213 Executing safepoint VM operation: Cleanup done
Event: 171.455 Executing non-safepoint VM operation: HandshakeAllThreads (Deoptimize)
Event: 171.455 Executing non-safepoint VM operation: HandshakeAllThreads (Deoptimize) done
Event: 171.530 Executing non-safepoint VM operation: HandshakeAllThreads (Deoptimize)
Event: 171.531 Executing non-safepoint VM operation: HandshakeAllThreads (Deoptimize) done
Event: 172.337 Executing safepoint VM operation: ICBufferFull
Event: 172.351 Executing safepoint VM operation: ICBufferFull done
Event: 172.593 Executing safepoint VM operation: G1CollectForAllocation (G1 Evacuation Pause)
Event: 172.655 Executing safepoint VM operation: G1CollectForAllocation (G1 Evacuation Pause) done
Event: 173.238 Executing non-safepoint VM operation: HandshakeAllThreads (Deoptimize)
Event: 173.255 Executing non-safepoint VM operation: HandshakeAllThreads (Deoptimize) done
Event: 173.286 Executing non-safepoint VM operation: HandshakeAllThreads (Deoptimize)
Event: 173.287 Executing non-safepoint VM operation: HandshakeAllThreads (Deoptimize) done
Event: 173.291 Executing non-safepoint VM operation: HandshakeAllThreads (Deoptimize)
Event: 173.291 Executing non-safepoint VM operation: HandshakeAllThreads (Deoptimize) done
Event: 173.976 Executing safepoint VM operation: G1CollectForAllocation (G1 Evacuation Pause)
Event: 174.013 Executing safepoint VM operation: G1CollectForAllocation (G1 Evacuation Pause) done
Event: 175.024 Executing safepoint VM operation: Cleanup
Event: 175.025 Executing safepoint VM operation: Cleanup done
Event: 175.090 Executing safepoint VM operation: G1CollectForAllocation (G1 Evacuation Pause)

Memory protections (0 events):
No events

Nmethod flushes (20 events):
Event: 169.927 Thread 0x000001a674651b20 flushing  nmethod 0x000001a649181a90
Event: 169.927 Thread 0x000001a674651b20 flushing  nmethod 0x000001a6492c7f90
Event: 169.927 Thread 0x000001a674651b20 flushing  nmethod 0x000001a6493b0d90
Event: 169.927 Thread 0x000001a674651b20 flushing  nmethod 0x000001a649456390
Event: 169.927 Thread 0x000001a674651b20 flushing  nmethod 0x000001a649459190
Event: 169.927 Thread 0x000001a674651b20 flushing  nmethod 0x000001a6494c3b10
Event: 169.927 Thread 0x000001a674651b20 flushing  nmethod 0x000001a64953f810
Event: 169.927 Thread 0x000001a674651b20 flushing  nmethod 0x000001a649625e90
Event: 169.927 Thread 0x000001a674651b20 flushing  nmethod 0x000001a649628e90
Event: 169.927 Thread 0x000001a674651b20 flushing  nmethod 0x000001a649678b90
Event: 169.927 Thread 0x000001a674651b20 flushing  nmethod 0x000001a6496fe210
Event: 169.927 Thread 0x000001a674651b20 flushing  nmethod 0x000001a649706210
Event: 169.927 Thread 0x000001a674651b20 flushing  nmethod 0x000001a6498ebe90
Event: 169.927 Thread 0x000001a674651b20 flushing  nmethod 0x000001a6498ec890
Event: 169.927 Thread 0x000001a674651b20 flushing  nmethod 0x000001a649d94690
Event: 169.927 Thread 0x000001a674651b20 flushing  nmethod 0x000001a649fb4c10
Event: 169.927 Thread 0x000001a674651b20 flushing  nmethod 0x000001a64a061710
Event: 169.927 Thread 0x000001a674651b20 flushing  nmethod 0x000001a64a061c10
Event: 169.927 Thread 0x000001a674651b20 flushing  nmethod 0x000001a64a064910
Event: 169.927 Thread 0x000001a674651b20 flushing  nmethod 0x000001a64a064f10

Events (20 events):
Event: 127.969 Thread 0x000001a67a223e20 Thread added: 0x000001a67a1e9810
Event: 127.970 Thread 0x000001a67a223e20 Thread added: 0x000001a67a1e5d00
Event: 128.074 Thread 0x000001a67a223e20 Thread added: 0x000001a67a1eb8e0
Event: 128.075 Thread 0x000001a67a223e20 Thread added: 0x000001a67a1eabc0
Event: 128.075 Thread 0x000001a67a223e20 Thread added: 0x000001a67a1e6390
Event: 138.028 Thread 0x000001a67a223e20 Thread added: 0x000001a67b38bdf0
Event: 138.028 Thread 0x000001a67a223e20 Thread added: 0x000001a67b38d1a0
Event: 138.029 Thread 0x000001a67a223e20 Thread added: 0x000001a67b38f270
Event: 138.063 Thread 0x000001a67a223e20 Thread added: 0x000001a67b38f900
Event: 138.072 Thread 0x000001a67a223e20 Thread added: 0x000001a67b38ff90
Event: 138.075 Thread 0x000001a67a223e20 Thread added: 0x000001a67a221d50
Event: 139.207 Thread 0x000001a67a223e20 Thread added: 0x000001a67a223790
Event: 139.207 Thread 0x000001a67a223e20 Thread added: 0x000001a67a221030
Event: 139.210 Thread 0x000001a67a223e20 Thread added: 0x000001a6848ebe00
Event: 145.437 Thread 0x000001a67a223e20 Thread added: 0x000001a6848ecb20
Event: 145.474 Thread 0x000001a67a223e20 Thread added: 0x000001a6848ec490
Event: 145.475 Thread 0x000001a67a223e20 Thread added: 0x000001a6848f1350
Event: 158.487 Thread 0x000001a67bd291f0 Thread exited: 0x000001a67bd291f0
Event: 160.541 Thread 0x000001a67e186d60 Thread exited: 0x000001a67e186d60
Event: 163.787 Thread 0x000001a67ded92b0 Thread exited: 0x000001a67ded92b0


Dynamic libraries:
0x00007ff796330000 - 0x00007ff79633e000 	C:\Users\HP\.vscode\extensions\redhat.java-1.55.0-win32-x64\jre\21.0.11-win32-x86_64\bin\java.exe
0x00007fffbbf70000 - 0x00007fffbc168000 	C:\WINDOWS\SYSTEM32\ntdll.dll
0x00007fffba0c0000 - 0x00007fffba182000 	C:\WINDOWS\System32\KERNEL32.DLL
0x00007fffb9810000 - 0x00007fffb9b06000 	C:\WINDOWS\System32\KERNELBASE.dll
0x00007fffb9d80000 - 0x00007fffb9e80000 	C:\WINDOWS\System32\ucrtbase.dll
0x00007fff84500000 - 0x00007fff84518000 	C:\Users\HP\.vscode\extensions\redhat.java-1.55.0-win32-x64\jre\21.0.11-win32-x86_64\bin\jli.dll
0x00007fff8b6c0000 - 0x00007fff8b6de000 	C:\Users\HP\.vscode\extensions\redhat.java-1.55.0-win32-x64\jre\21.0.11-win32-x86_64\bin\VCRUNTIME140.dll
0x00007fffbacf0000 - 0x00007fffbae91000 	C:\WINDOWS\System32\USER32.dll
0x00007fffb9b10000 - 0x00007fffb9b32000 	C:\WINDOWS\System32\win32u.dll
0x00007fffbb3c0000 - 0x00007fffbb3eb000 	C:\WINDOWS\System32\GDI32.dll
0x00007fffb9c30000 - 0x00007fffb9d49000 	C:\WINDOWS\System32\gdi32full.dll
0x00007fffb9b40000 - 0x00007fffb9bdd000 	C:\WINDOWS\System32\msvcp_win.dll
0x00007fff9c800000 - 0x00007fff9ca9b000 	C:\WINDOWS\WinSxS\amd64_microsoft.windows.common-controls_6595b64144ccf1df_6.0.19041.6456_none_60b8a6cb71f64256\COMCTL32.dll
0x00007fffba410000 - 0x00007fffba4ae000 	C:\WINDOWS\System32\msvcrt.dll
0x00007fffb9ff0000 - 0x00007fffba01f000 	C:\WINDOWS\System32\IMM32.DLL
0x00007fffb0b90000 - 0x00007fffb0b9c000 	C:\Users\HP\.vscode\extensions\redhat.java-1.55.0-win32-x64\jre\21.0.11-win32-x86_64\bin\vcruntime140_1.dll
0x00007fff78680000 - 0x00007fff7870d000 	C:\Users\HP\.vscode\extensions\redhat.java-1.55.0-win32-x64\jre\21.0.11-win32-x86_64\bin\msvcp140.dll
0x00007fff4b2e0000 - 0x00007fff4c082000 	C:\Users\HP\.vscode\extensions\redhat.java-1.55.0-win32-x64\jre\21.0.11-win32-x86_64\bin\server\jvm.dll
0x00007fffba350000 - 0x00007fffba401000 	C:\WINDOWS\System32\ADVAPI32.dll
0x00007fffbb820000 - 0x00007fffbb8bf000 	C:\WINDOWS\System32\sechost.dll
0x00007fffbb8c0000 - 0x00007fffbb9e0000 	C:\WINDOWS\System32\RPCRT4.dll
0x00007fffb9d50000 - 0x00007fffb9d77000 	C:\WINDOWS\System32\bcrypt.dll
0x00007fffbac80000 - 0x00007fffbaceb000 	C:\WINDOWS\System32\WS2_32.dll
0x00007fffb9460000 - 0x00007fffb94ab000 	C:\WINDOWS\SYSTEM32\POWRPROF.dll
0x00007fffa4310000 - 0x00007fffa4337000 	C:\WINDOWS\SYSTEM32\WINMM.dll
0x00007fffacd40000 - 0x00007fffacd4a000 	C:\WINDOWS\SYSTEM32\VERSION.dll
0x00007fffb9440000 - 0x00007fffb9452000 	C:\WINDOWS\SYSTEM32\UMPDC.dll
0x00007fffb7e10000 - 0x00007fffb7e22000 	C:\WINDOWS\SYSTEM32\kernel.appcore.dll
0x00007fffb09a0000 - 0x00007fffb09aa000 	C:\Users\HP\.vscode\extensions\redhat.java-1.55.0-win32-x64\jre\21.0.11-win32-x86_64\bin\jimage.dll
0x00007fffb41b0000 - 0x00007fffb43b1000 	C:\WINDOWS\SYSTEM32\DBGHELP.DLL
0x00007fff95b00000 - 0x00007fff95b34000 	C:\WINDOWS\SYSTEM32\dbgcore.DLL
0x00007fffb9e80000 - 0x00007fffb9f02000 	C:\WINDOWS\System32\bcryptPrimitives.dll
0x00007fffa1800000 - 0x00007fffa180f000 	C:\Users\HP\.vscode\extensions\redhat.java-1.55.0-win32-x64\jre\21.0.11-win32-x86_64\bin\instrument.dll
0x00007fff84110000 - 0x00007fff84130000 	C:\Users\HP\.vscode\extensions\redhat.java-1.55.0-win32-x64\jre\21.0.11-win32-x86_64\bin\java.dll
0x00007fffba510000 - 0x00007fffbac80000 	C:\WINDOWS\System32\SHELL32.dll
0x00007fffb7620000 - 0x00007fffb7dc5000 	C:\WINDOWS\SYSTEM32\windows.storage.dll
0x00007fffbb9e0000 - 0x00007fffbbd34000 	C:\WINDOWS\System32\combase.dll
0x00007fffb8f50000 - 0x00007fffb8f7b000 	C:\WINDOWS\SYSTEM32\Wldp.dll
0x00007fffba190000 - 0x00007fffba25d000 	C:\WINDOWS\System32\OLEAUT32.dll
0x00007fffbbe80000 - 0x00007fffbbf2d000 	C:\WINDOWS\System32\SHCORE.dll
0x00007fffbb7c0000 - 0x00007fffbb81b000 	C:\WINDOWS\System32\shlwapi.dll
0x00007fffb9530000 - 0x00007fffb9554000 	C:\WINDOWS\SYSTEM32\profapi.dll
0x00007fff836a0000 - 0x00007fff836b8000 	C:\Users\HP\.vscode\extensions\redhat.java-1.55.0-win32-x64\jre\21.0.11-win32-x86_64\bin\zip.dll
0x00007fffaded0000 - 0x00007fffadee0000 	C:\Users\HP\.vscode\extensions\redhat.java-1.55.0-win32-x64\jre\21.0.11-win32-x86_64\bin\net.dll
0x00007fffab1b0000 - 0x00007fffab2ba000 	C:\WINDOWS\SYSTEM32\WINHTTP.dll
0x00007fffb8cb0000 - 0x00007fffb8d1a000 	C:\WINDOWS\system32\mswsock.dll
0x00007fff833b0000 - 0x00007fff833c6000 	C:\Users\HP\.vscode\extensions\redhat.java-1.55.0-win32-x64\jre\21.0.11-win32-x86_64\bin\nio.dll
0x00007fffa14b0000 - 0x00007fffa14c0000 	C:\Users\HP\.vscode\extensions\redhat.java-1.55.0-win32-x64\jre\21.0.11-win32-x86_64\bin\verify.dll
0x00007fff83f70000 - 0x00007fff83f97000 	D:\Gradle\native\1def1411415f61bf3af743bc5b6707747c0891f09f0c88961ee8f79bc544acac\windows-amd64\native-platform.dll
0x00007fff7f350000 - 0x00007fff7f3c7000 	D:\Gradle\native\0.2.8\x86_64-windows-gnu\gradle-fileevents.dll
0x00007fffa3120000 - 0x00007fffa312a000 	C:\Users\HP\.vscode\extensions\redhat.java-1.55.0-win32-x64\jre\21.0.11-win32-x86_64\bin\management.dll
0x00007fffa3110000 - 0x00007fffa311c000 	C:\Users\HP\.vscode\extensions\redhat.java-1.55.0-win32-x64\jre\21.0.11-win32-x86_64\bin\management_ext.dll
0x00007fffba020000 - 0x00007fffba028000 	C:\WINDOWS\System32\PSAPI.DLL
0x00007fffb8990000 - 0x00007fffb89cb000 	C:\WINDOWS\SYSTEM32\IPHLPAPI.DLL
0x00007fffbbd40000 - 0x00007fffbbd48000 	C:\WINDOWS\System32\NSI.dll
0x00007fffb27e0000 - 0x00007fffb27e9000 	C:\Users\HP\.vscode\extensions\redhat.java-1.55.0-win32-x64\jre\21.0.11-win32-x86_64\bin\extnet.dll
0x00007fffb8ea0000 - 0x00007fffb8eb8000 	C:\WINDOWS\SYSTEM32\CRYPTSP.dll
0x00007fffb85d0000 - 0x00007fffb8608000 	C:\WINDOWS\system32\rsaenh.dll
0x00007fffb94f0000 - 0x00007fffb951e000 	C:\WINDOWS\SYSTEM32\USERENV.dll
0x00007fffb8ec0000 - 0x00007fffb8ecc000 	C:\WINDOWS\SYSTEM32\CRYPTBASE.dll
0x00007fffb27f0000 - 0x00007fffb27fe000 	C:\Users\HP\.vscode\extensions\redhat.java-1.55.0-win32-x64\jre\21.0.11-win32-x86_64\bin\sunmscapi.dll
0x00007fffb9600000 - 0x00007fffb975d000 	C:\WINDOWS\System32\CRYPT32.dll
0x00007fffb8fc0000 - 0x00007fffb8fe7000 	C:\WINDOWS\SYSTEM32\ncrypt.dll
0x00007fffb8f80000 - 0x00007fffb8fbb000 	C:\WINDOWS\SYSTEM32\NTASN1.dll
0x00007fff8eda0000 - 0x00007fff8eda7000 	C:\WINDOWS\system32\wshunix.dll

JVMTI agents:
D:\Gradle\wrapper\dists\gradle-9.1.0-all\7wzd0jkjit61aq2p43wpjgij9\gradle-9.1.0\lib\agents\gradle-instrumentation-agent-9.1.0.jar path:C:\Users\HP\.vscode\extensions\redhat.java-1.55.0-win32-x64\jre\21.0.11-win32-x86_64\bin\instrument.dll, loaded, initialized, instrumentlib options:none

dbghelp: loaded successfully - version: 4.0.5 - missing functions: none
symbol engine: initialized successfully - sym options: 0x614 - pdb path: .;C:\Users\HP\.vscode\extensions\redhat.java-1.55.0-win32-x64\jre\21.0.11-win32-x86_64\bin;C:\WINDOWS\SYSTEM32;C:\WINDOWS\WinSxS\amd64_microsoft.windows.common-controls_6595b64144ccf1df_6.0.19041.6456_none_60b8a6cb71f64256;C:\Users\HP\.vscode\extensions\redhat.java-1.55.0-win32-x64\jre\21.0.11-win32-x86_64\bin\server;D:\Gradle\native\1def1411415f61bf3af743bc5b6707747c0891f09f0c88961ee8f79bc544acac\windows-amd64;D:\Gradle\native\0.2.8\x86_64-windows-gnu

VM Arguments:
jvm_args: --add-opens=java.base/java.lang=ALL-UNNAMED --add-opens=java.base/java.lang.invoke=ALL-UNNAMED --add-opens=java.base/java.util=ALL-UNNAMED --add-opens=java.prefs/java.util.prefs=ALL-UNNAMED --add-exports=jdk.compiler/com.sun.tools.javac.api=ALL-UNNAMED --add-exports=jdk.compiler/com.sun.tools.javac.util=ALL-UNNAMED --add-opens=java.base/java.util=ALL-UNNAMED --add-opens=java.prefs/java.util.prefs=ALL-UNNAMED --add-opens=java.base/java.nio.charset=ALL-UNNAMED --add-opens=java.base/java.net=ALL-UNNAMED --add-opens=java.base/java.util.concurrent=ALL-UNNAMED --add-opens=java.base/java.util.concurrent.atomic=ALL-UNNAMED --add-opens=java.xml/javax.xml.namespace=ALL-UNNAMED --add-opens=java.base/java.time=ALL-UNNAMED -XX:MaxMetaspaceSize=4G -XX:ReservedCodeCacheSize=512m -XX:+HeapDumpOnOutOfMemoryError -Xmx8G -Dfile.encoding=UTF-8 -Duser.country=US -Duser.language=en -Duser.variant -javaagent:D:\Gradle\wrapper\dists\gradle-9.1.0-all\7wzd0jkjit61aq2p43wpjgij9\gradle-9.1.0\lib\agents\gradle-instrumentation-agent-9.1.0.jar 
java_command: org.gradle.launcher.daemon.bootstrap.GradleDaemon 9.1.0
java_class_path (initial): D:\Gradle\wrapper\dists\gradle-9.1.0-all\7wzd0jkjit61aq2p43wpjgij9\gradle-9.1.0\lib\gradle-daemon-main-9.1.0.jar
Launcher Type: SUN_STANDARD

[Global flags]
     intx CICompilerCount                          = 3                                         {product} {ergonomic}
     uint ConcGCThreads                            = 1                                         {product} {ergonomic}
     uint G1ConcRefinementThreads                  = 4                                         {product} {ergonomic}
   size_t G1HeapRegionSize                         = 4194304                                   {product} {ergonomic}
    uintx GCDrainStackTargetSize                   = 64                                        {product} {ergonomic}
     bool HeapDumpOnOutOfMemoryError               = true                                   {manageable} {command line}
   size_t InitialHeapSize                          = 134217728                                 {product} {ergonomic}
   size_t MarkStackSize                            = 4194304                                   {product} {ergonomic}
   size_t MaxHeapSize                              = 8589934592                                {product} {command line}
   size_t MaxMetaspaceSize                         = 4294967296                                {product} {command line}
   size_t MaxNewSize                               = 5150605312                                {product} {ergonomic}
   size_t MinHeapDeltaBytes                        = 4194304                                   {product} {ergonomic}
   size_t MinHeapSize                              = 8388608                                   {product} {ergonomic}
    uintx NonNMethodCodeHeapSize                   = 5832780                                {pd product} {ergonomic}
    uintx NonProfiledCodeHeapSize                  = 265519066                              {pd product} {ergonomic}
    uintx ProfiledCodeHeapSize                     = 265519066                              {pd product} {ergonomic}
    uintx ReservedCodeCacheSize                    = 536870912                              {pd product} {command line}
     bool SegmentedCodeCache                       = true                                      {product} {ergonomic}
   size_t SoftMaxHeapSize                          = 8589934592                             {manageable} {ergonomic}
     bool UseCompressedOops                        = true                           {product lp64_product} {ergonomic}
     bool UseG1GC                                  = true                                      {product} {ergonomic}
     bool UseLargePagesIndividualAllocation        = false                                  {pd product} {ergonomic}

Logging:
Log output configuration:
 #0: stdout all=warning uptime,level,tags foldmultilines=false
 #1: stderr all=off uptime,level,tags foldmultilines=false

Release file:
JAVA_VERSION="21.0.11" 
MODULES="java.base java.compiler java.datatransfer java.xml java.prefs java.desktop java.instrument java.logging java.management java.security.sasl java.naming java.rmi java.management.rmi java.net.http java.scripting java.security.jgss java.transaction.xa java.sql java.sql.rowset java.xml.crypto java.se java.smartcardio jdk.accessibility jdk.internal.jvmstat jdk.attach jdk.charsets jdk.internal.opt jdk.zipfs jdk.compiler jdk.crypto.ec jdk.crypto.cryptoki jdk.crypto.mscapi jdk.dynalink jdk.internal.ed jdk.editpad jdk.hotspot.agent jdk.httpserver jdk.internal.le jdk.internal.vm.ci jdk.internal.vm.compiler jdk.internal.vm.compiler.management jdk.jartool jdk.javadoc jdk.jcmd jdk.management jdk.management.agent jdk.jconsole jdk.jdeps jdk.jdwp.agent jdk.jdi jdk.jfr jdk.jshell jdk.jsobject jdk.jstatd jdk.localedata jdk.management.jfr jdk.naming.dns jdk.naming.rmi jdk.net jdk.nio.mapmode jdk.random jdk.sctp jdk.security.auth jdk.security.jgss jdk.unsupported jdk.unsupported.desktop jdk.xml.dom" 

Environment Variables:
PATH=C:\Program Files\Common Files\Oracle\Java\javapath;C:\Program Files (x86)\Common Files\Intel\Shared Libraries\redist\intel64\compiler;C:\WINDOWS\system32;C:\WINDOWS;C:\WINDOWS\System32\Wbem;C:\WINDOWS\System32\WindowsPowerShell\v1.0\;C:\WINDOWS\System32\OpenSSH\;C:\Program Files\Git\cmd;C:\Users\HP\Desktop\flutter\bin;C:\Users\HP\AppData\Local\nvm;C:\nvm4w\nodejs;D:\xampp\php;C:\ProgramData\ComposerSetup\bin;D:\flutter\bin;D:\Oracle\Java\jdk-21.0.12\bin;D:\flutter\bin;C:\Users\HP\AppData\Local\Programs\Microsoft VS Code\bin;D:\JetBrains\IntelliJ IDEA 2026.2.0.1\bin
USERNAME=ADNARG
OS=Windows_NT
PROCESSOR_IDENTIFIER=Intel64 Family 6 Model 78 Stepping 3, GenuineIntel
TMP=D:\Temp
TEMP=D:\Temp




Periodic native trim disabled

---------------  S Y S T E M  ---------------

OS:
 Windows 10 , 64 bit Build 19041 (10.0.19041.5915)
OS uptime: 1 days 3:26 hours

CPU: total 4 (initial active 4) (2 cores per cpu, 2 threads per core) family 6 model 78 stepping 3 microcode 0xf0, cx8, cmov, fxsr, ht, mmx, 3dnowpref, sse, sse2, sse3, ssse3, sse4.1, sse4.2, popcnt, lzcnt, tsc, tscinvbit, avx, avx2, aes, erms, clmul, bmi1, bmi2, rtm, adx, fma, vzeroupper, clflush, clflushopt, rdtscp, f16c
Processor Information for the first 4 processors :
  Max Mhz: 2496, Current Mhz: 2396, Mhz Limit: 2396

Memory: 4k page, system-wide physical 8071M (76M free)
TotalPageFile size 19720M (AvailPageFile size 35M)
current process WorkingSet (physical memory assigned to process): 703M, peak: 703M
current process commit charge ("private bytes"): 837M, peak: 920M

vm_info: OpenJDK 64-Bit Server VM (21.0.11+10-LTS) for windows-amd64 JRE (21.0.11+10-LTS), built on 2026-04-21T00:00:00Z by "admin" with MS VC++ 17.12 (VS2022)

END.
