#
# There is insufficient memory for the Java Runtime Environment to continue.
# Native memory allocation (malloc) failed to allocate 32744 bytes. Error detail: Chunk::new
# Possible reasons:
#   The system is out of physical RAM or swap space
#   This process is running with CompressedOops enabled, and the Java Heap may be blocking the growth of the native heap
# Possible solutions:
#   Reduce memory load on the system
#   Increase physical memory or swap space
#   Check if swap backing store is full
#   Decrease Java heap size (-Xmx/-Xms)
#   Decrease number of Java threads
#   Decrease Java thread stack sizes (-Xss)
#   Set larger code cache with -XX:ReservedCodeCacheSize=
#   JVM is running with Zero Based Compressed Oops mode in which the Java heap is
#     placed in the first 32GB address space. The Java Heap base address is the
#     maximum limit for the native heap growth. Please use -XX:HeapBaseMinAddress
#     to set the Java Heap base and to place the Java Heap above 32GB virtual address.
# This output file may be truncated or incomplete.
#
#  Out of Memory Error (arena.cpp:168), pid=5800, tid=15820
#
# JRE version: OpenJDK Runtime Environment Temurin-21.0.11+10 (21.0.11+10) (build 21.0.11+10-LTS)
# Java VM: OpenJDK 64-Bit Server VM Temurin-21.0.11+10 (21.0.11+10-LTS, mixed mode, sharing, tiered, compressed oops, compressed class ptrs, g1 gc, windows-amd64)
# No core dump will be written. Minidumps are not enabled by default on client versions of Windows
#

---------------  S U M M A R Y ------------

Command Line: --add-opens=java.base/java.lang=ALL-UNNAMED --add-opens=java.base/java.lang.invoke=ALL-UNNAMED --add-opens=java.base/java.util=ALL-UNNAMED --add-opens=java.prefs/java.util.prefs=ALL-UNNAMED --add-exports=jdk.compiler/com.sun.tools.javac.api=ALL-UNNAMED --add-exports=jdk.compiler/com.sun.tools.javac.util=ALL-UNNAMED --add-opens=java.base/java.util=ALL-UNNAMED --add-opens=java.prefs/java.util.prefs=ALL-UNNAMED --add-opens=java.base/java.nio.charset=ALL-UNNAMED --add-opens=java.base/java.net=ALL-UNNAMED --add-opens=java.base/java.util.concurrent=ALL-UNNAMED --add-opens=java.base/java.util.concurrent.atomic=ALL-UNNAMED --add-opens=java.xml/javax.xml.namespace=ALL-UNNAMED --add-opens=java.base/java.time=ALL-UNNAMED -XX:MaxMetaspaceSize=4G -XX:ReservedCodeCacheSize=512m -XX:+HeapDumpOnOutOfMemoryError -Xmx8G -Dfile.encoding=UTF-8 -Duser.country=US -Duser.language=en -Duser.variant -javaagent:D:\Gradle\wrapper\dists\gradle-9.1.0-all\7wzd0jkjit61aq2p43wpjgij9\gradle-9.1.0\lib\agents\gradle-instrumentation-agent-9.1.0.jar org.gradle.launcher.daemon.bootstrap.GradleDaemon 9.1.0

Host: Intel(R) Core(TM) i5-6300U CPU @ 2.40GHz, 4 cores, 7G,  Windows 10 , 64 bit Build 19041 (10.0.19041.5915)
Time: Thu Aug 20 14:51:21 2026 elapsed time: 134.727686 seconds (0d 0h 2m 14s)

---------------  T H R E A D  ---------------

Current thread (0x0000019f82308550):  JavaThread "C1 CompilerThread0" daemon [_thread_in_vm, id=15820, stack(0x0000009398500000,0x0000009398600000) (1024K)]


Current CompileTask:
C1:134727 15351       3       org.gradle.internal.file.FileHierarchySet$PrefixFileSet::contains (13 bytes)

Stack: [0x0000009398500000,0x0000009398600000]
Native frames: (J=compiled Java code, j=interpreted, Vv=VM code, C=native code)
V  [jvm.dll+0x6d7e19]
V  [jvm.dll+0x8b5096]
V  [jvm.dll+0x8b764e]
V  [jvm.dll+0x8b7d33]
V  [jvm.dll+0x284596]
V  [jvm.dll+0xc685d]
V  [jvm.dll+0xc6da1]
V  [jvm.dll+0x1fe54b]
V  [jvm.dll+0x1e9b23]
V  [jvm.dll+0x25b947]
V  [jvm.dll+0x25a03a]
V  [jvm.dll+0x3f868e]
V  [jvm.dll+0x85fb0d]
V  [jvm.dll+0x6d664d]
C  [ucrtbase.dll+0x21bb2]
C  [KERNEL32.DLL+0x17374]
C  [ntdll.dll+0x4cc91]


---------------  P R O C E S S  ---------------

Threads class SMR info:
_java_thread_list=0x0000019fcdc94c30, length=83, elements={
0x0000019fd05e6600, 0x0000019f822970c0, 0x0000019f82297ed0, 0x0000019f82299cf0,
0x0000019f8229e770, 0x0000019f8229f1d0, 0x0000019f8229fc30, 0x0000019f822a09c0,
0x0000019f82308550, 0x0000019f824e0420, 0x0000019f824fb610, 0x0000019fc82fba70,
0x0000019fc801f430, 0x0000019fc8e11c90, 0x0000019fc8e0d5e0, 0x0000019f82385890,
0x0000019fc9186510, 0x0000019fc8dd5310, 0x0000019fc8dd2520, 0x0000019fc8dd3f60,
0x0000019fc8dd45f0, 0x0000019fc8dd4c80, 0x0000019fc8dd1e90, 0x0000019fc8dd2bb0,
0x0000019fc8dd3240, 0x0000019fcb34e900, 0x0000019fcb352aa0, 0x0000019fcb34bb10,
0x0000019fcb351d80, 0x0000019fcb34f620, 0x0000019fcb34d550, 0x0000019fcb34cec0,
0x0000019fcb3516f0, 0x0000019fcb34dbe0, 0x0000019fcb34c830, 0x0000019fcb34ef90,
0x0000019fcb34fcb0, 0x0000019fcb351060, 0x0000019fcb352410, 0x0000019fcb353130,
0x0000019fca5f84d0, 0x0000019fca5fe0b0, 0x0000019fca5fe740, 0x0000019fca5f77b0,
0x0000019fca5f7e40, 0x0000019fca5fcd00, 0x0000019fca5fc670, 0x0000019fca5f8b60,
0x0000019fca5fedd0, 0x0000019fca5f9f10, 0x0000019fca5fac30, 0x0000019fca5fb2c0,
0x0000019fca5fda20, 0x0000019fca5fbfe0, 0x0000019fca5fa5a0, 0x0000019fcb192fd0,
0x0000019fcb195730, 0x0000019fcb1950a0, 0x0000019fcb196450, 0x0000019fcb197e90,
0x0000019fcb193cf0, 0x0000019fcb194380, 0x0000019fcb196ae0, 0x0000019fcb194a10,
0x0000019fcb193660, 0x0000019fcb197170, 0x0000019fcb197800, 0x0000019fcb198520,
0x0000019fcb191590, 0x0000019fcb198bb0, 0x0000019fcb191c20, 0x0000019fcb1922b0,
0x0000019fcc3a0a50, 0x0000019fcc3a10e0, 0x0000019fcc3a31b0, 0x0000019fcc3a3840,
0x0000019fcc4fd5d0, 0x0000019fcc4fbb90, 0x0000019fcd9bd570, 0x0000019fcd9bc850,
0x0000019fcd9bfcd0, 0x0000019fcd9ba780, 0x0000019fcd9be290
}

Java Threads: ( => current thread )
  0x0000019fd05e6600 JavaThread "main"                              [_thread_blocked, id=14300, stack(0x0000009397600000,0x0000009397700000) (1024K)]
  0x0000019f822970c0 JavaThread "Reference Handler"          daemon [_thread_blocked, id=8924, stack(0x0000009397e00000,0x0000009397f00000) (1024K)]
  0x0000019f82297ed0 JavaThread "Finalizer"                  daemon [_thread_blocked, id=14396, stack(0x0000009397f00000,0x0000009398000000) (1024K)]
  0x0000019f82299cf0 JavaThread "Signal Dispatcher"          daemon [_thread_blocked, id=17424, stack(0x0000009398000000,0x0000009398100000) (1024K)]
  0x0000019f8229e770 JavaThread "Attach Listener"            daemon [_thread_blocked, id=20644, stack(0x0000009398100000,0x0000009398200000) (1024K)]
  0x0000019f8229f1d0 JavaThread "Service Thread"             daemon [_thread_blocked, id=21792, stack(0x0000009398200000,0x0000009398300000) (1024K)]
  0x0000019f8229fc30 JavaThread "Monitor Deflation Thread"   daemon [_thread_blocked, id=20360, stack(0x0000009398300000,0x0000009398400000) (1024K)]
  0x0000019f822a09c0 JavaThread "C2 CompilerThread0"         daemon [_thread_in_native, id=17944, stack(0x0000009398400000,0x0000009398500000) (1024K)]
=>0x0000019f82308550 JavaThread "C1 CompilerThread0"         daemon [_thread_in_vm, id=15820, stack(0x0000009398500000,0x0000009398600000) (1024K)]
  0x0000019f824e0420 JavaThread "Common-Cleaner"             daemon [_thread_blocked, id=10968, stack(0x0000009398600000,0x0000009398700000) (1024K)]
  0x0000019f824fb610 JavaThread "Notification Thread"        daemon [_thread_blocked, id=10496, stack(0x0000009398700000,0x0000009398800000) (1024K)]
  0x0000019fc82fba70 JavaThread "Daemon health stats"               [_thread_blocked, id=2708, stack(0x0000009398c00000,0x0000009398d00000) (1024K)]
  0x0000019fc801f430 JavaThread "Incoming local TCP Connector on port 55406"        [_thread_in_native, id=11980, stack(0x0000009398d00000,0x0000009398e00000) (1024K)]
  0x0000019fc8e11c90 JavaThread "Daemon periodic checks"            [_thread_blocked, id=15228, stack(0x0000009398e00000,0x0000009398f00000) (1024K)]
  0x0000019fc8e0d5e0 JavaThread "Daemon"                            [_thread_blocked, id=14076, stack(0x0000009398f00000,0x0000009399000000) (1024K)]
  0x0000019f82385890 JavaThread "Handler for socket connection from /127.0.0.1:55406 to /127.0.0.1:55407"        [_thread_in_native, id=20048, stack(0x0000009398b00000,0x0000009398c00000) (1024K)]
  0x0000019fc9186510 JavaThread "Cancel handler"                    [_thread_blocked, id=260, stack(0x0000009399000000,0x0000009399100000) (1024K)]
  0x0000019fc8dd5310 JavaThread "Daemon worker"                     [_thread_blocked, id=21668, stack(0x0000009399100000,0x0000009399200000) (1024K)]
  0x0000019fc8dd2520 JavaThread "Asynchronous log dispatcher for DefaultDaemonConnection: socket connection from /127.0.0.1:55406 to /127.0.0.1:55407"        [_thread_blocked, id=16992, stack(0x0000009399200000,0x0000009399300000) (1024K)]
  0x0000019fc8dd3f60 JavaThread "Stdin handler"                     [_thread_blocked, id=6024, stack(0x0000009399300000,0x0000009399400000) (1024K)]
  0x0000019fc8dd45f0 JavaThread "Daemon client event forwarder"        [_thread_blocked, id=21300, stack(0x0000009399400000,0x0000009399500000) (1024K)]
  0x0000019fc8dd4c80 JavaThread "Cache worker for journal cache (D:\Gradle\caches\journal-1)"        [_thread_blocked, id=19200, stack(0x0000009399500000,0x0000009399600000) (1024K)]
  0x0000019fc8dd1e90 JavaThread "File lock request listener"        [_thread_in_native, id=9620, stack(0x0000009399600000,0x0000009399700000) (1024K)]
  0x0000019fc8dd2bb0 JavaThread "Cache worker for file hash cache (D:\Gradle\caches\9.1.0\fileHashes)"        [_thread_in_native, id=8640, stack(0x0000009399800000,0x0000009399900000) (1024K)]
  0x0000019fc8dd3240 JavaThread "File lock release action executor"        [_thread_blocked, id=5796, stack(0x0000009399700000,0x0000009399800000) (1024K)]
  0x0000019fcb34e900 JavaThread "Cache worker for file hash cache (D:\MassarBus\massarbus_parent\android\.gradle\9.1.0\fileHashes)"        [_thread_blocked, id=17032, stack(0x0000009399900000,0x0000009399a00000) (1024K)]
  0x0000019fcb352aa0 JavaThread "Cache worker for Build Output Cleanup Cache (D:\MassarBus\massarbus_parent\android\.gradle\buildOutputCleanup)"        [_thread_blocked, id=13444, stack(0x0000009399a00000,0x0000009399b00000) (1024K)]
  0x0000019fcb34bb10 JavaThread "File watcher server"        daemon [_thread_in_native, id=11908, stack(0x0000009399b00000,0x0000009399c00000) (1024K)]
  0x0000019fcb351d80 JavaThread "File watcher consumer"      daemon [_thread_blocked, id=2832, stack(0x0000009399c00000,0x0000009399d00000) (1024K)]
  0x0000019fcb34f620 JavaThread "jar transforms"                    [_thread_blocked, id=21412, stack(0x0000009399d00000,0x0000009399e00000) (1024K)]
  0x0000019fcb34d550 JavaThread "jar transforms Thread 2"           [_thread_blocked, id=4416, stack(0x0000009399e00000,0x0000009399f00000) (1024K)]
  0x0000019fcb34cec0 JavaThread "jar transforms Thread 3"           [_thread_blocked, id=19868, stack(0x0000009399f00000,0x000000939a000000) (1024K)]
  0x0000019fcb3516f0 JavaThread "Cache worker for checksums cache (D:\MassarBus\massarbus_parent\android\.gradle\9.1.0\checksums)"        [_thread_blocked, id=20740, stack(0x000000939a000000,0x000000939a100000) (1024K)]
  0x0000019fcb34dbe0 JavaThread "Cache worker for file content cache (D:\Gradle\caches\9.1.0\fileContent)"        [_thread_blocked, id=2268, stack(0x000000939a100000,0x000000939a200000) (1024K)]
  0x0000019fcb34c830 JavaThread "Cache worker for cache directory md-supplier (D:\Gradle\caches\9.1.0\md-supplier)"        [_thread_blocked, id=11088, stack(0x000000939a200000,0x000000939a300000) (1024K)]
  0x0000019fcb34ef90 JavaThread "Cache worker for cache directory md-rule (D:\Gradle\caches\9.1.0\md-rule)"        [_thread_blocked, id=9412, stack(0x000000939a300000,0x000000939a400000) (1024K)]
  0x0000019fcb34fcb0 JavaThread "jar transforms Thread 4"           [_thread_blocked, id=2892, stack(0x000000939a400000,0x000000939a500000) (1024K)]
  0x0000019fcb351060 JavaThread "Cache worker for Build Output Cleanup Cache (D:\flutter\packages\flutter_tools\gradle\.gradle\buildOutputCleanup)"        [_thread_blocked, id=9332, stack(0x000000939a500000,0x000000939a600000) (1024K)]
  0x0000019fcb352410 JavaThread "Unconstrained build operations"        [_thread_blocked, id=16408, stack(0x000000939a600000,0x000000939a700000) (1024K)]
  0x0000019fcb353130 JavaThread "Unconstrained build operations Thread 2"        [_thread_blocked, id=2560, stack(0x000000939a700000,0x000000939a800000) (1024K)]
  0x0000019fca5f84d0 JavaThread "Unconstrained build operations Thread 3"        [_thread_blocked, id=3524, stack(0x000000939a800000,0x000000939a900000) (1024K)]
  0x0000019fca5fe0b0 JavaThread "Unconstrained build operations Thread 4"        [_thread_blocked, id=11092, stack(0x0000009397300000,0x0000009397400000) (1024K)]
  0x0000019fca5fe740 JavaThread "Unconstrained build operations Thread 5"        [_thread_blocked, id=18160, stack(0x0000009397400000,0x0000009397500000) (1024K)]
  0x0000019fca5f77b0 JavaThread "Unconstrained build operations Thread 6"        [_thread_blocked, id=16304, stack(0x0000009397500000,0x0000009397600000) (1024K)]
  0x0000019fca5f7e40 JavaThread "Unconstrained build operations Thread 7"        [_thread_blocked, id=20620, stack(0x000000939a900000,0x000000939aa00000) (1024K)]
  0x0000019fca5fcd00 JavaThread "Unconstrained build operations Thread 8"        [_thread_blocked, id=12152, stack(0x000000939aa00000,0x000000939ab00000) (1024K)]
  0x0000019fca5fc670 JavaThread "Unconstrained build operations Thread 9"        [_thread_blocked, id=11404, stack(0x000000939ab00000,0x000000939ac00000) (1024K)]
  0x0000019fca5f8b60 JavaThread "Memory manager"                    [_thread_blocked, id=15852, stack(0x000000939ac00000,0x000000939ad00000) (1024K)]
  0x0000019fca5fedd0 JavaThread "build event listener"              [_thread_blocked, id=10400, stack(0x000000939ad00000,0x000000939ae00000) (1024K)]
  0x0000019fca5f9f10 JavaThread "included builds"                   [_thread_blocked, id=17428, stack(0x000000939ae00000,0x000000939af00000) (1024K)]
  0x0000019fca5fac30 JavaThread "Execution worker"                  [_thread_blocked, id=22496, stack(0x000000939af00000,0x000000939b000000) (1024K)]
  0x0000019fca5fb2c0 JavaThread "Execution worker Thread 2"         [_thread_blocked, id=8264, stack(0x000000939b000000,0x000000939b100000) (1024K)]
  0x0000019fca5fda20 JavaThread "Execution worker Thread 3"         [_thread_blocked, id=18100, stack(0x000000939b100000,0x000000939b200000) (1024K)]
  0x0000019fca5fbfe0 JavaThread "Cache worker for execution history cache (D:\flutter\packages\flutter_tools\gradle\.gradle\9.1.0\executionHistory)"        [_thread_blocked, id=19984, stack(0x000000939b200000,0x000000939b300000) (1024K)]
  0x0000019fca5fa5a0 JavaThread "Unconstrained build operations Thread 10"        [_thread_blocked, id=7192, stack(0x000000939b300000,0x000000939b400000) (1024K)]
  0x0000019fcb192fd0 JavaThread "Unconstrained build operations Thread 11"        [_thread_blocked, id=9472, stack(0x000000939b400000,0x000000939b500000) (1024K)]
  0x0000019fcb195730 JavaThread "Unconstrained build operations Thread 12"        [_thread_blocked, id=21780, stack(0x000000939b500000,0x000000939b600000) (1024K)]
  0x0000019fcb1950a0 JavaThread "Unconstrained build operations Thread 13"        [_thread_blocked, id=15436, stack(0x000000939b600000,0x000000939b700000) (1024K)]
  0x0000019fcb196450 JavaThread "Unconstrained build operations Thread 14"        [_thread_blocked, id=1588, stack(0x000000939b700000,0x000000939b800000) (1024K)]
  0x0000019fcb197e90 JavaThread "Unconstrained build operations Thread 15"        [_thread_blocked, id=14068, stack(0x000000939b800000,0x000000939b900000) (1024K)]
  0x0000019fcb193cf0 JavaThread "Unconstrained build operations Thread 16"        [_thread_blocked, id=1116, stack(0x000000939b900000,0x000000939ba00000) (1024K)]
  0x0000019fcb194380 JavaThread "Unconstrained build operations Thread 17"        [_thread_blocked, id=20236, stack(0x000000939ba00000,0x000000939bb00000) (1024K)]
  0x0000019fcb196ae0 JavaThread "Unconstrained build operations Thread 18"        [_thread_blocked, id=21040, stack(0x000000939bb00000,0x000000939bc00000) (1024K)]
  0x0000019fcb194a10 JavaThread "Unconstrained build operations Thread 19"        [_thread_blocked, id=7244, stack(0x000000939bc00000,0x000000939bd00000) (1024K)]
  0x0000019fcb193660 JavaThread "Unconstrained build operations Thread 20"        [_thread_blocked, id=11480, stack(0x000000939bd00000,0x000000939be00000) (1024K)]
  0x0000019fcb197170 JavaThread "Unconstrained build operations Thread 21"        [_thread_blocked, id=6268, stack(0x000000939be00000,0x000000939bf00000) (1024K)]
  0x0000019fcb197800 JavaThread "Unconstrained build operations Thread 22"        [_thread_blocked, id=15620, stack(0x000000939bf00000,0x000000939c000000) (1024K)]
  0x0000019fcb198520 JavaThread "Unconstrained build operations Thread 23"        [_thread_blocked, id=20080, stack(0x000000939c000000,0x000000939c100000) (1024K)]
  0x0000019fcb191590 JavaThread "Unconstrained build operations Thread 24"        [_thread_blocked, id=15008, stack(0x000000939c100000,0x000000939c200000) (1024K)]
  0x0000019fcb198bb0 JavaThread "Unconstrained build operations Thread 25"        [_thread_blocked, id=3508, stack(0x000000939c200000,0x000000939c300000) (1024K)]
  0x0000019fcb191c20 JavaThread "Unconstrained build operations Thread 26"        [_thread_blocked, id=3056, stack(0x000000939c300000,0x000000939c400000) (1024K)]
  0x0000019fcb1922b0 JavaThread "Unconstrained build operations Thread 27"        [_thread_blocked, id=20064, stack(0x000000939c400000,0x000000939c500000) (1024K)]
  0x0000019fcc3a0a50 JavaThread "Unconstrained build operations Thread 28"        [_thread_blocked, id=15424, stack(0x000000939c500000,0x000000939c600000) (1024K)]
  0x0000019fcc3a10e0 JavaThread "Unconstrained build operations Thread 29"        [_thread_blocked, id=16508, stack(0x000000939c600000,0x000000939c700000) (1024K)]
  0x0000019fcc3a31b0 JavaThread "build event listener"              [_thread_blocked, id=14288, stack(0x000000939c700000,0x000000939c800000) (1024K)]
  0x0000019fcc3a3840 JavaThread "build event listener"              [_thread_blocked, id=6428, stack(0x000000939c800000,0x000000939c900000) (1024K)]
  0x0000019fcc4fd5d0 JavaThread "Problems report writer"            [_thread_blocked, id=3376, stack(0x000000939c900000,0x000000939ca00000) (1024K)]
  0x0000019fcc4fbb90 JavaThread "Unconstrained build operations Thread 30"        [_thread_blocked, id=19816, stack(0x000000939ca00000,0x000000939cb00000) (1024K)]
  0x0000019fcd9bd570 JavaThread "Unconstrained build operations Thread 31"        [_thread_blocked, id=13660, stack(0x000000939cb00000,0x000000939cc00000) (1024K)]
  0x0000019fcd9bc850 JavaThread "Unconstrained build operations Thread 32"        [_thread_blocked, id=14604, stack(0x000000939cc00000,0x000000939cd00000) (1024K)]
  0x0000019fcd9bfcd0 JavaThread "Unconstrained build operations Thread 33"        [_thread_in_Java, id=21456, stack(0x000000939cd00000,0x000000939ce00000) (1024K)]
  0x0000019fcd9ba780 JavaThread "Unconstrained build operations Thread 34"        [_thread_new, id=1260, stack(0x0000000000000000,0x0000000000000000) (0B)]
  0x0000019fcd9be290 JavaThread "Unconstrained build operations Thread 35"        [_thread_new, id=8608, stack(0x0000000000000000,0x0000000000000000) (0B)]
Total: 83

Other Threads:
  0x0000019f8227d100 VMThread "VM Thread"                           [id=19672, stack(0x0000009397d00000,0x0000009397e00000) (1024K)]
  0x0000019f8226b160 WatcherThread "VM Periodic Task Thread"        [id=2492, stack(0x0000009397c00000,0x0000009397d00000) (1024K)]
  0x0000019fd29886f0 WorkerThread "GC Thread#0"                     [id=17100, stack(0x0000009397700000,0x0000009397800000) (1024K)]
  0x0000019f825b4270 WorkerThread "GC Thread#1"                     [id=18956, stack(0x0000009398800000,0x0000009398900000) (1024K)]
  0x0000019f825b4620 WorkerThread "GC Thread#2"                     [id=3000, stack(0x0000009398900000,0x0000009398a00000) (1024K)]
  0x0000019fc82e1a00 WorkerThread "GC Thread#3"                     [id=16048, stack(0x0000009398a00000,0x0000009398b00000) (1024K)]
  0x0000019fd2999980 ConcurrentGCThread "G1 Main Marker"            [id=22448, stack(0x0000009397800000,0x0000009397900000) (1024K)]
  0x0000019fd299a4e0 WorkerThread "G1 Conc#0"                       [id=13532, stack(0x0000009397900000,0x0000009397a00000) (1024K)]
  0x0000019f8213bef0 ConcurrentGCThread "G1 Refine#0"               [id=21244, stack(0x0000009397a00000,0x0000009397b00000) (1024K)]
  0x0000019f8213c910 ConcurrentGCThread "G1 Service"                [id=19340, stack(0x0000009397b00000,0x0000009397c00000) (1024K)]
Total: 10

Threads with active compile tasks:
C2 CompilerThread0  134780 15349       4       org.gradle.internal.snapshot.AbstractListChildMap::withReplacedChild (78 bytes)
C1 CompilerThread0  134780 15351       3       org.gradle.internal.file.FileHierarchySet$PrefixFileSet::contains (13 bytes)
Total: 2

VM state: not at safepoint (normal execution)

VM Mutex/Monitor currently owned by a thread: None

Heap address: 0x0000000600000000, size: 8192 MB, Compressed Oops mode: Zero based, Oop shift amount: 3

CDS archive(s) mapped at: [0x0000019f83000000-0x0000019f83ba0000-0x0000019f83ba0000), size 12189696, SharedBaseAddress: 0x0000019f83000000, ArchiveRelocationMode: 1.
Compressed class space mapped at: 0x0000019f84000000-0x0000019fc4000000, reserved size: 1073741824
Narrow klass base: 0x0000019f83000000, Narrow klass shift: 0, Narrow klass range: 0x100000000

GC Precious Log:
 CardTable entry size: 512
 Card Set container configuration: InlinePtr #cards 4 size 8 Array Of Cards #cards 32 size 80 Howl #buckets 8 coarsen threshold 7372 Howl Bitmap #cards 1024 size 144 coarsen threshold 921 Card regions per heap region 1 cards per card region 8192
 CPUs: 4 total, 4 available
 Memory: 8071M
 Large Page Support: Disabled
 NUMA Support: Disabled
 Compressed Oops: Enabled (Zero based)
 Heap Region Size: 4M
 Heap Min Capacity: 8M
 Heap Initial Capacity: 128M
 Heap Max Capacity: 8G
 Pre-touch: Disabled
 Parallel Workers: 4
 Concurrent Workers: 1
 Concurrent Refinement Workers: 4
 Periodic GC: Disabled

Heap:
 garbage-first heap   total 225280K, used 179587K [0x0000000600000000, 0x0000000800000000)
  region size 4096K, 15 young (61440K), 3 survivors (12288K)
 Metaspace       used 110227K, committed 113088K, reserved 1179648K
  class space    used 15809K, committed 17216K, reserved 1048576K

Heap Regions: E=young(eden), S=young(survivor), O=old, HS=humongous(starts), HC=humongous(continues), CS=collection set, F=free, TAMS=top-at-mark-start, PB=parsable bottom
|   0|0x0000000600000000, 0x0000000600400000, 0x0000000600400000|100%|HS|  |TAMS 0x0000000600000000| PB 0x0000000600000000| Complete 
|   1|0x0000000600400000, 0x0000000600800000, 0x0000000600800000|100%| O|  |TAMS 0x0000000600400000| PB 0x0000000600400000| Untracked 
|   2|0x0000000600800000, 0x0000000600c00000, 0x0000000600c00000|100%| O|  |TAMS 0x0000000600800000| PB 0x0000000600800000| Untracked 
|   3|0x0000000600c00000, 0x0000000601000000, 0x0000000601000000|100%| O|  |TAMS 0x0000000600c00000| PB 0x0000000600c00000| Untracked 
|   4|0x0000000601000000, 0x0000000601400000, 0x0000000601400000|100%| O|  |TAMS 0x0000000601000000| PB 0x0000000601000000| Untracked 
|   5|0x0000000601400000, 0x0000000601800000, 0x0000000601800000|100%| O|  |TAMS 0x0000000601400000| PB 0x0000000601400000| Untracked 
|   6|0x0000000601800000, 0x0000000601c00000, 0x0000000601c00000|100%| O|  |TAMS 0x0000000601800000| PB 0x0000000601800000| Untracked 
|   7|0x0000000601c00000, 0x0000000602000000, 0x0000000602000000|100%| O|  |TAMS 0x0000000601c00000| PB 0x0000000601c00000| Untracked 
|   8|0x0000000602000000, 0x0000000602400000, 0x0000000602400000|100%| O|  |TAMS 0x0000000602000000| PB 0x0000000602000000| Untracked 
|   9|0x0000000602400000, 0x0000000602800000, 0x0000000602800000|100%| O|  |TAMS 0x0000000602400000| PB 0x0000000602400000| Untracked 
|  10|0x0000000602800000, 0x0000000602c00000, 0x0000000602c00000|100%| O|  |TAMS 0x0000000602800000| PB 0x0000000602800000| Untracked 
|  11|0x0000000602c00000, 0x0000000603000000, 0x0000000603000000|100%| O|  |TAMS 0x0000000602c00000| PB 0x0000000602c00000| Untracked 
|  12|0x0000000603000000, 0x0000000603400000, 0x0000000603400000|100%| O|  |TAMS 0x0000000603000000| PB 0x0000000603000000| Untracked 
|  13|0x0000000603400000, 0x0000000603800000, 0x0000000603800000|100%| O|  |TAMS 0x0000000603400000| PB 0x0000000603400000| Untracked 
|  14|0x0000000603800000, 0x0000000603c00000, 0x0000000603c00000|100%| O|  |TAMS 0x0000000603800000| PB 0x0000000603800000| Untracked 
|  15|0x0000000603c00000, 0x0000000604000000, 0x0000000604000000|100%| O|Cm|TAMS 0x0000000603c00000| PB 0x0000000603c00000| Complete 
|  16|0x0000000604000000, 0x0000000604400000, 0x0000000604400000|100%| O|  |TAMS 0x0000000604000000| PB 0x0000000604000000| Untracked 
|  17|0x0000000604400000, 0x0000000604800000, 0x0000000604800000|100%| O|  |TAMS 0x0000000604400000| PB 0x0000000604400000| Untracked 
|  18|0x0000000604800000, 0x0000000604c00000, 0x0000000604c00000|100%| O|  |TAMS 0x0000000604800000| PB 0x0000000604800000| Untracked 
|  19|0x0000000604c00000, 0x0000000605000000, 0x0000000605000000|100%| O|  |TAMS 0x0000000604c00000| PB 0x0000000604c00000| Untracked 
|  20|0x0000000605000000, 0x0000000605400000, 0x0000000605400000|100%| O|  |TAMS 0x0000000605000000| PB 0x0000000605000000| Untracked 
|  21|0x0000000605400000, 0x0000000605800000, 0x0000000605800000|100%| O|  |TAMS 0x0000000605400000| PB 0x0000000605400000| Untracked 
|  22|0x0000000605800000, 0x0000000605c00000, 0x0000000605c00000|100%| O|  |TAMS 0x0000000605800000| PB 0x0000000605800000| Untracked 
|  23|0x0000000605c00000, 0x0000000605f60db0, 0x0000000606000000| 84%| O|  |TAMS 0x0000000605c00000| PB 0x0000000605c00000| Untracked 
|  24|0x0000000606000000, 0x0000000606400000, 0x0000000606400000|100%| O|  |TAMS 0x0000000606000000| PB 0x0000000606000000| Untracked 
|  25|0x0000000606400000, 0x0000000606800000, 0x0000000606800000|100%| O|  |TAMS 0x0000000606400000| PB 0x0000000606400000| Untracked 
|  26|0x0000000606800000, 0x0000000606c00000, 0x0000000606c00000|100%| O|  |TAMS 0x0000000606800000| PB 0x0000000606800000| Untracked 
|  27|0x0000000606c00000, 0x0000000607000000, 0x0000000607000000|100%| O|  |TAMS 0x0000000606c00000| PB 0x0000000606c00000| Untracked 
|  28|0x0000000607000000, 0x0000000607400000, 0x0000000607400000|100%| O|  |TAMS 0x0000000607000000| PB 0x0000000607000000| Untracked 
|  29|0x0000000607400000, 0x0000000607400000, 0x0000000607800000|  0%| F|  |TAMS 0x0000000607400000| PB 0x0000000607400000| Untracked 
|  30|0x0000000607800000, 0x0000000607800000, 0x0000000607c00000|  0%| F|  |TAMS 0x0000000607800000| PB 0x0000000607800000| Untracked 
|  31|0x0000000607c00000, 0x0000000607c00000, 0x0000000608000000|  0%| F|  |TAMS 0x0000000607c00000| PB 0x0000000607c00000| Untracked 
|  32|0x0000000608000000, 0x0000000608400000, 0x0000000608400000|100%| S|CS|TAMS 0x0000000608000000| PB 0x0000000608000000| Complete 
|  33|0x0000000608400000, 0x0000000608800000, 0x0000000608800000|100%| S|CS|TAMS 0x0000000608400000| PB 0x0000000608400000| Complete 
|  34|0x0000000608800000, 0x0000000608c00000, 0x0000000608c00000|100%| S|CS|TAMS 0x0000000608800000| PB 0x0000000608800000| Complete 
|  35|0x0000000608c00000, 0x0000000608c00000, 0x0000000609000000|  0%| F|  |TAMS 0x0000000608c00000| PB 0x0000000608c00000| Untracked 
|  36|0x0000000609000000, 0x0000000609000000, 0x0000000609400000|  0%| F|  |TAMS 0x0000000609000000| PB 0x0000000609000000| Untracked 
|  37|0x0000000609400000, 0x0000000609400000, 0x0000000609800000|  0%| F|  |TAMS 0x0000000609400000| PB 0x0000000609400000| Untracked 
|  38|0x0000000609800000, 0x0000000609800000, 0x0000000609c00000|  0%| F|  |TAMS 0x0000000609800000| PB 0x0000000609800000| Untracked 
|  39|0x0000000609c00000, 0x0000000609c00000, 0x000000060a000000|  0%| F|  |TAMS 0x0000000609c00000| PB 0x0000000609c00000| Untracked 
|  40|0x000000060a000000, 0x000000060a000000, 0x000000060a400000|  0%| F|  |TAMS 0x000000060a000000| PB 0x000000060a000000| Untracked 
|  41|0x000000060a400000, 0x000000060a400000, 0x000000060a800000|  0%| F|  |TAMS 0x000000060a400000| PB 0x000000060a400000| Untracked 
|  42|0x000000060a800000, 0x000000060aa91d50, 0x000000060ac00000| 64%| E|  |TAMS 0x000000060a800000| PB 0x000000060a800000| Complete 
|  43|0x000000060ac00000, 0x000000060b000000, 0x000000060b000000|100%| E|CS|TAMS 0x000000060ac00000| PB 0x000000060ac00000| Complete 
|  44|0x000000060b000000, 0x000000060b400000, 0x000000060b400000|100%| E|CS|TAMS 0x000000060b000000| PB 0x000000060b000000| Complete 
|  45|0x000000060b400000, 0x000000060b800000, 0x000000060b800000|100%| E|CS|TAMS 0x000000060b400000| PB 0x000000060b400000| Complete 
|  46|0x000000060b800000, 0x000000060bc00000, 0x000000060bc00000|100%| E|CS|TAMS 0x000000060b800000| PB 0x000000060b800000| Complete 
|  47|0x000000060bc00000, 0x000000060c000000, 0x000000060c000000|100%| E|CS|TAMS 0x000000060bc00000| PB 0x000000060bc00000| Complete 
|  48|0x000000060c000000, 0x000000060c400000, 0x000000060c400000|100%| E|CS|TAMS 0x000000060c000000| PB 0x000000060c000000| Complete 
|  49|0x000000060c400000, 0x000000060c800000, 0x000000060c800000|100%| E|CS|TAMS 0x000000060c400000| PB 0x000000060c400000| Complete 
|  50|0x000000060c800000, 0x000000060cc00000, 0x000000060cc00000|100%| E|CS|TAMS 0x000000060c800000| PB 0x000000060c800000| Complete 
|  51|0x000000060cc00000, 0x000000060d000000, 0x000000060d000000|100%| E|CS|TAMS 0x000000060cc00000| PB 0x000000060cc00000| Complete 
|  52|0x000000060d000000, 0x000000060d400000, 0x000000060d400000|100%| E|CS|TAMS 0x000000060d000000| PB 0x000000060d000000| Complete 
|2046|0x00000007ff800000, 0x00000007ffc00000, 0x00000007ffc00000|100%| E|CS|TAMS 0x00000007ff800000| PB 0x00000007ff800000| Complete 
|2047|0x00000007ffc00000, 0x0000000800000000, 0x0000000800000000|100%| O|  |TAMS 0x00000007ffc00000| PB 0x00000007ffc00000| Untracked 

Card table byte_map: [0x0000019ff6c10000,0x0000019ff7c10000] _byte_map_base: 0x0000019ff3c10000

Marking Bits: (CMBitMap*) 0x0000019fd29890a0
 Bits: [0x0000019ff7c10000, 0x0000019fffc10000)

Polling page: 0x0000019fd07e0000

Metaspace:

Usage:
  Non-class:     92.21 MB used.
      Class:     15.44 MB used.
       Both:    107.64 MB used.

Virtual space:
  Non-class space:      128.00 MB reserved,      93.62 MB ( 73%) committed,  2 nodes.
      Class space:        1.00 GB reserved,      16.81 MB (  2%) committed,  1 nodes.
             Both:        1.12 GB reserved,     110.44 MB ( 10%) committed. 

Chunk freelists:
   Non-Class:  2.39 MB
       Class:  15.23 MB
        Both:  17.62 MB

MaxMetaspaceSize: 4.00 GB
CompressedClassSpaceSize: 1.00 GB
Initial GC threshold: 21.00 MB
Current GC threshold: 183.06 MB
CDS: on
 - commit_granule_bytes: 65536.
 - commit_granule_words: 8192.
 - virtual_space_node_default_size: 8388608.
 - enlarge_chunks_in_place: 1.
 - use_allocation_guard: 0.


Internal statistics:

num_allocs_failed_limit: 6.
num_arena_births: 4994.
num_arena_deaths: 0.
num_vsnodes_births: 3.
num_vsnodes_deaths: 0.
num_space_committed: 1767.
num_space_uncommitted: 0.
num_chunks_returned_to_freelist: 6.
num_chunks_taken_from_freelist: 10497.
num_chunk_merges: 6.
num_chunk_splits: 6772.
num_chunks_enlarged: 4119.
num_inconsistent_stats: 0.

CodeHeap 'non-profiled nmethods': size=259264Kb used=8179Kb max_used=8179Kb free=251084Kb
 bounds [0x0000019fe5dc0000, 0x0000019fe65c0000, 0x0000019ff5af0000]
CodeHeap 'profiled nmethods': size=259264Kb used=25793Kb max_used=25793Kb free=233470Kb
 bounds [0x0000019fd5af0000, 0x0000019fd7430000, 0x0000019fe5820000]
CodeHeap 'non-nmethods': size=5760Kb used=2781Kb max_used=2848Kb free=2978Kb
 bounds [0x0000019fe5820000, 0x0000019fe5b00000, 0x0000019fe5dc0000]
CodeCache: size=524288Kb, used=36753Kb, max_used=36820Kb, free=487532Kb
 total_blobs=14080, nmethods=13045, adapters=939, full_count=0
Compilation: enabled, stopped_count=0, restarted_count=0

Compilation events (20 events):
Event: 133.360 Thread 0x0000019f82308550 nmethod 15340 0x0000019fd741c110 code [0x0000019fd741c2e0, 0x0000019fd741c700]
Event: 133.360 Thread 0x0000019f82308550 15341       3       org.gradle.internal.component.external.model.UrlBackedArtifactMetadata::getName (55 bytes)
Event: 133.360 Thread 0x0000019f82308550 nmethod 15341 0x0000019fd741c810 code [0x0000019fd741ca40, 0x0000019fd741d480]
Event: 133.368 Thread 0x0000019f822a09c0 nmethod 15318 0x0000019fe65b9c10 code [0x0000019fe65b9f20, 0x0000019fe65baf18]
Event: 133.368 Thread 0x0000019f822a09c0 15337       4       org.gradle.internal.model.InMemoryCacheFactory$DefaultLoadingCache::get (32 bytes)
Event: 133.375 Thread 0x0000019f822a09c0 nmethod 15337 0x0000019fe65bbe10 code [0x0000019fe65bc000, 0x0000019fe65bc4c0]
Event: 134.056 Thread 0x0000019f82308550 15343       3       java.util.concurrent.ScheduledThreadPoolExecutor$ScheduledFutureTask::getDelay (16 bytes)
Event: 134.057 Thread 0x0000019f82308550 nmethod 15343 0x0000019fd741d710 code [0x0000019fd741d8c0, 0x0000019fd741da58]
Event: 134.705 Thread 0x0000019f82308550 15344       3       org.gradle.internal.watch.registry.impl.HierarchicalFileWatcherUpdater$$Lambda/0x0000019f8445bc80::test (16 bytes)
Event: 134.706 Thread 0x0000019f82308550 nmethod 15344 0x0000019fd741db10 code [0x0000019fd741dd00, 0x0000019fd741e250]
Event: 134.706 Thread 0x0000019f82308550 15345       3       org.gradle.internal.watch.registry.impl.HierarchicalFileWatcherUpdater::lambda$handleVirtualFileSystemContentsChanged$0 (34 bytes)
Event: 134.706 Thread 0x0000019f82308550 nmethod 15345 0x0000019fd741e410 code [0x0000019fd741e5e0, 0x0000019fd741e9f8]
Event: 134.709 Thread 0x0000019f822a09c0 15346   !   4       org.gradle.launcher.daemon.server.exec.DaemonConnectionBackedEventConsumer$ForwardEvents::dispatchEvent (26 bytes)
Event: 134.712 Thread 0x0000019f822a09c0 nmethod 15346 0x0000019fe65bc890 code [0x0000019fe65bca40, 0x0000019fe65bcc58]
Event: 134.715 Thread 0x0000019f82308550 15347       3       org.gradle.api.internal.artifacts.transform.TransformingAsyncArtifactListener$TransformedArtifact::createInvocation (91 bytes)
Event: 134.717 Thread 0x0000019f82308550 nmethod 15347 0x0000019fd741eb90 code [0x0000019fd741ee40, 0x0000019fd741fcf8]
Event: 134.718 Thread 0x0000019f82308550 15348       3       org.gradle.api.internal.artifacts.ivyservice.resolveengine.artifact.EndCollection::startFinalization (1 bytes)
Event: 134.718 Thread 0x0000019f82308550 nmethod 15348 0x0000019fd7420210 code [0x0000019fd74203a0, 0x0000019fd74204a8]
Event: 134.720 Thread 0x0000019f822a09c0 15349       4       org.gradle.internal.snapshot.AbstractListChildMap::withReplacedChild (78 bytes)
Event: 134.724 Thread 0x0000019f82308550 15351       3       org.gradle.internal.file.FileHierarchySet$PrefixFileSet::contains (13 bytes)

GC Heap History (20 events):
Event: 106.464 GC heap before
{Heap before GC invocations=42 (full 0):
 garbage-first heap   total 159744K, used 133207K [0x0000000600000000, 0x0000000800000000)
  region size 4096K, 11 young (45056K), 2 survivors (8192K)
 Metaspace       used 83876K, committed 86272K, reserved 1179648K
  class space    used 12123K, committed 13312K, reserved 1048576K
}
Event: 106.473 GC heap after
{Heap after GC invocations=43 (full 0):
 garbage-first heap   total 159744K, used 101616K [0x0000000600000000, 0x0000000800000000)
  region size 4096K, 1 young (4096K), 1 survivors (4096K)
 Metaspace       used 83876K, committed 86272K, reserved 1179648K
  class space    used 12123K, committed 13312K, reserved 1048576K
}
Event: 108.341 GC heap before
{Heap before GC invocations=44 (full 0):
 garbage-first heap   total 172032K, used 134384K [0x0000000600000000, 0x0000000800000000)
  region size 4096K, 10 young (40960K), 1 survivors (4096K)
 Metaspace       used 86868K, committed 89408K, reserved 1179648K
  class space    used 12431K, committed 13696K, reserved 1048576K
}
Event: 108.347 GC heap after
{Heap after GC invocations=45 (full 0):
 garbage-first heap   total 172032K, used 103101K [0x0000000600000000, 0x0000000800000000)
  region size 4096K, 2 young (8192K), 2 survivors (8192K)
 Metaspace       used 86868K, committed 89408K, reserved 1179648K
  class space    used 12431K, committed 13696K, reserved 1048576K
}
Event: 112.053 GC heap before
{Heap before GC invocations=45 (full 0):
 garbage-first heap   total 172032K, used 148157K [0x0000000600000000, 0x0000000800000000)
  region size 4096K, 14 young (57344K), 2 survivors (8192K)
 Metaspace       used 89284K, committed 91776K, reserved 1179648K
  class space    used 12790K, committed 14016K, reserved 1048576K
}
Event: 112.067 GC heap after
{Heap after GC invocations=46 (full 0):
 garbage-first heap   total 172032K, used 108706K [0x0000000600000000, 0x0000000800000000)
  region size 4096K, 2 young (8192K), 2 survivors (8192K)
 Metaspace       used 89284K, committed 91776K, reserved 1179648K
  class space    used 12790K, committed 14016K, reserved 1048576K
}
Event: 115.495 GC heap before
{Heap before GC invocations=46 (full 0):
 garbage-first heap   total 172032K, used 149666K [0x0000000600000000, 0x0000000800000000)
  region size 4096K, 12 young (49152K), 2 survivors (8192K)
 Metaspace       used 92330K, committed 94848K, reserved 1179648K
  class space    used 13211K, committed 14464K, reserved 1048576K
}
Event: 115.504 GC heap after
{Heap after GC invocations=47 (full 0):
 garbage-first heap   total 172032K, used 112048K [0x0000000600000000, 0x0000000800000000)
  region size 4096K, 1 young (4096K), 1 survivors (4096K)
 Metaspace       used 92330K, committed 94848K, reserved 1179648K
  class space    used 13211K, committed 14464K, reserved 1048576K
}
Event: 118.225 GC heap before
{Heap before GC invocations=48 (full 0):
 garbage-first heap   total 192512K, used 153008K [0x0000000600000000, 0x0000000800000000)
  region size 4096K, 11 young (45056K), 1 survivors (4096K)
 Metaspace       used 93823K, committed 96320K, reserved 1179648K
  class space    used 13403K, committed 14656K, reserved 1048576K
}
Event: 118.235 GC heap after
{Heap after GC invocations=49 (full 0):
 garbage-first heap   total 192512K, used 116446K [0x0000000600000000, 0x0000000800000000)
  region size 4096K, 2 young (8192K), 2 survivors (8192K)
 Metaspace       used 93823K, committed 96320K, reserved 1179648K
  class space    used 13403K, committed 14656K, reserved 1048576K
}
Event: 120.870 GC heap before
{Heap before GC invocations=49 (full 0):
 garbage-first heap   total 192512K, used 173790K [0x0000000600000000, 0x0000000800000000)
  region size 4096K, 16 young (65536K), 2 survivors (8192K)
 Metaspace       used 98131K, committed 100672K, reserved 1179648K
  class space    used 14136K, committed 15424K, reserved 1048576K
}
Event: 120.881 GC heap after
{Heap after GC invocations=50 (full 0):
 garbage-first heap   total 192512K, used 116924K [0x0000000600000000, 0x0000000800000000)
  region size 4096K, 1 young (4096K), 1 survivors (4096K)
 Metaspace       used 98131K, committed 100672K, reserved 1179648K
  class space    used 14136K, committed 15424K, reserved 1048576K
}
Event: 122.612 GC heap before
{Heap before GC invocations=50 (full 0):
 garbage-first heap   total 192512K, used 170172K [0x0000000600000000, 0x0000000800000000)
  region size 4096K, 14 young (57344K), 1 survivors (4096K)
 Metaspace       used 101845K, committed 104448K, reserved 1179648K
  class space    used 14640K, committed 15936K, reserved 1048576K
}
Event: 122.619 GC heap after
{Heap after GC invocations=51 (full 0):
 garbage-first heap   total 192512K, used 118856K [0x0000000600000000, 0x0000000800000000)
  region size 4096K, 1 young (4096K), 1 survivors (4096K)
 Metaspace       used 101845K, committed 104448K, reserved 1179648K
  class space    used 14640K, committed 15936K, reserved 1048576K
}
Event: 124.388 GC heap before
{Heap before GC invocations=52 (full 0):
 garbage-first heap   total 204800K, used 176200K [0x0000000600000000, 0x0000000800000000)
  region size 4096K, 15 young (61440K), 1 survivors (4096K)
 Metaspace       used 104665K, committed 107264K, reserved 1179648K
  class space    used 15048K, committed 16320K, reserved 1048576K
}
Event: 124.401 GC heap after
{Heap after GC invocations=53 (full 0):
 garbage-first heap   total 204800K, used 123690K [0x0000000600000000, 0x0000000800000000)
  region size 4096K, 2 young (8192K), 2 survivors (8192K)
 Metaspace       used 104665K, committed 107264K, reserved 1179648K
  class space    used 15048K, committed 16320K, reserved 1048576K
}
Event: 125.869 GC heap before
{Heap before GC invocations=53 (full 0):
 garbage-first heap   total 204800K, used 181034K [0x0000000600000000, 0x0000000800000000)
  region size 4096K, 17 young (69632K), 2 survivors (8192K)
 Metaspace       used 107418K, committed 110144K, reserved 1179648K
  class space    used 15402K, committed 16704K, reserved 1048576K
}
Event: 125.892 GC heap after
{Heap after GC invocations=54 (full 0):
 garbage-first heap   total 204800K, used 126561K [0x0000000600000000, 0x0000000800000000)
  region size 4096K, 3 young (12288K), 3 survivors (12288K)
 Metaspace       used 107418K, committed 110144K, reserved 1179648K
  class space    used 15402K, committed 16704K, reserved 1048576K
}
Event: 128.572 GC heap before
{Heap before GC invocations=54 (full 0):
 garbage-first heap   total 204800K, used 183905K [0x0000000600000000, 0x0000000800000000)
  region size 4096K, 17 young (69632K), 3 survivors (12288K)
 Metaspace       used 109590K, committed 112448K, reserved 1179648K
  class space    used 15753K, committed 17152K, reserved 1048576K
}
Event: 128.631 GC heap after
{Heap after GC invocations=55 (full 0):
 garbage-first heap   total 204800K, used 134531K [0x0000000600000000, 0x0000000800000000)
  region size 4096K, 3 young (12288K), 3 survivors (12288K)
 Metaspace       used 109590K, committed 112448K, reserved 1179648K
  class space    used 15753K, committed 17152K, reserved 1048576K
}

Dll operation events (14 events):
Event: 0.135 Loaded shared library C:\Users\HP\.vscode\extensions\redhat.java-1.55.0-win32-x64\jre\21.0.11-win32-x86_64\bin\java.dll
Event: 1.500 Loaded shared library C:\Users\HP\.vscode\extensions\redhat.java-1.55.0-win32-x64\jre\21.0.11-win32-x86_64\bin\zip.dll
Event: 1.699 Loaded shared library C:\Users\HP\.vscode\extensions\redhat.java-1.55.0-win32-x64\jre\21.0.11-win32-x86_64\bin\instrument.dll
Event: 1.752 Loaded shared library C:\Users\HP\.vscode\extensions\redhat.java-1.55.0-win32-x64\jre\21.0.11-win32-x86_64\bin\net.dll
Event: 1.782 Loaded shared library C:\Users\HP\.vscode\extensions\redhat.java-1.55.0-win32-x64\jre\21.0.11-win32-x86_64\bin\nio.dll
Event: 1.790 Loaded shared library C:\Users\HP\.vscode\extensions\redhat.java-1.55.0-win32-x64\jre\21.0.11-win32-x86_64\bin\zip.dll
Event: 3.920 Loaded shared library C:\Users\HP\.vscode\extensions\redhat.java-1.55.0-win32-x64\jre\21.0.11-win32-x86_64\bin\jimage.dll
Event: 5.731 Loaded shared library C:\Users\HP\.vscode\extensions\redhat.java-1.55.0-win32-x64\jre\21.0.11-win32-x86_64\bin\verify.dll
Event: 5.904 Loaded shared library D:\Gradle\native\1def1411415f61bf3af743bc5b6707747c0891f09f0c88961ee8f79bc544acac\windows-amd64\native-platform.dll
Event: 5.941 Loaded shared library D:\Gradle\native\0.2.8\x86_64-windows-gnu\gradle-fileevents.dll
Event: 9.945 Loaded shared library C:\Users\HP\.vscode\extensions\redhat.java-1.55.0-win32-x64\jre\21.0.11-win32-x86_64\bin\management.dll
Event: 9.959 Loaded shared library C:\Users\HP\.vscode\extensions\redhat.java-1.55.0-win32-x64\jre\21.0.11-win32-x86_64\bin\management_ext.dll
Event: 10.319 Loaded shared library C:\Users\HP\.vscode\extensions\redhat.java-1.55.0-win32-x64\jre\21.0.11-win32-x86_64\bin\extnet.dll
Event: 10.926 Loaded shared library C:\Users\HP\.vscode\extensions\redhat.java-1.55.0-win32-x64\jre\21.0.11-win32-x86_64\bin\sunmscapi.dll

Deoptimization events (20 events):
Event: 133.238 Thread 0x0000019fcd9bd570 DEOPT PACKING pc=0x0000019fd624e26e sp=0x000000939cbfd420
Event: 133.238 Thread 0x0000019fcd9bd570 DEOPT UNPACKING pc=0x0000019fe5874bc2 sp=0x000000939cbfc9a0 mode 0
Event: 133.251 Thread 0x0000019fcd9bc850 DEOPT PACKING pc=0x0000019fd624e26e sp=0x000000939ccfda80
Event: 133.251 Thread 0x0000019fcd9bc850 DEOPT UNPACKING pc=0x0000019fe5874bc2 sp=0x000000939ccfd000 mode 0
Event: 134.698 Thread 0x0000019fc8dd5310 Uncommon trap: trap_request=0xffffffde fr.pc=0x0000019fe61d7018 relative=0x0000000000007698
Event: 134.698 Thread 0x0000019fc8dd5310 Uncommon trap: reason=class_check action=maybe_recompile pc=0x0000019fe61d7018 method=org.gradle.internal.snapshot.AbstractListChildMap.store(Lorg/gradle/internal/snapshot/VfsRelativePath;Lorg/gradle/internal/snapshot/CaseSensitivity;Lorg/gradle/internal/
Event: 134.698 Thread 0x0000019fc8dd5310 DEOPT PACKING pc=0x0000019fe61d7018 sp=0x00000093991f3c80
Event: 134.698 Thread 0x0000019fc8dd5310 DEOPT UNPACKING pc=0x0000019fe5874422 sp=0x00000093991f3858 mode 2
Event: 134.699 Thread 0x0000019fc8dd5310 Uncommon trap: trap_request=0xffffffde fr.pc=0x0000019fe61d7018 relative=0x0000000000007698
Event: 134.699 Thread 0x0000019fc8dd5310 Uncommon trap: reason=class_check action=maybe_recompile pc=0x0000019fe61d7018 method=org.gradle.internal.snapshot.AbstractListChildMap.store(Lorg/gradle/internal/snapshot/VfsRelativePath;Lorg/gradle/internal/snapshot/CaseSensitivity;Lorg/gradle/internal/
Event: 134.699 Thread 0x0000019fc8dd5310 DEOPT PACKING pc=0x0000019fe61d7018 sp=0x00000093991f3c80
Event: 134.699 Thread 0x0000019fc8dd5310 DEOPT UNPACKING pc=0x0000019fe5874422 sp=0x00000093991f3858 mode 2
Event: 134.701 Thread 0x0000019fc8dd5310 Uncommon trap: trap_request=0xffffffde fr.pc=0x0000019fe61d7018 relative=0x0000000000007698
Event: 134.701 Thread 0x0000019fc8dd5310 Uncommon trap: reason=class_check action=maybe_recompile pc=0x0000019fe61d7018 method=org.gradle.internal.snapshot.AbstractListChildMap.store(Lorg/gradle/internal/snapshot/VfsRelativePath;Lorg/gradle/internal/snapshot/CaseSensitivity;Lorg/gradle/internal/
Event: 134.701 Thread 0x0000019fc8dd5310 DEOPT PACKING pc=0x0000019fe61d7018 sp=0x00000093991f3c80
Event: 134.701 Thread 0x0000019fc8dd5310 DEOPT UNPACKING pc=0x0000019fe5874422 sp=0x00000093991f3858 mode 2
Event: 134.703 Thread 0x0000019fc8dd5310 Uncommon trap: trap_request=0xffffffde fr.pc=0x0000019fe61d7018 relative=0x0000000000007698
Event: 134.703 Thread 0x0000019fc8dd5310 Uncommon trap: reason=class_check action=maybe_recompile pc=0x0000019fe61d7018 method=org.gradle.internal.snapshot.AbstractListChildMap.store(Lorg/gradle/internal/snapshot/VfsRelativePath;Lorg/gradle/internal/snapshot/CaseSensitivity;Lorg/gradle/internal/
Event: 134.703 Thread 0x0000019fc8dd5310 DEOPT PACKING pc=0x0000019fe61d7018 sp=0x00000093991f3c80
Event: 134.703 Thread 0x0000019fc8dd5310 DEOPT UNPACKING pc=0x0000019fe5874422 sp=0x00000093991f3858 mode 2

Classes loaded (20 events):
Event: 127.793 Loading class java/io/LineNumberReader
Event: 127.793 Loading class java/io/LineNumberReader done
Event: 127.803 Loading class java/util/regex/PatternBeanInfo
Event: 127.803 Loading class java/util/regex/PatternBeanInfo done
Event: 127.803 Loading class java/util/regex/PatternBeanInfo
Event: 127.803 Loading class java/util/regex/PatternBeanInfo done
Event: 127.803 Loading class java/util/regex/PatternCustomizer
Event: 127.803 Loading class java/util/regex/PatternCustomizer done
Event: 127.804 Loading class java/util/regex/PatternCustomizer
Event: 127.804 Loading class java/util/regex/PatternCustomizer done
Event: 127.809 Loading class java/util/regex/MatcherBeanInfo
Event: 127.809 Loading class java/util/regex/MatcherBeanInfo done
Event: 127.809 Loading class java/util/regex/MatcherBeanInfo
Event: 127.809 Loading class java/util/regex/MatcherBeanInfo done
Event: 127.809 Loading class java/util/regex/MatcherCustomizer
Event: 127.809 Loading class java/util/regex/MatcherCustomizer done
Event: 127.809 Loading class java/util/regex/MatcherCustomizer
Event: 127.810 Loading class java/util/regex/MatcherCustomizer done
Event: 127.810 Loading class java/beans/ParameterDescriptor
Event: 127.812 Loading class java/beans/ParameterDescriptor done

Classes unloaded (0 events):
No events

Classes redefined (0 events):
No events

Internal exceptions (20 events):
Event: 127.804 Thread 0x0000019fc8dd5310 Exception <a 'java/lang/ClassNotFoundException'{0x0000000609c2fa80}: java/util/regex/PatternCustomizer> (0x0000000609c2fa80) 
thrown [s\src\hotspot\share\classfile\systemDictionary.cpp, line 313]
Event: 127.805 Thread 0x0000019fc8dd5310 Exception <a 'java/lang/NoSuchMethodError'{0x0000000609c44570}: 'int java.lang.invoke.Invokers$Holder.invokeExact_MT(java.lang.Object, java.lang.Object)'> (0x0000000609c44570) 
thrown [s\src\hotspot\share\interpreter\linkResolver.cpp, line 773]
Event: 127.809 Thread 0x0000019fc8dd5310 Exception <a 'java/lang/ClassNotFoundException'{0x0000000609c776d0}: java/util/regex/MatcherBeanInfo> (0x0000000609c776d0) 
thrown [s\src\hotspot\share\classfile\systemDictionary.cpp, line 313]
Event: 127.810 Thread 0x0000019fc8dd5310 Exception <a 'java/lang/ClassNotFoundException'{0x0000000609c7f028}: java/util/regex/MatcherCustomizer> (0x0000000609c7f028) 
thrown [s\src\hotspot\share\classfile\systemDictionary.cpp, line 313]
Event: 127.814 Thread 0x0000019fc8dd5310 Exception <a 'java/lang/NoSuchMethodError'{0x0000000609c9faf8}: 'java.lang.Object java.lang.invoke.DirectMethodHandle$Holder.invokeInterface(java.lang.Object, java.lang.Object, int)'> (0x0000000609c9faf8) 
thrown [s\src\hotspot\share\interpreter\linkResolver.cpp, line 773]
Event: 127.864 Thread 0x0000019fc8dd5310 Exception <a 'java/lang/NoSuchMethodError'{0x0000000609e041d0}: 'java.lang.Object java.lang.invoke.DirectMethodHandle$Holder.invokeStatic(java.lang.Object, java.lang.Object, int, java.lang.Object, int)'> (0x0000000609e041d0) 
thrown [s\src\hotspot\share\interpreter\linkResolver.cpp, line 773]
Event: 128.545 Thread 0x0000019fc8dd5310 Exception <a 'java/lang/ClassNotFoundException'{0x0000000608fad850}: com/android/build/gradle/internal/api/LibraryVariantOutputImpl_DecoratedBeanInfo> (0x0000000608fad850) 
thrown [s\src\hotspot\share\classfile\systemDictionary.cpp, line 313]
Event: 128.970 Thread 0x0000019fc8dd5310 Exception <a 'java/lang/ClassNotFoundException'{0x00000007ff805308}: com/android/build/gradle/internal/api/LibraryVariantOutputImplBeanInfo> (0x00000007ff805308) 
thrown [s\src\hotspot\share\classfile\systemDictionary.cpp, line 313]
Event: 128.972 Thread 0x0000019fc8dd5310 Exception <a 'java/lang/ClassNotFoundException'{0x00000007ff819f10}: com/android/build/gradle/internal/api/LibraryVariantOutputImplCustomizer> (0x00000007ff819f10) 
thrown [s\src\hotspot\share\classfile\systemDictionary.cpp, line 313]
Event: 128.973 Thread 0x0000019fc8dd5310 Exception <a 'java/lang/ClassNotFoundException'{0x00000007ff830158}: com/android/build/gradle/internal/api/LibraryVariantOutputImpl_DecoratedCustomizer> (0x00000007ff830158) 
thrown [s\src\hotspot\share\classfile\systemDictionary.cpp, line 313]
Event: 129.814 Thread 0x0000019fc8dd5310 Exception <a 'java/lang/ClassNotFoundException'{0x000000060cc9c0f8}: build_c4glbf0vnwqc287d4kl8pq9iqBeanInfo> (0x000000060cc9c0f8) 
thrown [s\src\hotspot\share\classfile\systemDictionary.cpp, line 313]
Event: 129.816 Thread 0x0000019fc8dd5310 Exception <a 'java/lang/ClassNotFoundException'{0x000000060cca3ea8}: build_c4glbf0vnwqc287d4kl8pq9iqCustomizer> (0x000000060cca3ea8) 
thrown [s\src\hotspot\share\classfile\systemDictionary.cpp, line 313]
Event: 129.906 Thread 0x0000019fc8dd5310 Exception <a 'java/lang/ClassNotFoundException'{0x000000060cd3b770}: build_c4glbf0vnwqc287d4kl8pq9iqBeanInfo> (0x000000060cd3b770) 
thrown [s\src\hotspot\share\classfile\systemDictionary.cpp, line 313]
Event: 129.906 Thread 0x0000019fc8dd5310 Exception <a 'java/lang/ClassNotFoundException'{0x000000060cd42f58}: build_c4glbf0vnwqc287d4kl8pq9iqCustomizer> (0x000000060cd42f58) 
thrown [s\src\hotspot\share\classfile\systemDictionary.cpp, line 313]
Event: 130.067 Thread 0x0000019fc8dd5310 Exception <a 'java/lang/ClassNotFoundException'{0x000000060ca170f8}: local_config_46jteegr9n9kfxr9of7iilc7fBeanInfo> (0x000000060ca170f8) 
thrown [s\src\hotspot\share\classfile\systemDictionary.cpp, line 313]
Event: 130.068 Thread 0x0000019fc8dd5310 Exception <a 'java/lang/ClassNotFoundException'{0x000000060ca20448}: local_config_46jteegr9n9kfxr9of7iilc7fCustomizer> (0x000000060ca20448) 
thrown [s\src\hotspot\share\classfile\systemDictionary.cpp, line 313]
Event: 130.168 Thread 0x0000019fc8dd5310 Exception <a 'java/lang/ClassNotFoundException'{0x000000060cb947b8}: build_c4glbf0vnwqc287d4kl8pq9iq$_run_closure2BeanInfo> (0x000000060cb947b8) 
thrown [s\src\hotspot\share\classfile\systemDictionary.cpp, line 313]
Event: 130.171 Thread 0x0000019fc8dd5310 Exception <a 'java/lang/ClassNotFoundException'{0x000000060cb9ec38}: build_c4glbf0vnwqc287d4kl8pq9iq$_run_closure2Customizer> (0x000000060cb9ec38) 
thrown [s\src\hotspot\share\classfile\systemDictionary.cpp, line 313]
Event: 130.354 Thread 0x0000019fc8dd5310 Exception <a 'java/lang/ClassNotFoundException'{0x000000060c479d90}: user_agent_dqqja4v3jqmfql3l6voiqvojgBeanInfo> (0x000000060c479d90) 
thrown [s\src\hotspot\share\classfile\systemDictionary.cpp, line 313]
Event: 130.354 Thread 0x0000019fc8dd5310 Exception <a 'java/lang/ClassNotFoundException'{0x000000060c483048}: user_agent_dqqja4v3jqmfql3l6voiqvojgCustomizer> (0x000000060c483048) 
thrown [s\src\hotspot\share\classfile\systemDictionary.cpp, line 313]

ZGC Phase Switch (0 events):
No events

VM Operations (20 events):
Event: 127.790 Executing non-safepoint VM operation: HandshakeAllThreads (Deoptimize)
Event: 127.790 Executing non-safepoint VM operation: HandshakeAllThreads (Deoptimize) done
Event: 127.794 Executing non-safepoint VM operation: HandshakeAllThreads (Deoptimize)
Event: 127.794 Executing non-safepoint VM operation: HandshakeAllThreads (Deoptimize) done
Event: 128.552 Executing safepoint VM operation: G1CollectForAllocation (G1 Evacuation Pause)
Event: 128.631 Executing safepoint VM operation: G1CollectForAllocation (G1 Evacuation Pause) done
Event: 129.067 Executing safepoint VM operation: G1PauseRemark
Event: 129.082 Executing safepoint VM operation: G1PauseRemark done
Event: 129.214 Executing safepoint VM operation: G1PauseCleanup
Event: 129.258 Executing safepoint VM operation: G1PauseCleanup done
Event: 130.271 Executing safepoint VM operation: Cleanup
Event: 130.271 Executing safepoint VM operation: Cleanup done
Event: 131.275 Executing safepoint VM operation: Cleanup
Event: 131.275 Executing safepoint VM operation: Cleanup done
Event: 132.285 Executing safepoint VM operation: Cleanup
Event: 132.285 Executing safepoint VM operation: Cleanup done
Event: 133.286 Executing safepoint VM operation: Cleanup
Event: 133.300 Executing safepoint VM operation: Cleanup done
Event: 134.303 Executing safepoint VM operation: Cleanup
Event: 134.303 Executing safepoint VM operation: Cleanup done

Memory protections (0 events):
No events

Nmethod flushes (20 events):
Event: 129.081 Thread 0x0000019f8227d100 flushing  nmethod 0x0000019fd6257590
Event: 129.081 Thread 0x0000019f8227d100 flushing  nmethod 0x0000019fd6259d10
Event: 129.081 Thread 0x0000019f8227d100 flushing  nmethod 0x0000019fd629cd10
Event: 129.081 Thread 0x0000019f8227d100 flushing  nmethod 0x0000019fd6357610
Event: 129.081 Thread 0x0000019f8227d100 flushing  nmethod 0x0000019fd635d590
Event: 129.081 Thread 0x0000019f8227d100 flushing  nmethod 0x0000019fd635e090
Event: 129.081 Thread 0x0000019f8227d100 flushing  nmethod 0x0000019fd6360890
Event: 129.081 Thread 0x0000019f8227d100 flushing  nmethod 0x0000019fd64ae590
Event: 129.081 Thread 0x0000019f8227d100 flushing  nmethod 0x0000019fd6531110
Event: 129.081 Thread 0x0000019f8227d100 flushing  nmethod 0x0000019fd65e7010
Event: 129.081 Thread 0x0000019f8227d100 flushing  nmethod 0x0000019fd66d4110
Event: 129.081 Thread 0x0000019f8227d100 flushing  nmethod 0x0000019fd66f1290
Event: 129.081 Thread 0x0000019f8227d100 flushing  nmethod 0x0000019fd67c3190
Event: 129.081 Thread 0x0000019f8227d100 flushing  nmethod 0x0000019fd67e5d10
Event: 129.081 Thread 0x0000019f8227d100 flushing  nmethod 0x0000019fd6906510
Event: 129.081 Thread 0x0000019f8227d100 flushing  nmethod 0x0000019fd6bc5f90
Event: 129.081 Thread 0x0000019f8227d100 flushing  nmethod 0x0000019fd6bc6710
Event: 129.081 Thread 0x0000019f8227d100 flushing  nmethod 0x0000019fd6c50090
Event: 129.081 Thread 0x0000019f8227d100 flushing  nmethod 0x0000019fd6df4b10
Event: 129.081 Thread 0x0000019f8227d100 flushing  nmethod 0x0000019fd7044910

Events (20 events):
Event: 83.191 Thread 0x0000019fca5f9f10 Thread added: 0x0000019fcb194a10
Event: 83.191 Thread 0x0000019fca5f9f10 Thread added: 0x0000019fcb193660
Event: 83.846 Thread 0x0000019fc8dd5310 Thread added: 0x0000019fcb197170
Event: 83.846 Thread 0x0000019fc8dd5310 Thread added: 0x0000019fcb197800
Event: 83.846 Thread 0x0000019fc8dd5310 Thread added: 0x0000019fcb198520
Event: 83.969 Thread 0x0000019fc8dd5310 Thread added: 0x0000019fcb191590
Event: 83.970 Thread 0x0000019fc8dd5310 Thread added: 0x0000019fcb198bb0
Event: 83.976 Thread 0x0000019fc8dd5310 Thread added: 0x0000019fcb191c20
Event: 86.458 Thread 0x0000019fc8dd5310 Thread added: 0x0000019fcb1922b0
Event: 86.460 Thread 0x0000019fc8dd5310 Thread added: 0x0000019fcc3a0a50
Event: 86.461 Thread 0x0000019fc8dd5310 Thread added: 0x0000019fcc3a10e0
Event: 111.300 Thread 0x0000019fc8dd5310 Thread added: 0x0000019fcc3a31b0
Event: 112.198 Thread 0x0000019fc8dd5310 Thread added: 0x0000019fcc3a3840
Event: 125.534 Thread 0x0000019fc8dd5310 Thread added: 0x0000019fcc4fd5d0
Event: 132.952 Thread 0x0000019fc8dd5310 Thread added: 0x0000019fcc4fbb90
Event: 132.953 Thread 0x0000019fc8dd5310 Thread added: 0x0000019fcd9bd570
Event: 132.953 Thread 0x0000019fc8dd5310 Thread added: 0x0000019fcd9bc850
Event: 134.699 Thread 0x0000019fc8dd5310 Thread added: 0x0000019fcd9bfcd0
Event: 134.700 Thread 0x0000019fc8dd5310 Thread added: 0x0000019fcd9ba780
Event: 134.702 Thread 0x0000019fc8dd5310 Thread added: 0x0000019fcd9be290


Dynamic libraries:
0x00007ff796330000 - 0x00007ff79633e000 	C:\Users\HP\.vscode\extensions\redhat.java-1.55.0-win32-x64\jre\21.0.11-win32-x86_64\bin\java.exe
0x00007fffbbf70000 - 0x00007fffbc168000 	C:\WINDOWS\SYSTEM32\ntdll.dll
0x00007fffba0c0000 - 0x00007fffba182000 	C:\WINDOWS\System32\KERNEL32.DLL
0x00007fffb9810000 - 0x00007fffb9b06000 	C:\WINDOWS\System32\KERNELBASE.dll
0x00007fffb9d80000 - 0x00007fffb9e80000 	C:\WINDOWS\System32\ucrtbase.dll
0x00007fff84500000 - 0x00007fff84518000 	C:\Users\HP\.vscode\extensions\redhat.java-1.55.0-win32-x64\jre\21.0.11-win32-x86_64\bin\jli.dll
0x00007fffbacf0000 - 0x00007fffbae91000 	C:\WINDOWS\System32\USER32.dll
0x00007fffb9b10000 - 0x00007fffb9b32000 	C:\WINDOWS\System32\win32u.dll
0x00007fffbb3c0000 - 0x00007fffbb3eb000 	C:\WINDOWS\System32\GDI32.dll
0x00007fffb9c30000 - 0x00007fffb9d49000 	C:\WINDOWS\System32\gdi32full.dll
0x00007fffb9b40000 - 0x00007fffb9bdd000 	C:\WINDOWS\System32\msvcp_win.dll
0x00007fff9c800000 - 0x00007fff9ca9b000 	C:\WINDOWS\WinSxS\amd64_microsoft.windows.common-controls_6595b64144ccf1df_6.0.19041.6456_none_60b8a6cb71f64256\COMCTL32.dll
0x00007fff8b6c0000 - 0x00007fff8b6de000 	C:\Users\HP\.vscode\extensions\redhat.java-1.55.0-win32-x64\jre\21.0.11-win32-x86_64\bin\VCRUNTIME140.dll
0x00007fffba410000 - 0x00007fffba4ae000 	C:\WINDOWS\System32\msvcrt.dll
0x00007fffb9ff0000 - 0x00007fffba01f000 	C:\WINDOWS\System32\IMM32.DLL
0x00007fffb0b90000 - 0x00007fffb0b9c000 	C:\Users\HP\.vscode\extensions\redhat.java-1.55.0-win32-x64\jre\21.0.11-win32-x86_64\bin\vcruntime140_1.dll
0x00007fff78680000 - 0x00007fff7870d000 	C:\Users\HP\.vscode\extensions\redhat.java-1.55.0-win32-x64\jre\21.0.11-win32-x86_64\bin\msvcp140.dll
0x00007fff4b2e0000 - 0x00007fff4c082000 	C:\Users\HP\.vscode\extensions\redhat.java-1.55.0-win32-x64\jre\21.0.11-win32-x86_64\bin\server\jvm.dll
0x00007fffba350000 - 0x00007fffba401000 	C:\WINDOWS\System32\ADVAPI32.dll
0x00007fffbb820000 - 0x00007fffbb8bf000 	C:\WINDOWS\System32\sechost.dll
0x00007fffbb8c0000 - 0x00007fffbb9e0000 	C:\WINDOWS\System32\RPCRT4.dll
0x00007fffb9d50000 - 0x00007fffb9d77000 	C:\WINDOWS\System32\bcrypt.dll
0x00007fffbac80000 - 0x00007fffbaceb000 	C:\WINDOWS\System32\WS2_32.dll
0x00007fffb9460000 - 0x00007fffb94ab000 	C:\WINDOWS\SYSTEM32\POWRPROF.dll
0x00007fffa4310000 - 0x00007fffa4337000 	C:\WINDOWS\SYSTEM32\WINMM.dll
0x00007fffacd40000 - 0x00007fffacd4a000 	C:\WINDOWS\SYSTEM32\VERSION.dll
0x00007fffb9440000 - 0x00007fffb9452000 	C:\WINDOWS\SYSTEM32\UMPDC.dll
0x00007fffb7e10000 - 0x00007fffb7e22000 	C:\WINDOWS\SYSTEM32\kernel.appcore.dll
0x00007fffb09a0000 - 0x00007fffb09aa000 	C:\Users\HP\.vscode\extensions\redhat.java-1.55.0-win32-x64\jre\21.0.11-win32-x86_64\bin\jimage.dll
0x00007fffb41b0000 - 0x00007fffb43b1000 	C:\WINDOWS\SYSTEM32\DBGHELP.DLL
0x00007fff95b00000 - 0x00007fff95b34000 	C:\WINDOWS\SYSTEM32\dbgcore.DLL
0x00007fffb9e80000 - 0x00007fffb9f02000 	C:\WINDOWS\System32\bcryptPrimitives.dll
0x00007fffa1800000 - 0x00007fffa180f000 	C:\Users\HP\.vscode\extensions\redhat.java-1.55.0-win32-x64\jre\21.0.11-win32-x86_64\bin\instrument.dll
0x00007fff84110000 - 0x00007fff84130000 	C:\Users\HP\.vscode\extensions\redhat.java-1.55.0-win32-x64\jre\21.0.11-win32-x86_64\bin\java.dll
0x00007fffba510000 - 0x00007fffbac80000 	C:\WINDOWS\System32\SHELL32.dll
0x00007fffb7620000 - 0x00007fffb7dc5000 	C:\WINDOWS\SYSTEM32\windows.storage.dll
0x00007fffbb9e0000 - 0x00007fffbbd34000 	C:\WINDOWS\System32\combase.dll
0x00007fffb8f50000 - 0x00007fffb8f7b000 	C:\WINDOWS\SYSTEM32\Wldp.dll
0x00007fffba190000 - 0x00007fffba25d000 	C:\WINDOWS\System32\OLEAUT32.dll
0x00007fffbbe80000 - 0x00007fffbbf2d000 	C:\WINDOWS\System32\SHCORE.dll
0x00007fffbb7c0000 - 0x00007fffbb81b000 	C:\WINDOWS\System32\shlwapi.dll
0x00007fffb9530000 - 0x00007fffb9554000 	C:\WINDOWS\SYSTEM32\profapi.dll
0x00007fff836a0000 - 0x00007fff836b8000 	C:\Users\HP\.vscode\extensions\redhat.java-1.55.0-win32-x64\jre\21.0.11-win32-x86_64\bin\zip.dll
0x00007fffaded0000 - 0x00007fffadee0000 	C:\Users\HP\.vscode\extensions\redhat.java-1.55.0-win32-x64\jre\21.0.11-win32-x86_64\bin\net.dll
0x00007fffab1b0000 - 0x00007fffab2ba000 	C:\WINDOWS\SYSTEM32\WINHTTP.dll
0x00007fffb8cb0000 - 0x00007fffb8d1a000 	C:\WINDOWS\system32\mswsock.dll
0x00007fff833b0000 - 0x00007fff833c6000 	C:\Users\HP\.vscode\extensions\redhat.java-1.55.0-win32-x64\jre\21.0.11-win32-x86_64\bin\nio.dll
0x00007fffa14b0000 - 0x00007fffa14c0000 	C:\Users\HP\.vscode\extensions\redhat.java-1.55.0-win32-x64\jre\21.0.11-win32-x86_64\bin\verify.dll
0x00007fff83f70000 - 0x00007fff83f97000 	D:\Gradle\native\1def1411415f61bf3af743bc5b6707747c0891f09f0c88961ee8f79bc544acac\windows-amd64\native-platform.dll
0x00007fff7f250000 - 0x00007fff7f2c7000 	D:\Gradle\native\0.2.8\x86_64-windows-gnu\gradle-fileevents.dll
0x00007fffa3120000 - 0x00007fffa312a000 	C:\Users\HP\.vscode\extensions\redhat.java-1.55.0-win32-x64\jre\21.0.11-win32-x86_64\bin\management.dll
0x00007fffa3110000 - 0x00007fffa311c000 	C:\Users\HP\.vscode\extensions\redhat.java-1.55.0-win32-x64\jre\21.0.11-win32-x86_64\bin\management_ext.dll
0x00007fffba020000 - 0x00007fffba028000 	C:\WINDOWS\System32\PSAPI.DLL
0x00007fffb8990000 - 0x00007fffb89cb000 	C:\WINDOWS\SYSTEM32\IPHLPAPI.DLL
0x00007fffbbd40000 - 0x00007fffbbd48000 	C:\WINDOWS\System32\NSI.dll
0x00007fffb27e0000 - 0x00007fffb27e9000 	C:\Users\HP\.vscode\extensions\redhat.java-1.55.0-win32-x64\jre\21.0.11-win32-x86_64\bin\extnet.dll
0x00007fffb8ea0000 - 0x00007fffb8eb8000 	C:\WINDOWS\SYSTEM32\CRYPTSP.dll
0x00007fffb85d0000 - 0x00007fffb8608000 	C:\WINDOWS\system32\rsaenh.dll
0x00007fffb94f0000 - 0x00007fffb951e000 	C:\WINDOWS\SYSTEM32\USERENV.dll
0x00007fffb8ec0000 - 0x00007fffb8ecc000 	C:\WINDOWS\SYSTEM32\CRYPTBASE.dll
0x00007fffb27f0000 - 0x00007fffb27fe000 	C:\Users\HP\.vscode\extensions\redhat.java-1.55.0-win32-x64\jre\21.0.11-win32-x86_64\bin\sunmscapi.dll
0x00007fffb9600000 - 0x00007fffb975d000 	C:\WINDOWS\System32\CRYPT32.dll
0x00007fffb8fc0000 - 0x00007fffb8fe7000 	C:\WINDOWS\SYSTEM32\ncrypt.dll
0x00007fffb8f80000 - 0x00007fffb8fbb000 	C:\WINDOWS\SYSTEM32\NTASN1.dll
0x00007fff8eda0000 - 0x00007fff8eda7000 	C:\WINDOWS\system32\wshunix.dll

JVMTI agents:
D:\Gradle\wrapper\dists\gradle-9.1.0-all\7wzd0jkjit61aq2p43wpjgij9\gradle-9.1.0\lib\agents\gradle-instrumentation-agent-9.1.0.jar path:C:\Users\HP\.vscode\extensions\redhat.java-1.55.0-win32-x64\jre\21.0.11-win32-x86_64\bin\instrument.dll, loaded, initialized, instrumentlib options:none

dbghelp: loaded successfully - version: 4.0.5 - missing functions: none
symbol engine: initialized successfully - sym options: 0x614 - pdb path: .;C:\Users\HP\.vscode\extensions\redhat.java-1.55.0-win32-x64\jre\21.0.11-win32-x86_64\bin;C:\WINDOWS\SYSTEM32;C:\WINDOWS\WinSxS\amd64_microsoft.windows.common-controls_6595b64144ccf1df_6.0.19041.6456_none_60b8a6cb71f64256;C:\Users\HP\.vscode\extensions\redhat.java-1.55.0-win32-x64\jre\21.0.11-win32-x86_64\bin\server;D:\Gradle\native\1def1411415f61bf3af743bc5b6707747c0891f09f0c88961ee8f79bc544acac\windows-amd64;D:\Gradle\native\0.2.8\x86_64-windows-gnu

VM Arguments:
jvm_args: --add-opens=java.base/java.lang=ALL-UNNAMED --add-opens=java.base/java.lang.invoke=ALL-UNNAMED --add-opens=java.base/java.util=ALL-UNNAMED --add-opens=java.prefs/java.util.prefs=ALL-UNNAMED --add-exports=jdk.compiler/com.sun.tools.javac.api=ALL-UNNAMED --add-exports=jdk.compiler/com.sun.tools.javac.util=ALL-UNNAMED --add-opens=java.base/java.util=ALL-UNNAMED --add-opens=java.prefs/java.util.prefs=ALL-UNNAMED --add-opens=java.base/java.nio.charset=ALL-UNNAMED --add-opens=java.base/java.net=ALL-UNNAMED --add-opens=java.base/java.util.concurrent=ALL-UNNAMED --add-opens=java.base/java.util.concurrent.atomic=ALL-UNNAMED --add-opens=java.xml/javax.xml.namespace=ALL-UNNAMED --add-opens=java.base/java.time=ALL-UNNAMED -XX:MaxMetaspaceSize=4G -XX:ReservedCodeCacheSize=512m -XX:+HeapDumpOnOutOfMemoryError -Xmx8G -Dfile.encoding=UTF-8 -Duser.country=US -Duser.language=en -Duser.variant -javaagent:D:\Gradle\wrapper\dists\gradle-9.1.0-all\7wzd0jkjit61aq2p43wpjgij9\gradle-9.1.0\lib\agents\gradle-instrumentation-agent-9.1.0.jar 
java_command: org.gradle.launcher.daemon.bootstrap.GradleDaemon 9.1.0
java_class_path (initial): D:\Gradle\wrapper\dists\gradle-9.1.0-all\7wzd0jkjit61aq2p43wpjgij9\gradle-9.1.0\lib\gradle-daemon-main-9.1.0.jar
Launcher Type: SUN_STANDARD

[Global flags]
     intx CICompilerCount                          = 3                                         {product} {ergonomic}
     uint ConcGCThreads                            = 1                                         {product} {ergonomic}
     uint G1ConcRefinementThreads                  = 4                                         {product} {ergonomic}
   size_t G1HeapRegionSize                         = 4194304                                   {product} {ergonomic}
    uintx GCDrainStackTargetSize                   = 64                                        {product} {ergonomic}
     bool HeapDumpOnOutOfMemoryError               = true                                   {manageable} {command line}
   size_t InitialHeapSize                          = 134217728                                 {product} {ergonomic}
   size_t MarkStackSize                            = 4194304                                   {product} {ergonomic}
   size_t MaxHeapSize                              = 8589934592                                {product} {command line}
   size_t MaxMetaspaceSize                         = 4294967296                                {product} {command line}
   size_t MaxNewSize                               = 5150605312                                {product} {ergonomic}
   size_t MinHeapDeltaBytes                        = 4194304                                   {product} {ergonomic}
   size_t MinHeapSize                              = 8388608                                   {product} {ergonomic}
    uintx NonNMethodCodeHeapSize                   = 5832780                                {pd product} {ergonomic}
    uintx NonProfiledCodeHeapSize                  = 265519066                              {pd product} {ergonomic}
    uintx ProfiledCodeHeapSize                     = 265519066                              {pd product} {ergonomic}
    uintx ReservedCodeCacheSize                    = 536870912                              {pd product} {command line}
     bool SegmentedCodeCache                       = true                                      {product} {ergonomic}
   size_t SoftMaxHeapSize                          = 8589934592                             {manageable} {ergonomic}
     bool UseCompressedOops                        = true                           {product lp64_product} {ergonomic}
     bool UseG1GC                                  = true                                      {product} {ergonomic}
     bool UseLargePagesIndividualAllocation        = false                                  {pd product} {ergonomic}

Logging:
Log output configuration:
 #0: stdout all=warning uptime,level,tags foldmultilines=false
 #1: stderr all=off uptime,level,tags foldmultilines=false

Release file:
JAVA_VERSION="21.0.11" 
MODULES="java.base java.compiler java.datatransfer java.xml java.prefs java.desktop java.instrument java.logging java.management java.security.sasl java.naming java.rmi java.management.rmi java.net.http java.scripting java.security.jgss java.transaction.xa java.sql java.sql.rowset java.xml.crypto java.se java.smartcardio jdk.accessibility jdk.internal.jvmstat jdk.attach jdk.charsets jdk.internal.opt jdk.zipfs jdk.compiler jdk.crypto.ec jdk.crypto.cryptoki jdk.crypto.mscapi jdk.dynalink jdk.internal.ed jdk.editpad jdk.hotspot.agent jdk.httpserver jdk.internal.le jdk.internal.vm.ci jdk.internal.vm.compiler jdk.internal.vm.compiler.management jdk.jartool jdk.javadoc jdk.jcmd jdk.management jdk.management.agent jdk.jconsole jdk.jdeps jdk.jdwp.agent jdk.jdi jdk.jfr jdk.jshell jdk.jsobject jdk.jstatd jdk.localedata jdk.management.jfr jdk.naming.dns jdk.naming.rmi jdk.net jdk.nio.mapmode jdk.random jdk.sctp jdk.security.auth jdk.security.jgss jdk.unsupported jdk.unsupported.desktop jdk.xml.dom" 

Environment Variables:
PATH=C:\Program Files\Common Files\Oracle\Java\javapath;C:\Program Files (x86)\Common Files\Intel\Shared Libraries\redist\intel64\compiler;C:\WINDOWS\system32;C:\WINDOWS;C:\WINDOWS\System32\Wbem;C:\WINDOWS\System32\WindowsPowerShell\v1.0\;C:\WINDOWS\System32\OpenSSH\;C:\Program Files\Git\cmd;C:\Users\HP\Desktop\flutter\bin;C:\Users\HP\AppData\Local\nvm;C:\nvm4w\nodejs;D:\xampp\php;C:\ProgramData\ComposerSetup\bin;D:\flutter\bin;D:\Oracle\Java\jdk-21.0.12\bin;D:\flutter\bin;C:\Users\HP\AppData\Local\Programs\Microsoft VS Code\bin;D:\JetBrains\IntelliJ IDEA 2026.2.0.1\bin
USERNAME=ADNARG
OS=Windows_NT
PROCESSOR_IDENTIFIER=Intel64 Family 6 Model 78 Stepping 3, GenuineIntel
TMP=D:\Temp
TEMP=D:\Temp




Periodic native trim disabled

---------------  S Y S T E M  ---------------

OS:
 Windows 10 , 64 bit Build 19041 (10.0.19041.5915)
OS uptime: 1 days 3:23 hours

CPU: total 4 (initial active 4) (2 cores per cpu, 2 threads per core) family 6 model 78 stepping 3 microcode 0xf0, cx8, cmov, fxsr, ht, mmx, 3dnowpref, sse, sse2, sse3, ssse3, sse4.1, sse4.2, popcnt, lzcnt, tsc, tscinvbit, avx, avx2, aes, erms, clmul, bmi1, bmi2, rtm, adx, fma, vzeroupper, clflush, clflushopt, rdtscp, f16c
Processor Information for the first 4 processors :
  Max Mhz: 2496, Current Mhz: 2396, Mhz Limit: 2396

Memory: 4k page, system-wide physical 8071M (234M free)
TotalPageFile size 19720M (AvailPageFile size 0M)
current process WorkingSet (physical memory assigned to process): 416M, peak: 444M
current process commit charge ("private bytes"): 526M, peak: 541M

vm_info: OpenJDK 64-Bit Server VM (21.0.11+10-LTS) for windows-amd64 JRE (21.0.11+10-LTS), built on 2026-04-21T00:00:00Z by "admin" with MS VC++ 17.12 (VS2022)

END.
